******************************************************************************
                  MSP430 Linker PC v4.0.0                      
******************************************************************************
>> Linked Sun May 12 23:23:20 2013

OUTPUT FILE NAME:   <tmote1.out>
ENTRY POINT SYMBOL: "_c_int00"  address: 0000486e


MEMORY CONFIGURATION

         name            origin    length      used     unused   attr    fill
----------------------  --------  ---------  --------  --------  ----  --------
  SFR                   00000000   00000010  00000000  00000010  RWIX
  PERIPHERALS_8BIT      00000010   000000f0  00000000  000000f0  RWIX
  PERIPHERALS_16BIT     00000100   00000100  00000000  00000100  RWIX
  INFOB                 00001000   00000080  00000000  00000080  RWIX
  INFOA                 00001080   00000080  00000000  00000080  RWIX
  RAM                   00001100   00002800  00000065  0000279b  RWIX
  FLASH                 00004000   0000bfe0  00000946  0000b69a  RWIX
  INT00                 0000ffe0   00000002  00000000  00000002  RWIX
  INT01                 0000ffe2   00000002  00000002  00000000  RWIX
  INT02                 0000ffe4   00000002  00000000  00000002  RWIX
  INT03                 0000ffe6   00000002  00000000  00000002  RWIX
  INT04                 0000ffe8   00000002  00000002  00000000  RWIX
  INT05                 0000ffea   00000002  00000000  00000002  RWIX
  INT06                 0000ffec   00000002  00000000  00000002  RWIX
  INT07                 0000ffee   00000002  00000000  00000002  RWIX
  INT08                 0000fff0   00000002  00000000  00000002  RWIX
  INT09                 0000fff2   00000002  00000000  00000002  RWIX
  INT10                 0000fff4   00000002  00000000  00000002  RWIX
  INT11                 0000fff6   00000002  00000000  00000002  RWIX
  INT12                 0000fff8   00000002  00000000  00000002  RWIX
  INT13                 0000fffa   00000002  00000000  00000002  RWIX
  INT14                 0000fffc   00000002  00000000  00000002  RWIX
  RESET                 0000fffe   00000002  00000002  00000000  RWIX


SECTION ALLOCATION MAP

 output                                  attributes/
section   page    origin      length       input sections
--------  ----  ----------  ----------   ----------------
.pinit     0    00004000    00000000     UNINITIALIZED

.bss       0    00001100    00000015     UNINITIALIZED
                  00001100    0000000c     blink.obj (.bss)
                  0000110c    00000004     rts430.lib : _lock.obj (.bss)
                  00001110    00000004                : boot.obj (.bss)
                  00001114    00000001     hal_TempCalculation.obj (.bss)

.stack     0    000038b0    00000050     UNINITIALIZED
                  000038b0    00000002     rts430.lib : boot.obj (.stack)
                  000038b2    0000004e     --HOLE--

.text      0    00004000    00000938     
                  00004000    000001da     blink.obj (.text:basicRfSendPacket)
                  000041da    0000018a     blink.obj (.text:basicRfInit)
                  00004364    00000130     rts430.lib : fs_add.obj (.text)
                  00004494    000000c2                : fs_mpy.obj (.text)
                  00004556    000000a2     blink.obj (.text:main)
                  000045f8    0000009a     rts430.lib : fs_div.obj (.text)
                  00004692    00000068                : fs_toi.obj (.text)
                  000046fa    0000004a                : fs_cmp.obj (.text)
                  00004744    00000046                : autoinit.obj (.text:_auto_init)
                  0000478a    00000042     hal_rf_set_channel.obj (.text:halRfSetChannel)
                  000047cc    00000038     blink.obj (.text:basicRfReceiveOn)
                  00004804    00000036     rts430.lib : fs_itof.obj (.text)
                  0000483a    00000034     hal_spi.obj (.text:halSpiInit)
                  0000486e    00000026     rts430.lib : boot.obj (.text:_c_int00_noexit)
                  00004894    00000024     blink.obj (.text:P2_ISR)
                  000048b8    00000024     hal_rf_wait_for_crystal_oscillator.obj (.text:halRfWaitForCrystalOscillator)
                  000048dc    0000001c     blink.obj (.text:InitP2_7)
                  000048f8    00000012     rts430.lib : memcpy.obj (.text:memcpy)
                  0000490a    00000010                : epilog.obj (.text)
                  0000491a    0000000c     blink.obj (.text:fifo_rx)
                  00004926    00000008     hal_wait.obj (.text:halWait)
                  0000492e    00000004     rts430.lib : pre_init.obj (.text:_system_pre_init)
                  00004932    00000004                : exit.obj (.text:abort)
                  00004936    00000002                : _lock.obj (.text:_nop)

.cinit     0    00004938    00000008     
                  00004938    00000005     blink.obj (.cinit)
                  0000493d    00000001     --HOLE-- [fill = 0]
                  0000493e    00000002     (.pad.cinit) [fill = 0]

.const     0    00004940    00000006     
                  00004940    00000006     blink.obj (.const)

.int01     0    0000ffe2    00000002     
                  0000ffe2    00000002     blink.obj (.int01)

.int04     0    0000ffe8    00000002     
                  0000ffe8    00000002     blink.obj (.int04)

.reset     0    0000fffe    00000002     
                  0000fffe    00000002     rts430.lib : boot.obj (.reset)


GLOBAL SYMBOLS: SORTED ALPHABETICALLY BY Name 

address    name
--------   ----
00001100   .bss
00004000   .text
000001a0   ADC12CTL0
000001a2   ADC12CTL1
000001a6   ADC12IE
000001a4   ADC12IFG
000001a8   ADC12IV
00000080   ADC12MCTL0
00000081   ADC12MCTL1
0000008a   ADC12MCTL10
0000008b   ADC12MCTL11
0000008c   ADC12MCTL12
0000008d   ADC12MCTL13
0000008e   ADC12MCTL14
0000008f   ADC12MCTL15
00000082   ADC12MCTL2
00000083   ADC12MCTL3
00000084   ADC12MCTL4
00000085   ADC12MCTL5
00000086   ADC12MCTL6
00000087   ADC12MCTL7
00000088   ADC12MCTL8
00000089   ADC12MCTL9
00000140   ADC12MEM0
00000142   ADC12MEM1
00000154   ADC12MEM10
00000156   ADC12MEM11
00000158   ADC12MEM12
0000015a   ADC12MEM13
0000015c   ADC12MEM14
0000015e   ADC12MEM15
00000144   ADC12MEM2
00000146   ADC12MEM3
00000148   ADC12MEM4
0000014a   ADC12MEM5
0000014c   ADC12MEM6
0000014e   ADC12MEM7
00000150   ADC12MEM8
00000152   ADC12MEM9
00000057   BCSCTL1
00000058   BCSCTL2
00004932   C$$EXIT
00000059   CACTL1
0000005a   CACTL2
0000005b   CAPD
000001c0   DAC12_0CTL
000001c8   DAC12_0DAT
000001c2   DAC12_1CTL
000001ca   DAC12_1DAT
00000056   DCOCTL
000001e0   DMA0CTL
000001e4   DMA0DA
000001e2   DMA0SA
000001e6   DMA0SZ
000001e8   DMA1CTL
000001ec   DMA1DA
000001ea   DMA1SA
000001ee   DMA1SZ
000001f0   DMA2CTL
000001f4   DMA2DA
000001f2   DMA2SA
000001f6   DMA2SZ
00000122   DMACTL0
00000124   DMACTL1
00000128   FCTL1
0000012a   FCTL2
0000012c   FCTL3
00000072   I2CDCTL
00000076   I2CDRB
00000076   I2CDRW
00000050   I2CIE
00000051   I2CIFG
0000011c   I2CIV
00000052   I2CNDAT
00000118   I2COA
00000073   I2CPSC
0000011a   I2CSA
00000074   I2CSCLH
00000075   I2CSCLL
00000071   I2CTCTL
00000000   IE1
00000001   IE2
00000002   IFG1
00000003   IFG2
000048dc   InitP2_7
00000134   MAC
00000136   MACS
00000004   ME1
00000005   ME2
00000130   MPY
00000132   MPYS
00000138   OP2
00000022   P1DIR
00000025   P1IE
00000024   P1IES
00000023   P1IFG
00000020   P1IN
00000021   P1OUT
00000026   P1SEL
0000002a   P2DIR
0000002d   P2IE
0000002c   P2IES
0000002b   P2IFG
00000028   P2IN
00000029   P2OUT
0000002e   P2SEL
00004894   P2_ISR
0000001a   P3DIR
00000018   P3IN
00000019   P3OUT
0000001b   P3SEL
0000001e   P4DIR
0000001c   P4IN
0000001d   P4OUT
0000001f   P4SEL
00000032   P5DIR
00000030   P5IN
00000031   P5OUT
00000033   P5SEL
00000036   P6DIR
00000034   P6IN
00000035   P6OUT
00000037   P6SEL
0000013c   RESHI
0000013a   RESLO
0000013e   SUMEXT
00000055   SVSCTL
00000172   TACCR0
00000174   TACCR1
00000176   TACCR2
00000162   TACCTL0
00000164   TACCTL1
00000166   TACCTL2
00000160   TACTL
0000012e   TAIV
00000170   TAR
00000192   TBCCR0
00000194   TBCCR1
00000196   TBCCR2
00000198   TBCCR3
0000019a   TBCCR4
0000019c   TBCCR5
0000019e   TBCCR6
00000182   TBCCTL0
00000184   TBCCTL1
00000186   TBCCTL2
00000188   TBCCTL3
0000018a   TBCCTL4
0000018c   TBCCTL5
0000018e   TBCCTL6
00000180   TBCTL
0000011e   TBIV
00000190   TBR
00000074   U0BR0
00000075   U0BR1
00000070   U0CTL
00000073   U0MCTL
00000072   U0RCTL
00000076   U0RXBUF
00000071   U0TCTL
00000077   U0TXBUF
0000007c   U1BR0
0000007d   U1BR1
00000078   U1CTL
0000007b   U1MCTL
0000007a   U1RCTL
0000007e   U1RXBUF
00000079   U1TCTL
0000007f   U1TXBUF
00000120   WDTCTL
00003900   __STACK_END
00000050   __STACK_SIZE
00000001   __TI_args_main
00000001   __TI_auto_init
00000001   __TI_exit
ffffffff   __binit__
00001100   __bss__
ffffffff   __c_args__
00004938   __cinit__
00001115   __end__
00004938   __etext__
0000436a   __fs_add
000046fa   __fs_cmp
000045f8   __fs_div
00004804   __fs_itof
00004494   __fs_mpy
00004364   __fs_sub
00004692   __fs_toi
ffffffff   __pinit__
00004000   __text__
00004744   _auto_init
0000486e   _c_int00
0000486e   _c_int00_noexit
00001110   _cleanup_ptr
00001112   _dtors_ptr
0000110c   _lock
00004936   _nop
0000fffe   _reset_vector
000038b0   _stack
0000492e   _system_pre_init
0000110e   _unlock
00004932   abort
000041da   basicRfInit
000047cc   basicRfReceiveOn
00004000   basicRfSendPacket
ffffffff   binit
00001100   bucleInicial
00004938   cinit
00001115   end
00004938   etext
0000491a   fifo_rx
00004916   func_epilog_1
00004914   func_epilog_2
00004912   func_epilog_3
00004910   func_epilog_4
0000490e   func_epilog_5
0000490c   func_epilog_6
0000490a   func_epilog_7
0000478a   halRfSetChannel
000048b8   halRfWaitForCrystalOscillator
0000483a   halSpiInit
00004926   halWait
00004556   main
000048f8   memcpy
ffffffff   pinit
00001102   rfSettings
00001114   spiStatusByte


GLOBAL SYMBOLS: SORTED BY Symbol Address 

address    name
--------   ----
00000000   IE1
00000001   IE2
00000001   __TI_args_main
00000001   __TI_auto_init
00000001   __TI_exit
00000002   IFG1
00000003   IFG2
00000004   ME1
00000005   ME2
00000018   P3IN
00000019   P3OUT
0000001a   P3DIR
0000001b   P3SEL
0000001c   P4IN
0000001d   P4OUT
0000001e   P4DIR
0000001f   P4SEL
00000020   P1IN
00000021   P1OUT
00000022   P1DIR
00000023   P1IFG
00000024   P1IES
00000025   P1IE
00000026   P1SEL
00000028   P2IN
00000029   P2OUT
0000002a   P2DIR
0000002b   P2IFG
0000002c   P2IES
0000002d   P2IE
0000002e   P2SEL
00000030   P5IN
00000031   P5OUT
00000032   P5DIR
00000033   P5SEL
00000034   P6IN
00000035   P6OUT
00000036   P6DIR
00000037   P6SEL
00000050   I2CIE
00000050   __STACK_SIZE
00000051   I2CIFG
00000052   I2CNDAT
00000055   SVSCTL
00000056   DCOCTL
00000057   BCSCTL1
00000058   BCSCTL2
00000059   CACTL1
0000005a   CACTL2
0000005b   CAPD
00000070   U0CTL
00000071   I2CTCTL
00000071   U0TCTL
00000072   I2CDCTL
00000072   U0RCTL
00000073   I2CPSC
00000073   U0MCTL
00000074   I2CSCLH
00000074   U0BR0
00000075   I2CSCLL
00000075   U0BR1
00000076   I2CDRB
00000076   I2CDRW
00000076   U0RXBUF
00000077   U0TXBUF
00000078   U1CTL
00000079   U1TCTL
0000007a   U1RCTL
0000007b   U1MCTL
0000007c   U1BR0
0000007d   U1BR1
0000007e   U1RXBUF
0000007f   U1TXBUF
00000080   ADC12MCTL0
00000081   ADC12MCTL1
00000082   ADC12MCTL2
00000083   ADC12MCTL3
00000084   ADC12MCTL4
00000085   ADC12MCTL5
00000086   ADC12MCTL6
00000087   ADC12MCTL7
00000088   ADC12MCTL8
00000089   ADC12MCTL9
0000008a   ADC12MCTL10
0000008b   ADC12MCTL11
0000008c   ADC12MCTL12
0000008d   ADC12MCTL13
0000008e   ADC12MCTL14
0000008f   ADC12MCTL15
00000118   I2COA
0000011a   I2CSA
0000011c   I2CIV
0000011e   TBIV
00000120   WDTCTL
00000122   DMACTL0
00000124   DMACTL1
00000128   FCTL1
0000012a   FCTL2
0000012c   FCTL3
0000012e   TAIV
00000130   MPY
00000132   MPYS
00000134   MAC
00000136   MACS
00000138   OP2
0000013a   RESLO
0000013c   RESHI
0000013e   SUMEXT
00000140   ADC12MEM0
00000142   ADC12MEM1
00000144   ADC12MEM2
00000146   ADC12MEM3
00000148   ADC12MEM4
0000014a   ADC12MEM5
0000014c   ADC12MEM6
0000014e   ADC12MEM7
00000150   ADC12MEM8
00000152   ADC12MEM9
00000154   ADC12MEM10
00000156   ADC12MEM11
00000158   ADC12MEM12
0000015a   ADC12MEM13
0000015c   ADC12MEM14
0000015e   ADC12MEM15
00000160   TACTL
00000162   TACCTL0
00000164   TACCTL1
00000166   TACCTL2
00000170   TAR
00000172   TACCR0
00000174   TACCR1
00000176   TACCR2
00000180   TBCTL
00000182   TBCCTL0
00000184   TBCCTL1
00000186   TBCCTL2
00000188   TBCCTL3
0000018a   TBCCTL4
0000018c   TBCCTL5
0000018e   TBCCTL6
00000190   TBR
00000192   TBCCR0
00000194   TBCCR1
00000196   TBCCR2
00000198   TBCCR3
0000019a   TBCCR4
0000019c   TBCCR5
0000019e   TBCCR6
000001a0   ADC12CTL0
000001a2   ADC12CTL1
000001a4   ADC12IFG
000001a6   ADC12IE
000001a8   ADC12IV
000001c0   DAC12_0CTL
000001c2   DAC12_1CTL
000001c8   DAC12_0DAT
000001ca   DAC12_1DAT
000001e0   DMA0CTL
000001e2   DMA0SA
000001e4   DMA0DA
000001e6   DMA0SZ
000001e8   DMA1CTL
000001ea   DMA1SA
000001ec   DMA1DA
000001ee   DMA1SZ
000001f0   DMA2CTL
000001f2   DMA2SA
000001f4   DMA2DA
000001f6   DMA2SZ
00001100   .bss
00001100   __bss__
00001100   bucleInicial
00001102   rfSettings
0000110c   _lock
0000110e   _unlock
00001110   _cleanup_ptr
00001112   _dtors_ptr
00001114   spiStatusByte
00001115   __end__
00001115   end
000038b0   _stack
00003900   __STACK_END
00004000   .text
00004000   __text__
00004000   basicRfSendPacket
000041da   basicRfInit
00004364   __fs_sub
0000436a   __fs_add
00004494   __fs_mpy
00004556   main
000045f8   __fs_div
00004692   __fs_toi
000046fa   __fs_cmp
00004744   _auto_init
0000478a   halRfSetChannel
000047cc   basicRfReceiveOn
00004804   __fs_itof
0000483a   halSpiInit
0000486e   _c_int00
0000486e   _c_int00_noexit
00004894   P2_ISR
000048b8   halRfWaitForCrystalOscillator
000048dc   InitP2_7
000048f8   memcpy
0000490a   func_epilog_7
0000490c   func_epilog_6
0000490e   func_epilog_5
00004910   func_epilog_4
00004912   func_epilog_3
00004914   func_epilog_2
00004916   func_epilog_1
0000491a   fifo_rx
00004926   halWait
0000492e   _system_pre_init
00004932   C$$EXIT
00004932   abort
00004936   _nop
00004938   __cinit__
00004938   __etext__
00004938   cinit
00004938   etext
0000fffe   _reset_vector
ffffffff   __binit__
ffffffff   __c_args__
ffffffff   __pinit__
ffffffff   binit
ffffffff   pinit

[227 symbols]
