******************************************************************************
                  MSP430 Linker PC v16.9.3                     
******************************************************************************
>> Linked Fri Dec 01 18:30:14 2017

OUTPUT FILE NAME:   <Mote.out>
ENTRY POINT SYMBOL: "_c_int00_noargs_noexit"  address: 00006284


MEMORY CONFIGURATION

         name            origin    length      used     unused   attr    fill
----------------------  --------  ---------  --------  --------  ----  --------
  SFR                   00000000   00000010  00000000  00000010  RWIX
  PERIPHERALS_8BIT      00000010   000000f0  00000000  000000f0  RWIX
  PERIPHERALS_16BIT     00000100   00000100  00000000  00000100  RWIX
  INFOB                 00001000   00000080  00000000  00000080  RWIX
  INFOA                 00001080   00000080  00000000  00000080  RWIX
  RAM                   00001100   00002800  0000028b  00002575  RWIX
  FLASH                 00004000   0000bfe0  00002376  00009c6a  RWIX
  INT00                 0000ffe0   00000002  00000002  00000000  RWIX
  INT01                 0000ffe2   00000002  00000002  00000000  RWIX
  INT02                 0000ffe4   00000002  00000002  00000000  RWIX
  INT03                 0000ffe6   00000002  00000002  00000000  RWIX
  INT04                 0000ffe8   00000002  00000002  00000000  RWIX
  INT05                 0000ffea   00000002  00000002  00000000  RWIX
  INT06                 0000ffec   00000002  00000002  00000000  RWIX
  INT07                 0000ffee   00000002  00000002  00000000  RWIX
  INT08                 0000fff0   00000002  00000002  00000000  RWIX
  INT09                 0000fff2   00000002  00000002  00000000  RWIX
  INT10                 0000fff4   00000002  00000002  00000000  RWIX
  INT11                 0000fff6   00000002  00000002  00000000  RWIX
  INT12                 0000fff8   00000002  00000002  00000000  RWIX
  INT13                 0000fffa   00000002  00000002  00000000  RWIX
  INT14                 0000fffc   00000002  00000002  00000000  RWIX
  RESET                 0000fffe   00000002  00000002  00000000  RWIX


SECTION ALLOCATION MAP

 output                                  attributes/
section   page    origin      length       input sections
--------  ----  ----------  ----------   ----------------
.bss       0    00001220    00000116     UNINITIALIZED
                  00001220    00000074     sensor.obj (.bss:pRxBuffer)
                  00001294    00000074     sensor.obj (.bss:pTxBuffer)
                  00001308    0000000c     sensor.obj (.bss:rfRxInfo)
                  00001314    0000000a     sensor.obj (.bss:rfTxInfo)
                  0000131e    0000000a     (.common:rfSettings)
                  00001328    00000008     rts430_eabi.lib : trgdrv.obj (.bss:parmbuf)
                  00001330    00000002     (.common:i)
                  00001332    00000001     (.common:estado)
                  00001333    00000001     (.common:recibidos)
                  00001334    00000001     (.common:wait)
                  00001335    00000001     (.common:x)

.data      0    00001336    00000005     UNINITIALIZED
                  00001336    00000002     rts430_eabi.lib : _lock.obj (.data:_lock)
                  00001338    00000002                     : _lock.obj (.data:_unlock)
                  0000133a    00000001     sensor.obj (.data)

.cio       0    00001100    00000120     UNINITIALIZED
                  00001100    00000120     rts430_eabi.lib : trgmsg.obj (.cio)

.stack     0    000038b0    00000050     UNINITIALIZED
                  000038b0    00000002     rts430_eabi.lib : boot.obj (.stack)
                  000038b2    0000004e     --HOLE--

.text      0    00004000    00002356     
                  00004000    00000480     rts430_eabi.lib : frcdivd.obj (.text:__TI_frcdivd)
                  00004480    000003fc     sensor.obj (.text:fifo_rx)
                  0000487c    000002e8     rts430_eabi.lib : addd.obj (.text:__mspabi_addd)
                  00004b64    00000286                     : frcmpyd.obj (.text:__TI_frcmpyd)
                  00004dea    0000026e                     : mpyd.obj (.text:__mspabi_mpyd)
                  00005058    00000260                     : frcaddd.obj (.text:__TI_frcaddd)
                  000052b8    00000238                     : divd.obj (.text:__mspabi_divd)
                  000054f0    00000222     sensor.obj (.text:basicRfSendPacket)
                  00005712    0000019c     sensor.obj (.text:basicRfInit)
                  000058ae    000000e2     sensor.obj (.text:main)
                  00005990    000000dc     rts430_eabi.lib : cmpd.obj (.text:__mspabi_cmpd)
                  00005a6c    000000c0     sensor.obj (.text:wait_response)
                  00005b2c    000000be     rts430_eabi.lib : renormd.obj (.text:__TI_renormd)
                  00005bea    000000ac                     : fltlid.obj (.text:__mspabi_fltlid)
                  00005c96    0000008a                     : fltuld.obj (.text:__mspabi_fltuld)
                  00005d20    00000084                     : autoinit_wdt.obj (.text:_auto_init_hold_wdt)
                  00005da4    0000007c                     : copy_decompress_lzss.obj (.text:decompress:lzss:__TI_decompress_lzss)
                  00005e20    00000060     sensor.obj (.text:enviar_trama)
                  00005e80    0000005c     rts430_eabi.lib : lsr32.obj (.text:l_lsr_const)
                  00005edc    0000005a                     : cpy_tbl.obj (.text:copy_in)
                  00005f36    00000050                     : trgdrv.obj (.text:HOSTclock)
                  00005f86    0000004c                     : lsr16.obj (.text)
                  00005fd2    00000046     hal_rf_set_channel.obj (.text:halRfSetChannel)
                  00006018    00000040     sensor.obj (.text:P2_ISR)
                  00006058    0000003e     rts430_eabi.lib : asr32.obj (.text:l_asr_const)
                  00006096    0000003e                     : lsl32.obj (.text:l_lsl_const)
                  000060d4    00000038     sensor.obj (.text:basicRfReceiveOn)
                  0000610c    00000034     hal_spi.obj (.text:halSpiInit)
                  00006140    0000002e     rts430_eabi.lib : trgmsg.obj (.text:__TI_writemsg)
                  0000616e    0000002e                     : mult32_hw.obj (.text)
                  0000619c    0000002c                     : trgmsg.obj (.text:__TI_readmsg)
                  000061c8    0000002c                     : asr16.obj (.text)
                  000061f4    0000002c                     : lsl16.obj (.text)
                  00006220    00000024     hal_rf_wait_for_crystal_oscillator.obj (.text:halRfWaitForCrystalOscillator)
                  00006244    00000024     sensor.obj (.text:rfshutdown)
                  00006268    0000001c     sensor.obj (.text:InitP2_7)
                  00006284    0000001a     rts430_eabi.lib : boot_special.obj (.text:_c_int00_noargs_noexit)
                  0000629e    00000014                     : copy_zero_init.obj (.text:decompress:ZI:__TI_zero_init)
                  000062b2    00000014                     : mult16_hw.obj (.text)
                  000062c6    00000012                     : copy_decompress_none.obj (.text:decompress:none:__TI_decompress_none)
                  000062d8    00000012                     : lsr32.obj (.text:l_lsr)
                  000062ea    00000012                     : memcpy.obj (.text:memcpy)
                  000062fc    00000010                     : asr32.obj (.text:l_asr)
                  0000630c    00000010                     : lsl32.obj (.text:l_lsl)
                  0000631c    00000010                     : epilog.obj (.text)
                  0000632c    0000000c                     : fltid.obj (.text:__mspabi_fltid)
                  00006338    00000008                     : isr_trap.obj (.text:_isr:__TI_ISR_TRAP)
                  00006340    00000008     hal_wait.obj (.text:halWait)
                  00006348    00000006     rts430_eabi.lib : exit.obj (.text:abort)
                  0000634e    00000004                     : pre_init.obj (.text:_system_pre_init)
                  00006352    00000002                     : _lock.obj (.text:_nop)
                  00006354    00000002                     : startup.obj (.text:_system_post_cinit)

.binit     0    00004000    00000000     

.const     0    00006356    00000004     
                  00006356    00000004     rts430_eabi.lib : clock.obj (.const)

.cinit     0    0000635a    0000001c     
                  0000635a    00000009     (.cinit..data.load) [load image]
                  00006363    00000001     --HOLE-- [fill = 0]
                  00006364    00000006     (__TI_handler_table)
                  0000636a    00000004     (.cinit..bss.load) [load image, compression = zero_init]
                  0000636e    00000008     (__TI_cinit_table)

.init_array 
*          0    00004000    00000000     UNINITIALIZED

DACDMA     0    0000ffe0    00000002     
                  0000ffe0    00000002     rts430_eabi.lib : int00.obj (.int00)

PORT2      0    0000ffe2    00000002     
                  0000ffe2    00000002     sensor.obj (.int01)

USART1TX   0    0000ffe4    00000002     
                  0000ffe4    00000002     rts430_eabi.lib : int02.obj (.int02)

USART1RX   0    0000ffe6    00000002     
                  0000ffe6    00000002     rts430_eabi.lib : int03.obj (.int03)

PORT1      0    0000ffe8    00000002     
                  0000ffe8    00000002     sensor.obj (.int04)

TIMERA1    0    0000ffea    00000002     
                  0000ffea    00000002     rts430_eabi.lib : int05.obj (.int05)

TIMERA0    0    0000ffec    00000002     
                  0000ffec    00000002     rts430_eabi.lib : int06.obj (.int06)

ADC12      0    0000ffee    00000002     
                  0000ffee    00000002     rts430_eabi.lib : int07.obj (.int07)

USART0TX   0    0000fff0    00000002     
                  0000fff0    00000002     rts430_eabi.lib : int08.obj (.int08)

USART0RX   0    0000fff2    00000002     
                  0000fff2    00000002     rts430_eabi.lib : int09.obj (.int09)

WDT        0    0000fff4    00000002     
                  0000fff4    00000002     rts430_eabi.lib : int10.obj (.int10)

COMPARATORA 
*          0    0000fff6    00000002     
                  0000fff6    00000002     rts430_eabi.lib : int11.obj (.int11)

TIMERB1    0    0000fff8    00000002     
                  0000fff8    00000002     rts430_eabi.lib : int12.obj (.int12)

TIMERB0    0    0000fffa    00000002     
                  0000fffa    00000002     rts430_eabi.lib : int13.obj (.int13)

NMI        0    0000fffc    00000002     
                  0000fffc    00000002     rts430_eabi.lib : int14.obj (.int14)

.reset     0    0000fffe    00000002     
                  0000fffe    00000002     rts430_eabi.lib : boot.obj (.reset)

MODULE SUMMARY

       Module                                   code   ro data   rw data
       ------                                   ----   -------   -------
    .\
       sensor.obj                               2676   4         271    
       hal_rf_set_channel.obj                   70     0         0      
       hal_spi.obj                              52     0         0      
       hal_rf_wait_for_crystal_oscillator.obj   36     0         0      
       hal_wait.obj                             8      0         0      
    +--+----------------------------------------+------+---------+---------+
       Total:                                   2842   4         271    
                                                                        
    C:\ti\ccsv7\tools\compiler\ti-cgt-msp430_16.9.3.LTS\lib\rts430_eabi.lib
       frcdivd.obj                              1152   0         0      
       addd.obj                                 744    0         0      
       frcmpyd.obj                              646    0         0      
       mpyd.obj                                 622    0         0      
       frcaddd.obj                              608    0         0      
       divd.obj                                 568    0         0      
       trgmsg.obj                               90     0         288    
       cmpd.obj                                 220    0         0      
       renormd.obj                              190    0         0      
       fltlid.obj                               172    0         0      
       fltuld.obj                               138    0         0      
       autoinit_wdt.obj                         132    0         0      
       copy_decompress_lzss.obj                 124    0         0      
       lsr32.obj                                110    0         0      
       cpy_tbl.obj                              90     0         0      
       trgdrv.obj                               80     0         8      
       asr32.obj                                78     0         0      
       lsl32.obj                                78     0         0      
       lsr16.obj                                76     0         0      
       mult32_hw.obj                            46     0         0      
       asr16.obj                                44     0         0      
       lsl16.obj                                44     0         0      
       boot_special.obj                         26     0         0      
       copy_zero_init.obj                       20     0         0      
       mult16_hw.obj                            20     0         0      
       copy_decompress_none.obj                 18     0         0      
       memcpy.obj                               18     0         0      
       epilog.obj                               16     0         0      
       fltid.obj                                12     0         0      
       isr_trap.obj                             8      0         0      
       _lock.obj                                2      0         4      
       exit.obj                                 6      0         0      
       clock.obj                                0      4         0      
       pre_init.obj                             4      0         0      
       boot.obj                                 0      2         0      
       int00.obj                                0      2         0      
       int02.obj                                0      2         0      
       int03.obj                                0      2         0      
       int05.obj                                0      2         0      
       int06.obj                                0      2         0      
       int07.obj                                0      2         0      
       int08.obj                                0      2         0      
       int09.obj                                0      2         0      
       int10.obj                                0      2         0      
       int11.obj                                0      2         0      
       int12.obj                                0      2         0      
       int13.obj                                0      2         0      
       int14.obj                                0      2         0      
       startup.obj                              2      0         0      
    +--+----------------------------------------+------+---------+---------+
       Total:                                   6204   32        300    
                                                                        
       Stack:                                   0      0         80     
       Linker Generated:                        0      27        0      
    +--+----------------------------------------+------+---------+---------+
       Grand Total:                             9046   63        651    


LINKER GENERATED COPY TABLES

__TI_cinit_table @ 0000636e records: 2, size/record: 4, table size: 8
	.data: load addr=0000635a, load size=00000009 bytes, run addr=00001336, run size=00000005 bytes, compression=copy
	.bss: load addr=0000636a, load size=00000004 bytes, run addr=00001220, run size=00000116 bytes, compression=zero_init


LINKER GENERATED HANDLER TABLE

__TI_handler_table @ 00006364 records: 3, size/record: 2, table size: 6
	index: 0, handler: __TI_zero_init
	index: 1, handler: __TI_decompress_lzss
	index: 2, handler: __TI_decompress_none


GLOBAL SYMBOLS: SORTED ALPHABETICALLY BY Name 

address   name                         
-------   ----                         
000001a0  ADC12CTL0                    
000001a2  ADC12CTL1                    
000001a6  ADC12IE                      
000001a4  ADC12IFG                     
000001a8  ADC12IV                      
00000080  ADC12MCTL0                   
00000081  ADC12MCTL1                   
0000008a  ADC12MCTL10                  
0000008b  ADC12MCTL11                  
0000008c  ADC12MCTL12                  
0000008d  ADC12MCTL13                  
0000008e  ADC12MCTL14                  
0000008f  ADC12MCTL15                  
00000082  ADC12MCTL2                   
00000083  ADC12MCTL3                   
00000084  ADC12MCTL4                   
00000085  ADC12MCTL5                   
00000086  ADC12MCTL6                   
00000087  ADC12MCTL7                   
00000088  ADC12MCTL8                   
00000089  ADC12MCTL9                   
00000140  ADC12MEM0                    
00000142  ADC12MEM1                    
00000154  ADC12MEM10                   
00000156  ADC12MEM11                   
00000158  ADC12MEM12                   
0000015a  ADC12MEM13                   
0000015c  ADC12MEM14                   
0000015e  ADC12MEM15                   
00000144  ADC12MEM2                    
00000146  ADC12MEM3                    
00000148  ADC12MEM4                    
0000014a  ADC12MEM5                    
0000014c  ADC12MEM6                    
0000014e  ADC12MEM7                    
00000150  ADC12MEM8                    
00000152  ADC12MEM9                    
00000057  BCSCTL1                      
00000058  BCSCTL2                      
00006348  C$$EXIT                      
0000616a  C$$IO$$                      
00000059  CACTL1                       
0000005a  CACTL2                       
0000005b  CAPD                         
000001c0  DAC12_0CTL                   
000001c8  DAC12_0DAT                   
000001c2  DAC12_1CTL                   
000001ca  DAC12_1DAT                   
00000056  DCOCTL                       
000001e0  DMA0CTL                      
000001e4  DMA0DA                       
000001e2  DMA0SA                       
000001e6  DMA0SZ                       
000001e8  DMA1CTL                      
000001ec  DMA1DA                       
000001ea  DMA1SA                       
000001ee  DMA1SZ                       
000001f0  DMA2CTL                      
000001f4  DMA2DA                       
000001f2  DMA2SA                       
000001f6  DMA2SZ                       
00000122  DMACTL0                      
00000124  DMACTL1                      
00000128  FCTL1                        
0000012a  FCTL2                        
0000012c  FCTL3                        
00005f36  HOSTclock                    
00000072  I2CDCTL                      
00000076  I2CDRB                       
00000076  I2CDRW                       
00000050  I2CIE                        
00000051  I2CIFG                       
0000011c  I2CIV                        
00000052  I2CNDAT                      
00000118  I2COA                        
00000073  I2CPSC                       
0000011a  I2CSA                        
00000074  I2CSCLH                      
00000075  I2CSCLL                      
00000071  I2CTCTL                      
00000000  IE1                          
00000001  IE2                          
00000002  IFG1                         
00000003  IFG2                         
00006268  InitP2_7                     
00000134  MAC                          
00000136  MACS                         
00000004  ME1                          
00000005  ME2                          
00000130  MPY                          
00000132  MPYS                         
00000138  OP2                          
00000022  P1DIR                        
00000025  P1IE                         
00000024  P1IES                        
00000023  P1IFG                        
00000020  P1IN                         
00000021  P1OUT                        
00000026  P1SEL                        
0000002a  P2DIR                        
0000002d  P2IE                         
0000002c  P2IES                        
0000002b  P2IFG                        
00000028  P2IN                         
00000029  P2OUT                        
0000002e  P2SEL                        
00006018  P2_ISR                       
0000001a  P3DIR                        
00000018  P3IN                         
00000019  P3OUT                        
0000001b  P3SEL                        
0000001e  P4DIR                        
0000001c  P4IN                         
0000001d  P4OUT                        
0000001f  P4SEL                        
00000032  P5DIR                        
00000030  P5IN                         
00000031  P5OUT                        
00000033  P5SEL                        
00000036  P6DIR                        
00000034  P6IN                         
00000035  P6OUT                        
00000037  P6SEL                        
0000013c  RESHI                        
0000013a  RESLO                        
0000013e  SUMEXT                       
00000055  SVSCTL                       
00000172  TACCR0                       
00000174  TACCR1                       
00000176  TACCR2                       
00000162  TACCTL0                      
00000164  TACCTL1                      
00000166  TACCTL2                      
00000160  TACTL                        
0000012e  TAIV                         
00000170  TAR                          
00000192  TBCCR0                       
00000194  TBCCR1                       
00000196  TBCCR2                       
00000198  TBCCR3                       
0000019a  TBCCR4                       
0000019c  TBCCR5                       
0000019e  TBCCR6                       
00000182  TBCCTL0                      
00000184  TBCCTL1                      
00000186  TBCCTL2                      
00000188  TBCCTL3                      
0000018a  TBCCTL4                      
0000018c  TBCCTL5                      
0000018e  TBCCTL6                      
00000180  TBCTL                        
0000011e  TBIV                         
00000190  TBR                          
00000074  U0BR0                        
00000075  U0BR1                        
00000070  U0CTL                        
00000073  U0MCTL                       
00000072  U0RCTL                       
00000076  U0RXBUF                      
00000071  U0TCTL                       
00000077  U0TXBUF                      
0000007c  U1BR0                        
0000007d  U1BR1                        
00000078  U1CTL                        
0000007b  U1MCTL                       
0000007a  U1RCTL                       
0000007e  U1RXBUF                      
00000079  U1TCTL                       
0000007f  U1TXBUF                      
00000120  WDTCTL                       
00001100  _CIOBUF_                     
00003900  __STACK_END                  
00000050  __STACK_SIZE                 
UNDEFED   __TI_BINIT_Base              
UNDEFED   __TI_BINIT_Limit             
0000636e  __TI_CINIT_Base              
00006376  __TI_CINIT_Limit             
00006364  __TI_Handler_Table_Base      
0000636a  __TI_Handler_Table_Limit     
UNDEFED   __TI_INITARRAY_Base          
UNDEFED   __TI_INITARRAY_Limit         
00006338  __TI_ISR_TRAP                
00005da4  __TI_decompress_lzss         
000062c6  __TI_decompress_none         
00005058  __TI_frcaddd                 
00004000  __TI_frcdivd                 
00004b64  __TI_frcmpyd                 
0000ffe0  __TI_int00                   
0000ffe2  __TI_int01                   
0000ffe4  __TI_int02                   
0000ffe6  __TI_int03                   
0000ffe8  __TI_int04                   
0000ffea  __TI_int05                   
0000ffec  __TI_int06                   
0000ffee  __TI_int07                   
0000fff0  __TI_int08                   
0000fff2  __TI_int09                   
0000fff4  __TI_int10                   
0000fff6  __TI_int11                   
0000fff8  __TI_int12                   
0000fffa  __TI_int13                   
0000fffc  __TI_int14                   
ffffffff  __TI_pprof_out_hndl          
ffffffff  __TI_prof_data_size          
ffffffff  __TI_prof_data_start         
0000619c  __TI_readmsg                 
00005b2c  __TI_renormd                 
00006140  __TI_writemsg                
0000629e  __TI_zero_init               
ffffffff  __c_args__                   
00006356  __mspabi_CLOCKS_PER_SEC      
0000487c  __mspabi_addd                
00005990  __mspabi_cmpd                
000052b8  __mspabi_divd                
0000632c  __mspabi_fltid               
00005bea  __mspabi_fltlid              
00005c96  __mspabi_fltuld              
00006328  __mspabi_func_epilog_1       
00006326  __mspabi_func_epilog_2       
00006324  __mspabi_func_epilog_3       
00006322  __mspabi_func_epilog_4       
00006320  __mspabi_func_epilog_5       
0000631e  __mspabi_func_epilog_6       
0000631c  __mspabi_func_epilog_7       
00004dea  __mspabi_mpyd                
000062b2  __mspabi_mpyi_hw             
0000616e  __mspabi_mpyl_hw             
000061f4  __mspabi_slli                
0000621c  __mspabi_slli_1              
0000620a  __mspabi_slli_10             
00006208  __mspabi_slli_11             
00006206  __mspabi_slli_12             
00006204  __mspabi_slli_13             
00006202  __mspabi_slli_14             
00006200  __mspabi_slli_15             
0000621a  __mspabi_slli_2              
00006218  __mspabi_slli_3              
00006216  __mspabi_slli_4              
00006214  __mspabi_slli_5              
00006212  __mspabi_slli_6              
00006210  __mspabi_slli_7              
0000620e  __mspabi_slli_8              
0000620c  __mspabi_slli_9              
0000630c  __mspabi_slll                
000060ce  __mspabi_slll_1              
000060aa  __mspabi_slll_10             
000060a6  __mspabi_slll_11             
000060a2  __mspabi_slll_12             
0000609e  __mspabi_slll_13             
0000609a  __mspabi_slll_14             
00006096  __mspabi_slll_15             
000060ca  __mspabi_slll_2              
000060c6  __mspabi_slll_3              
000060c2  __mspabi_slll_4              
000060be  __mspabi_slll_5              
000060ba  __mspabi_slll_6              
000060b6  __mspabi_slll_7              
000060b2  __mspabi_slll_8              
000060ae  __mspabi_slll_9              
000061c8  __mspabi_srai                
000061f0  __mspabi_srai_1              
000061de  __mspabi_srai_10             
000061dc  __mspabi_srai_11             
000061da  __mspabi_srai_12             
000061d8  __mspabi_srai_13             
000061d6  __mspabi_srai_14             
000061d4  __mspabi_srai_15             
000061ee  __mspabi_srai_2              
000061ec  __mspabi_srai_3              
000061ea  __mspabi_srai_4              
000061e8  __mspabi_srai_5              
000061e6  __mspabi_srai_6              
000061e4  __mspabi_srai_7              
000061e2  __mspabi_srai_8              
000061e0  __mspabi_srai_9              
000062fc  __mspabi_sral                
00006090  __mspabi_sral_1              
0000606c  __mspabi_sral_10             
00006068  __mspabi_sral_11             
00006064  __mspabi_sral_12             
00006060  __mspabi_sral_13             
0000605c  __mspabi_sral_14             
00006058  __mspabi_sral_15             
0000608c  __mspabi_sral_2              
00006088  __mspabi_sral_3              
00006084  __mspabi_sral_4              
00006080  __mspabi_sral_5              
0000607c  __mspabi_sral_6              
00006078  __mspabi_sral_7              
00006074  __mspabi_sral_8              
00006070  __mspabi_sral_9              
00005f86  __mspabi_srli                
00005fcc  __mspabi_srli_1              
00005fa8  __mspabi_srli_10             
00005fa4  __mspabi_srli_11             
00005fa0  __mspabi_srli_12             
00005f9c  __mspabi_srli_13             
00005f98  __mspabi_srli_14             
00005f94  __mspabi_srli_15             
00005fc8  __mspabi_srli_2              
00005fc4  __mspabi_srli_3              
00005fc0  __mspabi_srli_4              
00005fbc  __mspabi_srli_5              
00005fb8  __mspabi_srli_6              
00005fb4  __mspabi_srli_7              
00005fb0  __mspabi_srli_8              
00005fac  __mspabi_srli_9              
000062d8  __mspabi_srll                
00005ed4  __mspabi_srll_1              
00005e9e  __mspabi_srll_10             
00005e98  __mspabi_srll_11             
00005e92  __mspabi_srll_12             
00005e8c  __mspabi_srll_13             
00005e86  __mspabi_srll_14             
00005e80  __mspabi_srll_15             
00005ece  __mspabi_srll_2              
00005ec8  __mspabi_srll_3              
00005ec2  __mspabi_srll_4              
00005ebc  __mspabi_srll_5              
00005eb6  __mspabi_srll_6              
00005eb0  __mspabi_srll_7              
00005eaa  __mspabi_srll_8              
00005ea4  __mspabi_srll_9              
00005d20  _auto_init_hold_wdt          
00006284  _c_int00_noargs_noexit       
00001336  _lock                        
00006352  _nop                         
0000fffe  _reset_vector                
000038b0  _stack                       
00006354  _system_post_cinit           
0000634e  _system_pre_init             
00001338  _unlock                      
00006348  abort                        
00005712  basicRfInit                  
000060d4  basicRfReceiveOn             
000054f0  basicRfSendPacket            
0000133a  bucleInicial                 
00005f36  clock                        
00005edc  copy_in                      
00005e20  enviar_trama                 
00001332  estado                       
00004480  fifo_rx                      
00005fd2  halRfSetChannel              
00006220  halRfWaitForCrystalOscillator
0000610c  halSpiInit                   
00006340  halWait                      
00001330  i                            
000058ae  main                         
000062ea  memcpy                       
00001333  recibidos                    
0000131e  rfSettings                   
00006244  rfshutdown                   
00001334  wait                         
00005a6c  wait_response                
00001335  x                            


GLOBAL SYMBOLS: SORTED BY Symbol Address 

address   name                         
-------   ----                         
00000000  IE1                          
00000001  IE2                          
00000002  IFG1                         
00000003  IFG2                         
00000004  ME1                          
00000005  ME2                          
00000018  P3IN                         
00000019  P3OUT                        
0000001a  P3DIR                        
0000001b  P3SEL                        
0000001c  P4IN                         
0000001d  P4OUT                        
0000001e  P4DIR                        
0000001f  P4SEL                        
00000020  P1IN                         
00000021  P1OUT                        
00000022  P1DIR                        
00000023  P1IFG                        
00000024  P1IES                        
00000025  P1IE                         
00000026  P1SEL                        
00000028  P2IN                         
00000029  P2OUT                        
0000002a  P2DIR                        
0000002b  P2IFG                        
0000002c  P2IES                        
0000002d  P2IE                         
0000002e  P2SEL                        
00000030  P5IN                         
00000031  P5OUT                        
00000032  P5DIR                        
00000033  P5SEL                        
00000034  P6IN                         
00000035  P6OUT                        
00000036  P6DIR                        
00000037  P6SEL                        
00000050  I2CIE                        
00000050  __STACK_SIZE                 
00000051  I2CIFG                       
00000052  I2CNDAT                      
00000055  SVSCTL                       
00000056  DCOCTL                       
00000057  BCSCTL1                      
00000058  BCSCTL2                      
00000059  CACTL1                       
0000005a  CACTL2                       
0000005b  CAPD                         
00000070  U0CTL                        
00000071  I2CTCTL                      
00000071  U0TCTL                       
00000072  I2CDCTL                      
00000072  U0RCTL                       
00000073  I2CPSC                       
00000073  U0MCTL                       
00000074  I2CSCLH                      
00000074  U0BR0                        
00000075  I2CSCLL                      
00000075  U0BR1                        
00000076  I2CDRB                       
00000076  I2CDRW                       
00000076  U0RXBUF                      
00000077  U0TXBUF                      
00000078  U1CTL                        
00000079  U1TCTL                       
0000007a  U1RCTL                       
0000007b  U1MCTL                       
0000007c  U1BR0                        
0000007d  U1BR1                        
0000007e  U1RXBUF                      
0000007f  U1TXBUF                      
00000080  ADC12MCTL0                   
00000081  ADC12MCTL1                   
00000082  ADC12MCTL2                   
00000083  ADC12MCTL3                   
00000084  ADC12MCTL4                   
00000085  ADC12MCTL5                   
00000086  ADC12MCTL6                   
00000087  ADC12MCTL7                   
00000088  ADC12MCTL8                   
00000089  ADC12MCTL9                   
0000008a  ADC12MCTL10                  
0000008b  ADC12MCTL11                  
0000008c  ADC12MCTL12                  
0000008d  ADC12MCTL13                  
0000008e  ADC12MCTL14                  
0000008f  ADC12MCTL15                  
00000118  I2COA                        
0000011a  I2CSA                        
0000011c  I2CIV                        
0000011e  TBIV                         
00000120  WDTCTL                       
00000122  DMACTL0                      
00000124  DMACTL1                      
00000128  FCTL1                        
0000012a  FCTL2                        
0000012c  FCTL3                        
0000012e  TAIV                         
00000130  MPY                          
00000132  MPYS                         
00000134  MAC                          
00000136  MACS                         
00000138  OP2                          
0000013a  RESLO                        
0000013c  RESHI                        
0000013e  SUMEXT                       
00000140  ADC12MEM0                    
00000142  ADC12MEM1                    
00000144  ADC12MEM2                    
00000146  ADC12MEM3                    
00000148  ADC12MEM4                    
0000014a  ADC12MEM5                    
0000014c  ADC12MEM6                    
0000014e  ADC12MEM7                    
00000150  ADC12MEM8                    
00000152  ADC12MEM9                    
00000154  ADC12MEM10                   
00000156  ADC12MEM11                   
00000158  ADC12MEM12                   
0000015a  ADC12MEM13                   
0000015c  ADC12MEM14                   
0000015e  ADC12MEM15                   
00000160  TACTL                        
00000162  TACCTL0                      
00000164  TACCTL1                      
00000166  TACCTL2                      
00000170  TAR                          
00000172  TACCR0                       
00000174  TACCR1                       
00000176  TACCR2                       
00000180  TBCTL                        
00000182  TBCCTL0                      
00000184  TBCCTL1                      
00000186  TBCCTL2                      
00000188  TBCCTL3                      
0000018a  TBCCTL4                      
0000018c  TBCCTL5                      
0000018e  TBCCTL6                      
00000190  TBR                          
00000192  TBCCR0                       
00000194  TBCCR1                       
00000196  TBCCR2                       
00000198  TBCCR3                       
0000019a  TBCCR4                       
0000019c  TBCCR5                       
0000019e  TBCCR6                       
000001a0  ADC12CTL0                    
000001a2  ADC12CTL1                    
000001a4  ADC12IFG                     
000001a6  ADC12IE                      
000001a8  ADC12IV                      
000001c0  DAC12_0CTL                   
000001c2  DAC12_1CTL                   
000001c8  DAC12_0DAT                   
000001ca  DAC12_1DAT                   
000001e0  DMA0CTL                      
000001e2  DMA0SA                       
000001e4  DMA0DA                       
000001e6  DMA0SZ                       
000001e8  DMA1CTL                      
000001ea  DMA1SA                       
000001ec  DMA1DA                       
000001ee  DMA1SZ                       
000001f0  DMA2CTL                      
000001f2  DMA2SA                       
000001f4  DMA2DA                       
000001f6  DMA2SZ                       
00001100  _CIOBUF_                     
0000131e  rfSettings                   
00001330  i                            
00001332  estado                       
00001333  recibidos                    
00001334  wait                         
00001335  x                            
00001336  _lock                        
00001338  _unlock                      
0000133a  bucleInicial                 
000038b0  _stack                       
00003900  __STACK_END                  
00004000  __TI_frcdivd                 
00004480  fifo_rx                      
0000487c  __mspabi_addd                
00004b64  __TI_frcmpyd                 
00004dea  __mspabi_mpyd                
00005058  __TI_frcaddd                 
000052b8  __mspabi_divd                
000054f0  basicRfSendPacket            
00005712  basicRfInit                  
000058ae  main                         
00005990  __mspabi_cmpd                
00005a6c  wait_response                
00005b2c  __TI_renormd                 
00005bea  __mspabi_fltlid              
00005c96  __mspabi_fltuld              
00005d20  _auto_init_hold_wdt          
00005da4  __TI_decompress_lzss         
00005e20  enviar_trama                 
00005e80  __mspabi_srll_15             
00005e86  __mspabi_srll_14             
00005e8c  __mspabi_srll_13             
00005e92  __mspabi_srll_12             
00005e98  __mspabi_srll_11             
00005e9e  __mspabi_srll_10             
00005ea4  __mspabi_srll_9              
00005eaa  __mspabi_srll_8              
00005eb0  __mspabi_srll_7              
00005eb6  __mspabi_srll_6              
00005ebc  __mspabi_srll_5              
00005ec2  __mspabi_srll_4              
00005ec8  __mspabi_srll_3              
00005ece  __mspabi_srll_2              
00005ed4  __mspabi_srll_1              
00005edc  copy_in                      
00005f36  HOSTclock                    
00005f36  clock                        
00005f86  __mspabi_srli                
00005f94  __mspabi_srli_15             
00005f98  __mspabi_srli_14             
00005f9c  __mspabi_srli_13             
00005fa0  __mspabi_srli_12             
00005fa4  __mspabi_srli_11             
00005fa8  __mspabi_srli_10             
00005fac  __mspabi_srli_9              
00005fb0  __mspabi_srli_8              
00005fb4  __mspabi_srli_7              
00005fb8  __mspabi_srli_6              
00005fbc  __mspabi_srli_5              
00005fc0  __mspabi_srli_4              
00005fc4  __mspabi_srli_3              
00005fc8  __mspabi_srli_2              
00005fcc  __mspabi_srli_1              
00005fd2  halRfSetChannel              
00006018  P2_ISR                       
00006058  __mspabi_sral_15             
0000605c  __mspabi_sral_14             
00006060  __mspabi_sral_13             
00006064  __mspabi_sral_12             
00006068  __mspabi_sral_11             
0000606c  __mspabi_sral_10             
00006070  __mspabi_sral_9              
00006074  __mspabi_sral_8              
00006078  __mspabi_sral_7              
0000607c  __mspabi_sral_6              
00006080  __mspabi_sral_5              
00006084  __mspabi_sral_4              
00006088  __mspabi_sral_3              
0000608c  __mspabi_sral_2              
00006090  __mspabi_sral_1              
00006096  __mspabi_slll_15             
0000609a  __mspabi_slll_14             
0000609e  __mspabi_slll_13             
000060a2  __mspabi_slll_12             
000060a6  __mspabi_slll_11             
000060aa  __mspabi_slll_10             
000060ae  __mspabi_slll_9              
000060b2  __mspabi_slll_8              
000060b6  __mspabi_slll_7              
000060ba  __mspabi_slll_6              
000060be  __mspabi_slll_5              
000060c2  __mspabi_slll_4              
000060c6  __mspabi_slll_3              
000060ca  __mspabi_slll_2              
000060ce  __mspabi_slll_1              
000060d4  basicRfReceiveOn             
0000610c  halSpiInit                   
00006140  __TI_writemsg                
0000616a  C$$IO$$                      
0000616e  __mspabi_mpyl_hw             
0000619c  __TI_readmsg                 
000061c8  __mspabi_srai                
000061d4  __mspabi_srai_15             
000061d6  __mspabi_srai_14             
000061d8  __mspabi_srai_13             
000061da  __mspabi_srai_12             
000061dc  __mspabi_srai_11             
000061de  __mspabi_srai_10             
000061e0  __mspabi_srai_9              
000061e2  __mspabi_srai_8              
000061e4  __mspabi_srai_7              
000061e6  __mspabi_srai_6              
000061e8  __mspabi_srai_5              
000061ea  __mspabi_srai_4              
000061ec  __mspabi_srai_3              
000061ee  __mspabi_srai_2              
000061f0  __mspabi_srai_1              
000061f4  __mspabi_slli                
00006200  __mspabi_slli_15             
00006202  __mspabi_slli_14             
00006204  __mspabi_slli_13             
00006206  __mspabi_slli_12             
00006208  __mspabi_slli_11             
0000620a  __mspabi_slli_10             
0000620c  __mspabi_slli_9              
0000620e  __mspabi_slli_8              
00006210  __mspabi_slli_7              
00006212  __mspabi_slli_6              
00006214  __mspabi_slli_5              
00006216  __mspabi_slli_4              
00006218  __mspabi_slli_3              
0000621a  __mspabi_slli_2              
0000621c  __mspabi_slli_1              
00006220  halRfWaitForCrystalOscillator
00006244  rfshutdown                   
00006268  InitP2_7                     
00006284  _c_int00_noargs_noexit       
0000629e  __TI_zero_init               
000062b2  __mspabi_mpyi_hw             
000062c6  __TI_decompress_none         
000062d8  __mspabi_srll                
000062ea  memcpy                       
000062fc  __mspabi_sral                
0000630c  __mspabi_slll                
0000631c  __mspabi_func_epilog_7       
0000631e  __mspabi_func_epilog_6       
00006320  __mspabi_func_epilog_5       
00006322  __mspabi_func_epilog_4       
00006324  __mspabi_func_epilog_3       
00006326  __mspabi_func_epilog_2       
00006328  __mspabi_func_epilog_1       
0000632c  __mspabi_fltid               
00006338  __TI_ISR_TRAP                
00006340  halWait                      
00006348  C$$EXIT                      
00006348  abort                        
0000634e  _system_pre_init             
00006352  _nop                         
00006354  _system_post_cinit           
00006356  __mspabi_CLOCKS_PER_SEC      
00006364  __TI_Handler_Table_Base      
0000636a  __TI_Handler_Table_Limit     
0000636e  __TI_CINIT_Base              
00006376  __TI_CINIT_Limit             
0000ffe0  __TI_int00                   
0000ffe2  __TI_int01                   
0000ffe4  __TI_int02                   
0000ffe6  __TI_int03                   
0000ffe8  __TI_int04                   
0000ffea  __TI_int05                   
0000ffec  __TI_int06                   
0000ffee  __TI_int07                   
0000fff0  __TI_int08                   
0000fff2  __TI_int09                   
0000fff4  __TI_int10                   
0000fff6  __TI_int11                   
0000fff8  __TI_int12                   
0000fffa  __TI_int13                   
0000fffc  __TI_int14                   
0000fffe  _reset_vector                
ffffffff  __TI_pprof_out_hndl          
ffffffff  __TI_prof_data_size          
ffffffff  __TI_prof_data_start         
ffffffff  __c_args__                   
UNDEFED   __TI_BINIT_Base              
UNDEFED   __TI_BINIT_Limit             
UNDEFED   __TI_INITARRAY_Base          
UNDEFED   __TI_INITARRAY_Limit         

[355 symbols]
