<?xml version="1.0"?>
<link_info>
   <banner>MSP430 Linker PC v16.9.3.LTS</banner>
   <copyright>Copyright (c) 2003-2017 Texas Instruments Incorporated</copyright>
   <link_time>0x5a2191a6</link_time>
   <link_errors>0x0</link_errors>
   <output_file>Mote.out</output_file>
   <entry_point>
      <name>_c_int00_noargs_noexit</name>
      <address>0x6284</address>
   </entry_point>
   <input_file_list>
      <input_file id="fl-2">
         <path>.\</path>
         <kind>object</kind>
         <file>hal_TempCalculation.obj</file>
         <name>hal_TempCalculation.obj</name>
      </input_file>
      <input_file id="fl-3">
         <path>.\</path>
         <kind>object</kind>
         <file>hal_rf_set_channel.obj</file>
         <name>hal_rf_set_channel.obj</name>
      </input_file>
      <input_file id="fl-4">
         <path>.\</path>
         <kind>object</kind>
         <file>hal_rf_wait_for_crystal_oscillator.obj</file>
         <name>hal_rf_wait_for_crystal_oscillator.obj</name>
      </input_file>
      <input_file id="fl-5">
         <path>.\</path>
         <kind>object</kind>
         <file>hal_spi.obj</file>
         <name>hal_spi.obj</name>
      </input_file>
      <input_file id="fl-6">
         <path>.\</path>
         <kind>object</kind>
         <file>hal_wait.obj</file>
         <name>hal_wait.obj</name>
      </input_file>
      <input_file id="fl-7">
         <path>.\</path>
         <kind>object</kind>
         <file>halwaitsensor.obj</file>
         <name>halwaitsensor.obj</name>
      </input_file>
      <input_file id="fl-8">
         <path>.\</path>
         <kind>object</kind>
         <file>sensor.obj</file>
         <name>sensor.obj</name>
      </input_file>
      <input_file id="fl-d">
         <kind>object</kind>
         <file>&lt;internal&gt;</file>
         <name>&lt;internal&gt;</name>
      </input_file>
      <input_file id="fl-23">
         <path>C:\ti\ccsv7\tools\compiler\ti-cgt-msp430_16.9.3.LTS\lib\</path>
         <kind>archive</kind>
         <file>rts430_eabi.lib</file>
         <name>addd.obj</name>
      </input_file>
      <input_file id="fl-24">
         <path>C:\ti\ccsv7\tools\compiler\ti-cgt-msp430_16.9.3.LTS\lib\</path>
         <kind>archive</kind>
         <file>rts430_eabi.lib</file>
         <name>asr16.obj</name>
      </input_file>
      <input_file id="fl-25">
         <path>C:\ti\ccsv7\tools\compiler\ti-cgt-msp430_16.9.3.LTS\lib\</path>
         <kind>archive</kind>
         <file>rts430_eabi.lib</file>
         <name>boot.obj</name>
      </input_file>
      <input_file id="fl-26">
         <path>C:\ti\ccsv7\tools\compiler\ti-cgt-msp430_16.9.3.LTS\lib\</path>
         <kind>archive</kind>
         <file>rts430_eabi.lib</file>
         <name>boot_special.obj</name>
      </input_file>
      <input_file id="fl-27">
         <path>C:\ti\ccsv7\tools\compiler\ti-cgt-msp430_16.9.3.LTS\lib\</path>
         <kind>archive</kind>
         <file>rts430_eabi.lib</file>
         <name>clock.obj</name>
      </input_file>
      <input_file id="fl-28">
         <path>C:\ti\ccsv7\tools\compiler\ti-cgt-msp430_16.9.3.LTS\lib\</path>
         <kind>archive</kind>
         <file>rts430_eabi.lib</file>
         <name>cmpd.obj</name>
      </input_file>
      <input_file id="fl-29">
         <path>C:\ti\ccsv7\tools\compiler\ti-cgt-msp430_16.9.3.LTS\lib\</path>
         <kind>archive</kind>
         <file>rts430_eabi.lib</file>
         <name>copy_decompress_lzss.obj</name>
      </input_file>
      <input_file id="fl-2a">
         <path>C:\ti\ccsv7\tools\compiler\ti-cgt-msp430_16.9.3.LTS\lib\</path>
         <kind>archive</kind>
         <file>rts430_eabi.lib</file>
         <name>copy_decompress_none.obj</name>
      </input_file>
      <input_file id="fl-2b">
         <path>C:\ti\ccsv7\tools\compiler\ti-cgt-msp430_16.9.3.LTS\lib\</path>
         <kind>archive</kind>
         <file>rts430_eabi.lib</file>
         <name>copy_zero_init.obj</name>
      </input_file>
      <input_file id="fl-2c">
         <path>C:\ti\ccsv7\tools\compiler\ti-cgt-msp430_16.9.3.LTS\lib\</path>
         <kind>archive</kind>
         <file>rts430_eabi.lib</file>
         <name>cvtdf.obj</name>
      </input_file>
      <input_file id="fl-2d">
         <path>C:\ti\ccsv7\tools\compiler\ti-cgt-msp430_16.9.3.LTS\lib\</path>
         <kind>archive</kind>
         <file>rts430_eabi.lib</file>
         <name>cvtfd.obj</name>
      </input_file>
      <input_file id="fl-2e">
         <path>C:\ti\ccsv7\tools\compiler\ti-cgt-msp430_16.9.3.LTS\lib\</path>
         <kind>archive</kind>
         <file>rts430_eabi.lib</file>
         <name>divd.obj</name>
      </input_file>
      <input_file id="fl-2f">
         <path>C:\ti\ccsv7\tools\compiler\ti-cgt-msp430_16.9.3.LTS\lib\</path>
         <kind>archive</kind>
         <file>rts430_eabi.lib</file>
         <name>epilog.obj</name>
      </input_file>
      <input_file id="fl-30">
         <path>C:\ti\ccsv7\tools\compiler\ti-cgt-msp430_16.9.3.LTS\lib\</path>
         <kind>archive</kind>
         <file>rts430_eabi.lib</file>
         <name>exit.obj</name>
      </input_file>
      <input_file id="fl-31">
         <path>C:\ti\ccsv7\tools\compiler\ti-cgt-msp430_16.9.3.LTS\lib\</path>
         <kind>archive</kind>
         <file>rts430_eabi.lib</file>
         <name>exit_gvars.obj</name>
      </input_file>
      <input_file id="fl-32">
         <path>C:\ti\ccsv7\tools\compiler\ti-cgt-msp430_16.9.3.LTS\lib\</path>
         <kind>archive</kind>
         <file>rts430_eabi.lib</file>
         <name>fltid.obj</name>
      </input_file>
      <input_file id="fl-33">
         <path>C:\ti\ccsv7\tools\compiler\ti-cgt-msp430_16.9.3.LTS\lib\</path>
         <kind>archive</kind>
         <file>rts430_eabi.lib</file>
         <name>fltlid.obj</name>
      </input_file>
      <input_file id="fl-34">
         <path>C:\ti\ccsv7\tools\compiler\ti-cgt-msp430_16.9.3.LTS\lib\</path>
         <kind>archive</kind>
         <file>rts430_eabi.lib</file>
         <name>fltuld.obj</name>
      </input_file>
      <input_file id="fl-35">
         <path>C:\ti\ccsv7\tools\compiler\ti-cgt-msp430_16.9.3.LTS\lib\</path>
         <kind>archive</kind>
         <file>rts430_eabi.lib</file>
         <name>frcaddd.obj</name>
      </input_file>
      <input_file id="fl-36">
         <path>C:\ti\ccsv7\tools\compiler\ti-cgt-msp430_16.9.3.LTS\lib\</path>
         <kind>archive</kind>
         <file>rts430_eabi.lib</file>
         <name>frcdivd.obj</name>
      </input_file>
      <input_file id="fl-37">
         <path>C:\ti\ccsv7\tools\compiler\ti-cgt-msp430_16.9.3.LTS\lib\</path>
         <kind>archive</kind>
         <file>rts430_eabi.lib</file>
         <name>fs_add.obj</name>
      </input_file>
      <input_file id="fl-38">
         <path>C:\ti\ccsv7\tools\compiler\ti-cgt-msp430_16.9.3.LTS\lib\</path>
         <kind>archive</kind>
         <file>rts430_eabi.lib</file>
         <name>fs_cmp.obj</name>
      </input_file>
      <input_file id="fl-39">
         <path>C:\ti\ccsv7\tools\compiler\ti-cgt-msp430_16.9.3.LTS\lib\</path>
         <kind>archive</kind>
         <file>rts430_eabi.lib</file>
         <name>fs_itof.obj</name>
      </input_file>
      <input_file id="fl-3a">
         <path>C:\ti\ccsv7\tools\compiler\ti-cgt-msp430_16.9.3.LTS\lib\</path>
         <kind>archive</kind>
         <file>rts430_eabi.lib</file>
         <name>fs_mpy.obj</name>
      </input_file>
      <input_file id="fl-3b">
         <path>C:\ti\ccsv7\tools\compiler\ti-cgt-msp430_16.9.3.LTS\lib\</path>
         <kind>archive</kind>
         <file>rts430_eabi.lib</file>
         <name>fs_toi.obj</name>
      </input_file>
      <input_file id="fl-3c">
         <path>C:\ti\ccsv7\tools\compiler\ti-cgt-msp430_16.9.3.LTS\lib\</path>
         <kind>archive</kind>
         <file>rts430_eabi.lib</file>
         <name>int00.obj</name>
      </input_file>
      <input_file id="fl-3d">
         <path>C:\ti\ccsv7\tools\compiler\ti-cgt-msp430_16.9.3.LTS\lib\</path>
         <kind>archive</kind>
         <file>rts430_eabi.lib</file>
         <name>int02.obj</name>
      </input_file>
      <input_file id="fl-3e">
         <path>C:\ti\ccsv7\tools\compiler\ti-cgt-msp430_16.9.3.LTS\lib\</path>
         <kind>archive</kind>
         <file>rts430_eabi.lib</file>
         <name>int03.obj</name>
      </input_file>
      <input_file id="fl-3f">
         <path>C:\ti\ccsv7\tools\compiler\ti-cgt-msp430_16.9.3.LTS\lib\</path>
         <kind>archive</kind>
         <file>rts430_eabi.lib</file>
         <name>int05.obj</name>
      </input_file>
      <input_file id="fl-40">
         <path>C:\ti\ccsv7\tools\compiler\ti-cgt-msp430_16.9.3.LTS\lib\</path>
         <kind>archive</kind>
         <file>rts430_eabi.lib</file>
         <name>int06.obj</name>
      </input_file>
      <input_file id="fl-41">
         <path>C:\ti\ccsv7\tools\compiler\ti-cgt-msp430_16.9.3.LTS\lib\</path>
         <kind>archive</kind>
         <file>rts430_eabi.lib</file>
         <name>int07.obj</name>
      </input_file>
      <input_file id="fl-42">
         <path>C:\ti\ccsv7\tools\compiler\ti-cgt-msp430_16.9.3.LTS\lib\</path>
         <kind>archive</kind>
         <file>rts430_eabi.lib</file>
         <name>int08.obj</name>
      </input_file>
      <input_file id="fl-43">
         <path>C:\ti\ccsv7\tools\compiler\ti-cgt-msp430_16.9.3.LTS\lib\</path>
         <kind>archive</kind>
         <file>rts430_eabi.lib</file>
         <name>int09.obj</name>
      </input_file>
      <input_file id="fl-44">
         <path>C:\ti\ccsv7\tools\compiler\ti-cgt-msp430_16.9.3.LTS\lib\</path>
         <kind>archive</kind>
         <file>rts430_eabi.lib</file>
         <name>int10.obj</name>
      </input_file>
      <input_file id="fl-45">
         <path>C:\ti\ccsv7\tools\compiler\ti-cgt-msp430_16.9.3.LTS\lib\</path>
         <kind>archive</kind>
         <file>rts430_eabi.lib</file>
         <name>int11.obj</name>
      </input_file>
      <input_file id="fl-46">
         <path>C:\ti\ccsv7\tools\compiler\ti-cgt-msp430_16.9.3.LTS\lib\</path>
         <kind>archive</kind>
         <file>rts430_eabi.lib</file>
         <name>int12.obj</name>
      </input_file>
      <input_file id="fl-47">
         <path>C:\ti\ccsv7\tools\compiler\ti-cgt-msp430_16.9.3.LTS\lib\</path>
         <kind>archive</kind>
         <file>rts430_eabi.lib</file>
         <name>int13.obj</name>
      </input_file>
      <input_file id="fl-48">
         <path>C:\ti\ccsv7\tools\compiler\ti-cgt-msp430_16.9.3.LTS\lib\</path>
         <kind>archive</kind>
         <file>rts430_eabi.lib</file>
         <name>int14.obj</name>
      </input_file>
      <input_file id="fl-49">
         <path>C:\ti\ccsv7\tools\compiler\ti-cgt-msp430_16.9.3.LTS\lib\</path>
         <kind>archive</kind>
         <file>rts430_eabi.lib</file>
         <name>isr_trap.obj</name>
      </input_file>
      <input_file id="fl-4a">
         <path>C:\ti\ccsv7\tools\compiler\ti-cgt-msp430_16.9.3.LTS\lib\</path>
         <kind>archive</kind>
         <file>rts430_eabi.lib</file>
         <name>lsl16.obj</name>
      </input_file>
      <input_file id="fl-4b">
         <path>C:\ti\ccsv7\tools\compiler\ti-cgt-msp430_16.9.3.LTS\lib\</path>
         <kind>archive</kind>
         <file>rts430_eabi.lib</file>
         <name>lsl32.obj</name>
      </input_file>
      <input_file id="fl-4c">
         <path>C:\ti\ccsv7\tools\compiler\ti-cgt-msp430_16.9.3.LTS\lib\</path>
         <kind>archive</kind>
         <file>rts430_eabi.lib</file>
         <name>lsr16.obj</name>
      </input_file>
      <input_file id="fl-4d">
         <path>C:\ti\ccsv7\tools\compiler\ti-cgt-msp430_16.9.3.LTS\lib\</path>
         <kind>archive</kind>
         <file>rts430_eabi.lib</file>
         <name>lsr32.obj</name>
      </input_file>
      <input_file id="fl-4e">
         <path>C:\ti\ccsv7\tools\compiler\ti-cgt-msp430_16.9.3.LTS\lib\</path>
         <kind>archive</kind>
         <file>rts430_eabi.lib</file>
         <name>lsr64.obj</name>
      </input_file>
      <input_file id="fl-4f">
         <path>C:\ti\ccsv7\tools\compiler\ti-cgt-msp430_16.9.3.LTS\lib\</path>
         <kind>archive</kind>
         <file>rts430_eabi.lib</file>
         <name>memcpy.obj</name>
      </input_file>
      <input_file id="fl-50">
         <path>C:\ti\ccsv7\tools\compiler\ti-cgt-msp430_16.9.3.LTS\lib\</path>
         <kind>archive</kind>
         <file>rts430_eabi.lib</file>
         <name>mpu_init.obj</name>
      </input_file>
      <input_file id="fl-51">
         <path>C:\ti\ccsv7\tools\compiler\ti-cgt-msp430_16.9.3.LTS\lib\</path>
         <kind>archive</kind>
         <file>rts430_eabi.lib</file>
         <name>mpyd.obj</name>
      </input_file>
      <input_file id="fl-52">
         <path>C:\ti\ccsv7\tools\compiler\ti-cgt-msp430_16.9.3.LTS\lib\</path>
         <kind>archive</kind>
         <file>rts430_eabi.lib</file>
         <name>mult16.obj</name>
      </input_file>
      <input_file id="fl-53">
         <path>C:\ti\ccsv7\tools\compiler\ti-cgt-msp430_16.9.3.LTS\lib\</path>
         <kind>archive</kind>
         <file>rts430_eabi.lib</file>
         <name>mult1632_hw.obj</name>
      </input_file>
      <input_file id="fl-54">
         <path>C:\ti\ccsv7\tools\compiler\ti-cgt-msp430_16.9.3.LTS\lib\</path>
         <kind>archive</kind>
         <file>rts430_eabi.lib</file>
         <name>mult16_hw.obj</name>
      </input_file>
      <input_file id="fl-55">
         <path>C:\ti\ccsv7\tools\compiler\ti-cgt-msp430_16.9.3.LTS\lib\</path>
         <kind>archive</kind>
         <file>rts430_eabi.lib</file>
         <name>mult32.obj</name>
      </input_file>
      <input_file id="fl-56">
         <path>C:\ti\ccsv7\tools\compiler\ti-cgt-msp430_16.9.3.LTS\lib\</path>
         <kind>archive</kind>
         <file>rts430_eabi.lib</file>
         <name>mult3264_hw.obj</name>
      </input_file>
      <input_file id="fl-57">
         <path>C:\ti\ccsv7\tools\compiler\ti-cgt-msp430_16.9.3.LTS\lib\</path>
         <kind>archive</kind>
         <file>rts430_eabi.lib</file>
         <name>mult32_hw.obj</name>
      </input_file>
      <input_file id="fl-58">
         <path>C:\ti\ccsv7\tools\compiler\ti-cgt-msp430_16.9.3.LTS\lib\</path>
         <kind>archive</kind>
         <file>rts430_eabi.lib</file>
         <name>mult64_hw.obj</name>
      </input_file>
      <input_file id="fl-59">
         <path>C:\ti\ccsv7\tools\compiler\ti-cgt-msp430_16.9.3.LTS\lib\</path>
         <kind>archive</kind>
         <file>rts430_eabi.lib</file>
         <name>pre_init.obj</name>
      </input_file>
      <input_file id="fl-5a">
         <path>C:\ti\ccsv7\tools\compiler\ti-cgt-msp430_16.9.3.LTS\lib\</path>
         <kind>archive</kind>
         <file>rts430_eabi.lib</file>
         <name>renormd.obj</name>
      </input_file>
      <input_file id="fl-5b">
         <path>C:\ti\ccsv7\tools\compiler\ti-cgt-msp430_16.9.3.LTS\lib\</path>
         <kind>archive</kind>
         <file>rts430_eabi.lib</file>
         <name>subd.obj</name>
      </input_file>
      <input_file id="fl-5c">
         <path>C:\ti\ccsv7\tools\compiler\ti-cgt-msp430_16.9.3.LTS\lib\</path>
         <kind>archive</kind>
         <file>rts430_eabi.lib</file>
         <name>trgdrv.obj</name>
      </input_file>
      <input_file id="fl-5d">
         <path>C:\ti\ccsv7\tools\compiler\ti-cgt-msp430_16.9.3.LTS\lib\</path>
         <kind>archive</kind>
         <file>rts430_eabi.lib</file>
         <name>trgmsg.obj</name>
      </input_file>
      <input_file id="fl-5e">
         <path>C:\ti\ccsv7\tools\compiler\ti-cgt-msp430_16.9.3.LTS\lib\</path>
         <kind>archive</kind>
         <file>rts430_eabi.lib</file>
         <name>_lock.obj</name>
      </input_file>
      <input_file id="fl-5f">
         <path>C:\ti\ccsv7\tools\compiler\ti-cgt-msp430_16.9.3.LTS\lib\</path>
         <kind>archive</kind>
         <file>rts430_eabi.lib</file>
         <name>args_main.obj</name>
      </input_file>
      <input_file id="fl-60">
         <path>C:\ti\ccsv7\tools\compiler\ti-cgt-msp430_16.9.3.LTS\lib\</path>
         <kind>archive</kind>
         <file>rts430_eabi.lib</file>
         <name>asr32.obj</name>
      </input_file>
      <input_file id="fl-61">
         <path>C:\ti\ccsv7\tools\compiler\ti-cgt-msp430_16.9.3.LTS\lib\</path>
         <kind>archive</kind>
         <file>rts430_eabi.lib</file>
         <name>autoinit_wdt.obj</name>
      </input_file>
      <input_file id="fl-62">
         <path>C:\ti\ccsv7\tools\compiler\ti-cgt-msp430_16.9.3.LTS\lib\</path>
         <kind>archive</kind>
         <file>rts430_eabi.lib</file>
         <name>cpy_tbl.obj</name>
      </input_file>
      <input_file id="fl-63">
         <path>C:\ti\ccsv7\tools\compiler\ti-cgt-msp430_16.9.3.LTS\lib\</path>
         <kind>archive</kind>
         <file>rts430_eabi.lib</file>
         <name>frcmpyd.obj</name>
      </input_file>
      <input_file id="fl-64">
         <path>C:\ti\ccsv7\tools\compiler\ti-cgt-msp430_16.9.3.LTS\lib\</path>
         <kind>archive</kind>
         <file>rts430_eabi.lib</file>
         <name>startup.obj</name>
      </input_file>
      <input_file id="fl-65">
         <path>C:\ti\ccsv7\tools\compiler\ti-cgt-msp430_16.9.3.LTS\lib\</path>
         <kind>archive</kind>
         <file>rts430_eabi.lib</file>
         <name>strcpy.obj</name>
      </input_file>
      <input_file id="fl-66">
         <path>C:\ti\ccsv7\tools\compiler\ti-cgt-msp430_16.9.3.LTS\lib\</path>
         <kind>archive</kind>
         <file>rts430_eabi.lib</file>
         <name>strlen.obj</name>
      </input_file>
   </input_file_list>
   <object_component_list>
      <object_component id="oc-213">
         <name>.bss:rfRxInfo</name>
         <uninitialized>true</uninitialized>
         <run_address>0x1308</run_address>
         <size>0xc</size>
         <input_file_ref idref="fl-8"/>
      </object_component>
      <object_component id="oc-21c">
         <name>.bss:rfTxInfo</name>
         <uninitialized>true</uninitialized>
         <run_address>0x1314</run_address>
         <size>0xa</size>
         <input_file_ref idref="fl-8"/>
      </object_component>
      <object_component id="oc-21f">
         <name>.bss:pTxBuffer</name>
         <uninitialized>true</uninitialized>
         <run_address>0x1294</run_address>
         <size>0x74</size>
         <input_file_ref idref="fl-8"/>
      </object_component>
      <object_component id="oc-222">
         <name>.bss:pRxBuffer</name>
         <uninitialized>true</uninitialized>
         <run_address>0x1220</run_address>
         <size>0x74</size>
         <input_file_ref idref="fl-8"/>
      </object_component>
      <object_component id="oc-2e4">
         <name>.bss:parmbuf</name>
         <uninitialized>true</uninitialized>
         <run_address>0x1328</run_address>
         <size>0x8</size>
         <input_file_ref idref="fl-5c"/>
      </object_component>
      <object_component id="oc-1d0">
         <name>.common:rfSettings</name>
         <uninitialized>true</uninitialized>
         <run_address>0x131e</run_address>
         <size>0xa</size>
      </object_component>
      <object_component id="oc-1d5">
         <name>.common:x</name>
         <uninitialized>true</uninitialized>
         <run_address>0x1335</run_address>
         <size>0x1</size>
      </object_component>
      <object_component id="oc-1d3">
         <name>.common:estado</name>
         <uninitialized>true</uninitialized>
         <run_address>0x1332</run_address>
         <size>0x1</size>
      </object_component>
      <object_component id="oc-1d4">
         <name>.common:wait</name>
         <uninitialized>true</uninitialized>
         <run_address>0x1334</run_address>
         <size>0x1</size>
      </object_component>
      <object_component id="oc-295">
         <name>.common:i</name>
         <uninitialized>true</uninitialized>
         <run_address>0x1330</run_address>
         <size>0x2</size>
      </object_component>
      <object_component id="oc-1d6">
         <name>.common:recibidos</name>
         <uninitialized>true</uninitialized>
         <run_address>0x1333</run_address>
         <size>0x1</size>
      </object_component>
      <object_component id="oc-1cc">
         <name>.data</name>
         <load_address>0x133a</load_address>
         <run_address>0x133a</run_address>
         <size>0x1</size>
         <input_file_ref idref="fl-8"/>
      </object_component>
      <object_component id="oc-1f8">
         <name>.data:_lock</name>
         <load_address>0x1336</load_address>
         <run_address>0x1336</run_address>
         <size>0x2</size>
         <input_file_ref idref="fl-5e"/>
      </object_component>
      <object_component id="oc-201">
         <name>.data:_unlock</name>
         <load_address>0x1338</load_address>
         <run_address>0x1338</run_address>
         <size>0x2</size>
         <input_file_ref idref="fl-5e"/>
      </object_component>
      <object_component id="oc-135">
         <name>.stack</name>
         <uninitialized>true</uninitialized>
         <run_address>0x38b0</run_address>
         <size>0x2</size>
         <input_file_ref idref="fl-25"/>
      </object_component>
      <object_component id="oc-3cd">
         <name>.stack</name>
         <uninitialized>true</uninitialized>
         <run_address>0x38b0</run_address>
         <size>0x0</size>
      </object_component>
      <object_component id="oc-308">
         <name>.text:__TI_frcdivd</name>
         <load_address>0x4000</load_address>
         <run_address>0x4000</run_address>
         <size>0x480</size>
         <input_file_ref idref="fl-36"/>
      </object_component>
      <object_component id="oc-16b">
         <name>.text:fifo_rx</name>
         <load_address>0x4480</load_address>
         <run_address>0x4480</run_address>
         <size>0x3fc</size>
         <input_file_ref idref="fl-8"/>
      </object_component>
      <object_component id="oc-2cb">
         <name>.text:__mspabi_addd</name>
         <load_address>0x487c</load_address>
         <run_address>0x487c</run_address>
         <size>0x2e8</size>
         <input_file_ref idref="fl-23"/>
      </object_component>
      <object_component id="oc-322">
         <name>.text:__TI_frcmpyd</name>
         <load_address>0x4b64</load_address>
         <run_address>0x4b64</run_address>
         <size>0x286</size>
         <input_file_ref idref="fl-63"/>
      </object_component>
      <object_component id="oc-2d1">
         <name>.text:__mspabi_mpyd</name>
         <load_address>0x4dea</load_address>
         <run_address>0x4dea</run_address>
         <size>0x26e</size>
         <input_file_ref idref="fl-51"/>
      </object_component>
      <object_component id="oc-31a">
         <name>.text:__TI_frcaddd</name>
         <load_address>0x5058</load_address>
         <run_address>0x5058</run_address>
         <size>0x260</size>
         <input_file_ref idref="fl-35"/>
      </object_component>
      <object_component id="oc-2c5">
         <name>.text:__mspabi_divd</name>
         <load_address>0x52b8</load_address>
         <run_address>0x52b8</run_address>
         <size>0x238</size>
         <input_file_ref idref="fl-2e"/>
      </object_component>
      <object_component id="oc-296">
         <name>.text:basicRfSendPacket</name>
         <load_address>0x54f0</load_address>
         <run_address>0x54f0</run_address>
         <size>0x222</size>
         <input_file_ref idref="fl-8"/>
      </object_component>
      <object_component id="oc-216">
         <name>.text:basicRfInit</name>
         <load_address>0x5712</load_address>
         <run_address>0x5712</run_address>
         <size>0x19c</size>
         <input_file_ref idref="fl-8"/>
      </object_component>
      <object_component id="oc-198">
         <name>.text:main</name>
         <load_address>0x58ae</load_address>
         <run_address>0x58ae</run_address>
         <size>0xe2</size>
         <input_file_ref idref="fl-8"/>
      </object_component>
      <object_component id="oc-2dd">
         <name>.text:__mspabi_cmpd</name>
         <load_address>0x5990</load_address>
         <run_address>0x5990</run_address>
         <size>0xdc</size>
         <input_file_ref idref="fl-28"/>
      </object_component>
      <object_component id="oc-29d">
         <name>.text:wait_response</name>
         <load_address>0x5a6c</load_address>
         <run_address>0x5a6c</run_address>
         <size>0xc0</size>
         <input_file_ref idref="fl-8"/>
      </object_component>
      <object_component id="oc-364">
         <name>.text:__TI_renormd</name>
         <load_address>0x5b2c</load_address>
         <run_address>0x5b2c</run_address>
         <size>0xbe</size>
         <input_file_ref idref="fl-5a"/>
      </object_component>
      <object_component id="oc-32a">
         <name>.text:__mspabi_fltlid</name>
         <load_address>0x5bea</load_address>
         <run_address>0x5bea</run_address>
         <size>0xac</size>
         <input_file_ref idref="fl-33"/>
      </object_component>
      <object_component id="oc-2bc">
         <name>.text:__mspabi_fltuld</name>
         <load_address>0x5c96</load_address>
         <run_address>0x5c96</run_address>
         <size>0x8a</size>
         <input_file_ref idref="fl-34"/>
      </object_component>
      <object_component id="oc-17e">
         <name>.text:_auto_init_hold_wdt</name>
         <load_address>0x5d20</load_address>
         <run_address>0x5d20</run_address>
         <size>0x84</size>
         <input_file_ref idref="fl-61"/>
      </object_component>
      <object_component id="oc-33">
         <name>.text:decompress:lzss:__TI_decompress_lzss</name>
         <load_address>0x5da4</load_address>
         <run_address>0x5da4</run_address>
         <size>0x7c</size>
         <input_file_ref idref="fl-29"/>
      </object_component>
      <object_component id="oc-22b">
         <name>.text:enviar_trama</name>
         <load_address>0x5e20</load_address>
         <run_address>0x5e20</run_address>
         <size>0x60</size>
         <input_file_ref idref="fl-8"/>
      </object_component>
      <object_component id="oc-2fe">
         <name>.text:l_lsr_const</name>
         <load_address>0x5e80</load_address>
         <run_address>0x5e80</run_address>
         <size>0x5c</size>
         <input_file_ref idref="fl-4d"/>
      </object_component>
      <object_component id="oc-1e0">
         <name>.text:copy_in</name>
         <load_address>0x5edc</load_address>
         <run_address>0x5edc</run_address>
         <size>0x5a</size>
         <input_file_ref idref="fl-62"/>
      </object_component>
      <object_component id="oc-2b6">
         <name>.text:HOSTclock</name>
         <load_address>0x5f36</load_address>
         <run_address>0x5f36</run_address>
         <size>0x50</size>
         <input_file_ref idref="fl-5c"/>
      </object_component>
      <object_component id="oc-13e">
         <name>.text</name>
         <load_address>0x5f86</load_address>
         <run_address>0x5f86</run_address>
         <size>0x4c</size>
         <input_file_ref idref="fl-4c"/>
      </object_component>
      <object_component id="oc-281">
         <name>.text:halRfSetChannel</name>
         <load_address>0x5fd2</load_address>
         <run_address>0x5fd2</run_address>
         <size>0x46</size>
         <input_file_ref idref="fl-3"/>
      </object_component>
      <object_component id="oc-165">
         <name>.text:P2_ISR</name>
         <load_address>0x6018</load_address>
         <run_address>0x6018</run_address>
         <size>0x40</size>
         <input_file_ref idref="fl-8"/>
      </object_component>
      <object_component id="oc-34b">
         <name>.text:l_asr_const</name>
         <load_address>0x6058</load_address>
         <run_address>0x6058</run_address>
         <size>0x3e</size>
         <input_file_ref idref="fl-60"/>
      </object_component>
      <object_component id="oc-2f3">
         <name>.text:l_lsl_const</name>
         <load_address>0x6096</load_address>
         <run_address>0x6096</run_address>
         <size>0x3e</size>
         <input_file_ref idref="fl-4b"/>
      </object_component>
      <object_component id="oc-225">
         <name>.text:basicRfReceiveOn</name>
         <load_address>0x60d4</load_address>
         <run_address>0x60d4</run_address>
         <size>0x38</size>
         <input_file_ref idref="fl-8"/>
      </object_component>
      <object_component id="oc-207">
         <name>.text:halSpiInit</name>
         <load_address>0x610c</load_address>
         <run_address>0x610c</run_address>
         <size>0x34</size>
         <input_file_ref idref="fl-5"/>
      </object_component>
      <object_component id="oc-2e7">
         <name>.text:__TI_writemsg</name>
         <load_address>0x6140</load_address>
         <run_address>0x6140</run_address>
         <size>0x2e</size>
         <input_file_ref idref="fl-5d"/>
      </object_component>
      <object_component id="oc-346">
         <name>.text</name>
         <load_address>0x616e</load_address>
         <run_address>0x616e</run_address>
         <size>0x2e</size>
         <input_file_ref idref="fl-57"/>
      </object_component>
      <object_component id="oc-2ed">
         <name>.text:__TI_readmsg</name>
         <load_address>0x619c</load_address>
         <run_address>0x619c</run_address>
         <size>0x2c</size>
         <input_file_ref idref="fl-5d"/>
      </object_component>
      <object_component id="oc-315">
         <name>.text</name>
         <load_address>0x61c8</load_address>
         <run_address>0x61c8</run_address>
         <size>0x2c</size>
         <input_file_ref idref="fl-24"/>
      </object_component>
      <object_component id="oc-139">
         <name>.text</name>
         <load_address>0x61f4</load_address>
         <run_address>0x61f4</run_address>
         <size>0x2c</size>
         <input_file_ref idref="fl-4a"/>
      </object_component>
      <object_component id="oc-287">
         <name>.text:halRfWaitForCrystalOscillator</name>
         <load_address>0x6220</load_address>
         <run_address>0x6220</run_address>
         <size>0x24</size>
         <input_file_ref idref="fl-4"/>
      </object_component>
      <object_component id="oc-231">
         <name>.text:rfshutdown</name>
         <load_address>0x6244</load_address>
         <run_address>0x6244</run_address>
         <size>0x24</size>
         <input_file_ref idref="fl-8"/>
      </object_component>
      <object_component id="oc-20d">
         <name>.text:InitP2_7</name>
         <load_address>0x6268</load_address>
         <run_address>0x6268</run_address>
         <size>0x1c</size>
         <input_file_ref idref="fl-8"/>
      </object_component>
      <object_component id="oc-6c">
         <name>.text:_c_int00_noargs_noexit</name>
         <load_address>0x6284</load_address>
         <run_address>0x6284</run_address>
         <size>0x1a</size>
         <input_file_ref idref="fl-26"/>
      </object_component>
      <object_component id="oc-4e">
         <name>.text:decompress:ZI:__TI_zero_init</name>
         <load_address>0x629e</load_address>
         <run_address>0x629e</run_address>
         <size>0x14</size>
         <input_file_ref idref="fl-2b"/>
      </object_component>
      <object_component id="oc-24e">
         <name>.text</name>
         <load_address>0x62b2</load_address>
         <run_address>0x62b2</run_address>
         <size>0x14</size>
         <input_file_ref idref="fl-54"/>
      </object_component>
      <object_component id="oc-39">
         <name>.text:decompress:none:__TI_decompress_none</name>
         <load_address>0x62c6</load_address>
         <run_address>0x62c6</run_address>
         <size>0x12</size>
         <input_file_ref idref="fl-2a"/>
      </object_component>
      <object_component id="oc-35a">
         <name>.text:l_lsr</name>
         <load_address>0x62d8</load_address>
         <run_address>0x62d8</run_address>
         <size>0x12</size>
         <input_file_ref idref="fl-4d"/>
      </object_component>
      <object_component id="oc-153">
         <name>.text:memcpy</name>
         <load_address>0x62ea</load_address>
         <run_address>0x62ea</run_address>
         <size>0x12</size>
         <input_file_ref idref="fl-4f"/>
      </object_component>
      <object_component id="oc-35f">
         <name>.text:l_asr</name>
         <load_address>0x62fc</load_address>
         <run_address>0x62fc</run_address>
         <size>0x10</size>
         <input_file_ref idref="fl-60"/>
      </object_component>
      <object_component id="oc-355">
         <name>.text:l_lsl</name>
         <load_address>0x630c</load_address>
         <run_address>0x630c</run_address>
         <size>0x10</size>
         <input_file_ref idref="fl-4b"/>
      </object_component>
      <object_component id="oc-143">
         <name>.text</name>
         <load_address>0x631c</load_address>
         <run_address>0x631c</run_address>
         <size>0x10</size>
         <input_file_ref idref="fl-2f"/>
      </object_component>
      <object_component id="oc-2d7">
         <name>.text:__mspabi_fltid</name>
         <load_address>0x632c</load_address>
         <run_address>0x632c</run_address>
         <size>0xc</size>
         <input_file_ref idref="fl-32"/>
      </object_component>
      <object_component id="oc-160">
         <name>.text:_isr:__TI_ISR_TRAP</name>
         <load_address>0x6338</load_address>
         <run_address>0x6338</run_address>
         <size>0x8</size>
         <input_file_ref idref="fl-49"/>
      </object_component>
      <object_component id="oc-1c6">
         <name>.text:halWait</name>
         <load_address>0x6340</load_address>
         <run_address>0x6340</run_address>
         <size>0x8</size>
         <input_file_ref idref="fl-6"/>
      </object_component>
      <object_component id="oc-1a0">
         <name>.text:abort</name>
         <load_address>0x6348</load_address>
         <run_address>0x6348</run_address>
         <size>0x6</size>
         <input_file_ref idref="fl-30"/>
      </object_component>
      <object_component id="oc-178">
         <name>.text:_system_pre_init</name>
         <load_address>0x634e</load_address>
         <run_address>0x634e</run_address>
         <size>0x4</size>
         <input_file_ref idref="fl-59"/>
      </object_component>
      <object_component id="oc-26b">
         <name>.text:_nop</name>
         <load_address>0x6352</load_address>
         <run_address>0x6352</run_address>
         <size>0x2</size>
         <input_file_ref idref="fl-5e"/>
      </object_component>
      <object_component id="oc-1e6">
         <name>.text:_system_post_cinit</name>
         <load_address>0x6354</load_address>
         <run_address>0x6354</run_address>
         <size>0x2</size>
         <input_file_ref idref="fl-64"/>
      </object_component>
      <object_component id="oc-3cc">
         <name>.cinit..data.load</name>
         <load_address>0x635a</load_address>
         <run_address>0x635a</run_address>
         <size>0x9</size>
      </object_component>
      <object_component id="oc-3c9">
         <name>__TI_handler_table</name>
         <load_address>0x6364</load_address>
         <run_address>0x6364</run_address>
         <size>0x6</size>
      </object_component>
      <object_component id="oc-3cb">
         <name>.cinit..bss.load</name>
         <load_address>0x636a</load_address>
         <run_address>0x636a</run_address>
         <size>0x4</size>
      </object_component>
      <object_component id="oc-3ca">
         <name>__TI_cinit_table</name>
         <load_address>0x636e</load_address>
         <run_address>0x636e</run_address>
         <size>0x8</size>
      </object_component>
      <object_component id="oc-2c2">
         <name>.const</name>
         <load_address>0x6356</load_address>
         <run_address>0x6356</run_address>
         <size>0x4</size>
         <input_file_ref idref="fl-27"/>
      </object_component>
      <object_component id="oc-335">
         <name>.cio</name>
         <uninitialized>true</uninitialized>
         <run_address>0x1100</run_address>
         <size>0x120</size>
         <input_file_ref idref="fl-5d"/>
      </object_component>
      <object_component id="oc-396">
         <name>.binit</name>
         <load_address>0x4000</load_address>
         <run_address>0x4000</run_address>
         <size>0x0</size>
      </object_component>
      <object_component id="oc-3f">
         <name>.int00</name>
         <load_address>0xffe0</load_address>
         <run_address>0xffe0</run_address>
         <size>0x2</size>
         <input_file_ref idref="fl-3c"/>
      </object_component>
      <object_component id="oc-40">
         <name>.int01</name>
         <load_address>0xffe2</load_address>
         <run_address>0xffe2</run_address>
         <size>0x2</size>
         <input_file_ref idref="fl-8"/>
      </object_component>
      <object_component id="oc-41">
         <name>.int02</name>
         <load_address>0xffe4</load_address>
         <run_address>0xffe4</run_address>
         <size>0x2</size>
         <input_file_ref idref="fl-3d"/>
      </object_component>
      <object_component id="oc-42">
         <name>.int03</name>
         <load_address>0xffe6</load_address>
         <run_address>0xffe6</run_address>
         <size>0x2</size>
         <input_file_ref idref="fl-3e"/>
      </object_component>
      <object_component id="oc-43">
         <name>.int04</name>
         <load_address>0xffe8</load_address>
         <run_address>0xffe8</run_address>
         <size>0x2</size>
         <input_file_ref idref="fl-8"/>
      </object_component>
      <object_component id="oc-44">
         <name>.int05</name>
         <load_address>0xffea</load_address>
         <run_address>0xffea</run_address>
         <size>0x2</size>
         <input_file_ref idref="fl-3f"/>
      </object_component>
      <object_component id="oc-45">
         <name>.int06</name>
         <load_address>0xffec</load_address>
         <run_address>0xffec</run_address>
         <size>0x2</size>
         <input_file_ref idref="fl-40"/>
      </object_component>
      <object_component id="oc-46">
         <name>.int07</name>
         <load_address>0xffee</load_address>
         <run_address>0xffee</run_address>
         <size>0x2</size>
         <input_file_ref idref="fl-41"/>
      </object_component>
      <object_component id="oc-47">
         <name>.int08</name>
         <load_address>0xfff0</load_address>
         <run_address>0xfff0</run_address>
         <size>0x2</size>
         <input_file_ref idref="fl-42"/>
      </object_component>
      <object_component id="oc-48">
         <name>.int09</name>
         <load_address>0xfff2</load_address>
         <run_address>0xfff2</run_address>
         <size>0x2</size>
         <input_file_ref idref="fl-43"/>
      </object_component>
      <object_component id="oc-49">
         <name>.int10</name>
         <load_address>0xfff4</load_address>
         <run_address>0xfff4</run_address>
         <size>0x2</size>
         <input_file_ref idref="fl-44"/>
      </object_component>
      <object_component id="oc-4a">
         <name>.int11</name>
         <load_address>0xfff6</load_address>
         <run_address>0xfff6</run_address>
         <size>0x2</size>
         <input_file_ref idref="fl-45"/>
      </object_component>
      <object_component id="oc-4b">
         <name>.int12</name>
         <load_address>0xfff8</load_address>
         <run_address>0xfff8</run_address>
         <size>0x2</size>
         <input_file_ref idref="fl-46"/>
      </object_component>
      <object_component id="oc-4c">
         <name>.int13</name>
         <load_address>0xfffa</load_address>
         <run_address>0xfffa</run_address>
         <size>0x2</size>
         <input_file_ref idref="fl-47"/>
      </object_component>
      <object_component id="oc-4d">
         <name>.int14</name>
         <load_address>0xfffc</load_address>
         <run_address>0xfffc</run_address>
         <size>0x2</size>
         <input_file_ref idref="fl-48"/>
      </object_component>
      <object_component id="oc-138">
         <name>.reset</name>
         <load_address>0xfffe</load_address>
         <run_address>0xfffe</run_address>
         <size>0x2</size>
         <input_file_ref idref="fl-25"/>
      </object_component>
      <object_component id="oc-24c">
         <name>.debug_info</name>
         <load_address>0x0</load_address>
         <run_address>0x0</run_address>
         <size>0x18c</size>
         <input_file_ref idref="fl-2"/>
      </object_component>
      <object_component id="oc-242">
         <name>.debug_info</name>
         <load_address>0x18c</load_address>
         <run_address>0x18c</run_address>
         <size>0x1cc</size>
         <input_file_ref idref="fl-2"/>
      </object_component>
      <object_component id="oc-14e">
         <name>.debug_info</name>
         <load_address>0x358</load_address>
         <run_address>0x358</run_address>
         <size>0x84</size>
         <input_file_ref idref="fl-2"/>
      </object_component>
      <object_component id="oc-1d8">
         <name>.debug_info</name>
         <load_address>0x3dc</load_address>
         <run_address>0x3dc</run_address>
         <size>0x94</size>
         <input_file_ref idref="fl-2"/>
      </object_component>
      <object_component id="oc-1b9">
         <name>.debug_info</name>
         <load_address>0x470</load_address>
         <run_address>0x470</run_address>
         <size>0x2c</size>
         <input_file_ref idref="fl-2"/>
      </object_component>
      <object_component id="oc-282">
         <name>.debug_info</name>
         <load_address>0x49c</load_address>
         <run_address>0x49c</run_address>
         <size>0x177</size>
         <input_file_ref idref="fl-3"/>
      </object_component>
      <object_component id="oc-288">
         <name>.debug_info</name>
         <load_address>0x613</load_address>
         <run_address>0x613</run_address>
         <size>0x1ad</size>
         <input_file_ref idref="fl-4"/>
      </object_component>
      <object_component id="oc-208">
         <name>.debug_info</name>
         <load_address>0x7c0</load_address>
         <run_address>0x7c0</run_address>
         <size>0x113</size>
         <input_file_ref idref="fl-5"/>
      </object_component>
      <object_component id="oc-1c7">
         <name>.debug_info</name>
         <load_address>0x8d3</load_address>
         <run_address>0x8d3</run_address>
         <size>0x13e</size>
         <input_file_ref idref="fl-6"/>
      </object_component>
      <object_component id="oc-1d1">
         <name>.debug_info</name>
         <load_address>0xa11</load_address>
         <run_address>0xa11</run_address>
         <size>0x58d</size>
         <input_file_ref idref="fl-8"/>
      </object_component>
      <object_component id="oc-1cd">
         <name>.debug_info</name>
         <load_address>0xf9e</load_address>
         <run_address>0xf9e</run_address>
         <size>0xe6</size>
         <input_file_ref idref="fl-8"/>
      </object_component>
      <object_component id="oc-214">
         <name>.debug_info</name>
         <load_address>0x1084</load_address>
         <run_address>0x1084</run_address>
         <size>0xdd</size>
         <input_file_ref idref="fl-8"/>
      </object_component>
      <object_component id="oc-21d">
         <name>.debug_info</name>
         <load_address>0x1161</load_address>
         <run_address>0x1161</run_address>
         <size>0xdd</size>
         <input_file_ref idref="fl-8"/>
      </object_component>
      <object_component id="oc-220">
         <name>.debug_info</name>
         <load_address>0x123e</load_address>
         <run_address>0x123e</run_address>
         <size>0xdf</size>
         <input_file_ref idref="fl-8"/>
      </object_component>
      <object_component id="oc-223">
         <name>.debug_info</name>
         <load_address>0x131d</load_address>
         <run_address>0x131d</run_address>
         <size>0xdf</size>
         <input_file_ref idref="fl-8"/>
      </object_component>
      <object_component id="oc-199">
         <name>.debug_info</name>
         <load_address>0x13fc</load_address>
         <run_address>0x13fc</run_address>
         <size>0x1c4</size>
         <input_file_ref idref="fl-8"/>
      </object_component>
      <object_component id="oc-20e">
         <name>.debug_info</name>
         <load_address>0x15c0</load_address>
         <run_address>0x15c0</run_address>
         <size>0x10c</size>
         <input_file_ref idref="fl-8"/>
      </object_component>
      <object_component id="oc-217">
         <name>.debug_info</name>
         <load_address>0x16cc</load_address>
         <run_address>0x16cc</run_address>
         <size>0x223</size>
         <input_file_ref idref="fl-8"/>
      </object_component>
      <object_component id="oc-297">
         <name>.debug_info</name>
         <load_address>0x18ef</load_address>
         <run_address>0x18ef</run_address>
         <size>0x22a</size>
         <input_file_ref idref="fl-8"/>
      </object_component>
      <object_component id="oc-226">
         <name>.debug_info</name>
         <load_address>0x1b19</load_address>
         <run_address>0x1b19</run_address>
         <size>0x11f</size>
         <input_file_ref idref="fl-8"/>
      </object_component>
      <object_component id="oc-232">
         <name>.debug_info</name>
         <load_address>0x1c38</load_address>
         <run_address>0x1c38</run_address>
         <size>0x127</size>
         <input_file_ref idref="fl-8"/>
      </object_component>
      <object_component id="oc-166">
         <name>.debug_info</name>
         <load_address>0x1d5f</load_address>
         <run_address>0x1d5f</run_address>
         <size>0x11a</size>
         <input_file_ref idref="fl-8"/>
      </object_component>
      <object_component id="oc-16c">
         <name>.debug_info</name>
         <load_address>0x1e79</load_address>
         <run_address>0x1e79</run_address>
         <size>0x29b</size>
         <input_file_ref idref="fl-8"/>
      </object_component>
      <object_component id="oc-29e">
         <name>.debug_info</name>
         <load_address>0x2114</load_address>
         <run_address>0x2114</run_address>
         <size>0x21d</size>
         <input_file_ref idref="fl-8"/>
      </object_component>
      <object_component id="oc-22c">
         <name>.debug_info</name>
         <load_address>0x2331</load_address>
         <run_address>0x2331</run_address>
         <size>0x151</size>
         <input_file_ref idref="fl-8"/>
      </object_component>
      <object_component id="oc-247">
         <name>.debug_info</name>
         <load_address>0x2482</load_address>
         <run_address>0x2482</run_address>
         <size>0x189</size>
         <input_file_ref idref="fl-8"/>
      </object_component>
      <object_component id="oc-321">
         <name>.debug_info</name>
         <load_address>0x260b</load_address>
         <run_address>0x260b</run_address>
         <size>0x206</size>
         <input_file_ref idref="fl-23"/>
      </object_component>
      <object_component id="oc-2cf">
         <name>.debug_info</name>
         <load_address>0x2811</load_address>
         <run_address>0x2811</run_address>
         <size>0x253</size>
         <input_file_ref idref="fl-23"/>
      </object_component>
      <object_component id="oc-30f">
         <name>.debug_info</name>
         <load_address>0x2a64</load_address>
         <run_address>0x2a64</run_address>
         <size>0x94</size>
         <input_file_ref idref="fl-23"/>
      </object_component>
      <object_component id="oc-316">
         <name>.debug_info</name>
         <load_address>0x2af8</load_address>
         <run_address>0x2af8</run_address>
         <size>0x118</size>
         <input_file_ref idref="fl-24"/>
      </object_component>
      <object_component id="oc-136">
         <name>.debug_info</name>
         <load_address>0x2c10</load_address>
         <run_address>0x2c10</run_address>
         <size>0xf5</size>
         <input_file_ref idref="fl-25"/>
      </object_component>
      <object_component id="oc-6d">
         <name>.debug_info</name>
         <load_address>0x2d05</load_address>
         <run_address>0x2d05</run_address>
         <size>0x196</size>
         <input_file_ref idref="fl-26"/>
      </object_component>
      <object_component id="oc-307">
         <name>.debug_info</name>
         <load_address>0x2e9b</load_address>
         <run_address>0x2e9b</run_address>
         <size>0x16e</size>
         <input_file_ref idref="fl-27"/>
      </object_component>
      <object_component id="oc-2c3">
         <name>.debug_info</name>
         <load_address>0x3009</load_address>
         <run_address>0x3009</run_address>
         <size>0x118</size>
         <input_file_ref idref="fl-27"/>
      </object_component>
      <object_component id="oc-341">
         <name>.debug_info</name>
         <load_address>0x3121</load_address>
         <run_address>0x3121</run_address>
         <size>0x39</size>
         <input_file_ref idref="fl-27"/>
      </object_component>
      <object_component id="oc-2de">
         <name>.debug_info</name>
         <load_address>0x315a</load_address>
         <run_address>0x315a</run_address>
         <size>0x1a4</size>
         <input_file_ref idref="fl-28"/>
      </object_component>
      <object_component id="oc-1b6">
         <name>.debug_info</name>
         <load_address>0x32fe</load_address>
         <run_address>0x32fe</run_address>
         <size>0x16b</size>
         <input_file_ref idref="fl-29"/>
      </object_component>
      <object_component id="oc-35">
         <name>.debug_info</name>
         <load_address>0x3469</load_address>
         <run_address>0x3469</run_address>
         <size>0x287</size>
         <input_file_ref idref="fl-29"/>
      </object_component>
      <object_component id="oc-149">
         <name>.debug_info</name>
         <load_address>0x36f0</load_address>
         <run_address>0x36f0</run_address>
         <size>0x60</size>
         <input_file_ref idref="fl-29"/>
      </object_component>
      <object_component id="oc-1b1">
         <name>.debug_info</name>
         <load_address>0x3750</load_address>
         <run_address>0x3750</run_address>
         <size>0x46</size>
         <input_file_ref idref="fl-29"/>
      </object_component>
      <object_component id="oc-15f">
         <name>.debug_info</name>
         <load_address>0x3796</load_address>
         <run_address>0x3796</run_address>
         <size>0x1b2</size>
         <input_file_ref idref="fl-2a"/>
      </object_component>
      <object_component id="oc-3b">
         <name>.debug_info</name>
         <load_address>0x3948</load_address>
         <run_address>0x3948</run_address>
         <size>0x1df</size>
         <input_file_ref idref="fl-2a"/>
      </object_component>
      <object_component id="oc-15a">
         <name>.debug_info</name>
         <load_address>0x3b27</load_address>
         <run_address>0x3b27</run_address>
         <size>0x46</size>
         <input_file_ref idref="fl-2a"/>
      </object_component>
      <object_component id="oc-1be">
         <name>.debug_info</name>
         <load_address>0x3b6d</load_address>
         <run_address>0x3b6d</run_address>
         <size>0x2c</size>
         <input_file_ref idref="fl-2a"/>
      </object_component>
      <object_component id="oc-177">
         <name>.debug_info</name>
         <load_address>0x3b99</load_address>
         <run_address>0x3b99</run_address>
         <size>0x16a</size>
         <input_file_ref idref="fl-2b"/>
      </object_component>
      <object_component id="oc-4f">
         <name>.debug_info</name>
         <load_address>0x3d03</load_address>
         <run_address>0x3d03</run_address>
         <size>0x1b5</size>
         <input_file_ref idref="fl-2b"/>
      </object_component>
      <object_component id="oc-172">
         <name>.debug_info</name>
         <load_address>0x3eb8</load_address>
         <run_address>0x3eb8</run_address>
         <size>0x46</size>
         <input_file_ref idref="fl-2b"/>
      </object_component>
      <object_component id="oc-314">
         <name>.debug_info</name>
         <load_address>0x3efe</load_address>
         <run_address>0x3efe</run_address>
         <size>0x201</size>
         <input_file_ref idref="fl-2e"/>
      </object_component>
      <object_component id="oc-2c6">
         <name>.debug_info</name>
         <load_address>0x40ff</load_address>
         <run_address>0x40ff</run_address>
         <size>0x27f</size>
         <input_file_ref idref="fl-2e"/>
      </object_component>
      <object_component id="oc-144">
         <name>.debug_info</name>
         <load_address>0x437e</load_address>
         <run_address>0x437e</run_address>
         <size>0x126</size>
         <input_file_ref idref="fl-2f"/>
      </object_component>
      <object_component id="oc-1a2">
         <name>.debug_info</name>
         <load_address>0x44a4</load_address>
         <run_address>0x44a4</run_address>
         <size>0x117</size>
         <input_file_ref idref="fl-30"/>
      </object_component>
      <object_component id="oc-2db">
         <name>.debug_info</name>
         <load_address>0x45bb</load_address>
         <run_address>0x45bb</run_address>
         <size>0x15b</size>
         <input_file_ref idref="fl-32"/>
      </object_component>
      <object_component id="oc-373">
         <name>.debug_info</name>
         <load_address>0x4716</load_address>
         <run_address>0x4716</run_address>
         <size>0x1ca</size>
         <input_file_ref idref="fl-33"/>
      </object_component>
      <object_component id="oc-32c">
         <name>.debug_info</name>
         <load_address>0x48e0</load_address>
         <run_address>0x48e0</run_address>
         <size>0x210</size>
         <input_file_ref idref="fl-33"/>
      </object_component>
      <object_component id="oc-304">
         <name>.debug_info</name>
         <load_address>0x4af0</load_address>
         <run_address>0x4af0</run_address>
         <size>0x1ca</size>
         <input_file_ref idref="fl-34"/>
      </object_component>
      <object_component id="oc-2bd">
         <name>.debug_info</name>
         <load_address>0x4cba</load_address>
         <run_address>0x4cba</run_address>
         <size>0x1d8</size>
         <input_file_ref idref="fl-34"/>
      </object_component>
      <object_component id="oc-36b">
         <name>.debug_info</name>
         <load_address>0x4e92</load_address>
         <run_address>0x4e92</run_address>
         <size>0x1ff</size>
         <input_file_ref idref="fl-35"/>
      </object_component>
      <object_component id="oc-31b">
         <name>.debug_info</name>
         <load_address>0x5091</load_address>
         <run_address>0x5091</run_address>
         <size>0x31e</size>
         <input_file_ref idref="fl-35"/>
      </object_component>
      <object_component id="oc-351">
         <name>.debug_info</name>
         <load_address>0x53af</load_address>
         <run_address>0x53af</run_address>
         <size>0x1d1</size>
         <input_file_ref idref="fl-36"/>
      </object_component>
      <object_component id="oc-309">
         <name>.debug_info</name>
         <load_address>0x5580</load_address>
         <run_address>0x5580</run_address>
         <size>0x5c4</size>
         <input_file_ref idref="fl-36"/>
      </object_component>
      <object_component id="oc-162">
         <name>.debug_info</name>
         <load_address>0x5b44</load_address>
         <run_address>0x5b44</run_address>
         <size>0x107</size>
         <input_file_ref idref="fl-49"/>
      </object_component>
      <object_component id="oc-13a">
         <name>.debug_info</name>
         <load_address>0x5c4b</load_address>
         <run_address>0x5c4b</run_address>
         <size>0x118</size>
         <input_file_ref idref="fl-4a"/>
      </object_component>
      <object_component id="oc-357">
         <name>.debug_info</name>
         <load_address>0x5d63</load_address>
         <run_address>0x5d63</run_address>
         <size>0x118</size>
         <input_file_ref idref="fl-4b"/>
      </object_component>
      <object_component id="oc-2f6">
         <name>.debug_info</name>
         <load_address>0x5e7b</load_address>
         <run_address>0x5e7b</run_address>
         <size>0x11e</size>
         <input_file_ref idref="fl-4b"/>
      </object_component>
      <object_component id="oc-13f">
         <name>.debug_info</name>
         <load_address>0x5f99</load_address>
         <run_address>0x5f99</run_address>
         <size>0x118</size>
         <input_file_ref idref="fl-4c"/>
      </object_component>
      <object_component id="oc-35c">
         <name>.debug_info</name>
         <load_address>0x60b1</load_address>
         <run_address>0x60b1</run_address>
         <size>0x118</size>
         <input_file_ref idref="fl-4d"/>
      </object_component>
      <object_component id="oc-301">
         <name>.debug_info</name>
         <load_address>0x61c9</load_address>
         <run_address>0x61c9</run_address>
         <size>0x11e</size>
         <input_file_ref idref="fl-4d"/>
      </object_component>
      <object_component id="oc-1b8">
         <name>.debug_info</name>
         <load_address>0x62e7</load_address>
         <run_address>0x62e7</run_address>
         <size>0x16d</size>
         <input_file_ref idref="fl-4f"/>
      </object_component>
      <object_component id="oc-154">
         <name>.debug_info</name>
         <load_address>0x6454</load_address>
         <run_address>0x6454</run_address>
         <size>0x191</size>
         <input_file_ref idref="fl-4f"/>
      </object_component>
      <object_component id="oc-329">
         <name>.debug_info</name>
         <load_address>0x65e5</load_address>
         <run_address>0x65e5</run_address>
         <size>0x201</size>
         <input_file_ref idref="fl-51"/>
      </object_component>
      <object_component id="oc-2d2">
         <name>.debug_info</name>
         <load_address>0x67e6</load_address>
         <run_address>0x67e6</run_address>
         <size>0x2d5</size>
         <input_file_ref idref="fl-51"/>
      </object_component>
      <object_component id="oc-250">
         <name>.debug_info</name>
         <load_address>0x6abb</load_address>
         <run_address>0x6abb</run_address>
         <size>0x117</size>
         <input_file_ref idref="fl-54"/>
      </object_component>
      <object_component id="oc-348">
         <name>.debug_info</name>
         <load_address>0x6bd2</load_address>
         <run_address>0x6bd2</run_address>
         <size>0x117</size>
         <input_file_ref idref="fl-57"/>
      </object_component>
      <object_component id="oc-17c">
         <name>.debug_info</name>
         <load_address>0x6ce9</load_address>
         <run_address>0x6ce9</run_address>
         <size>0x148</size>
         <input_file_ref idref="fl-59"/>
      </object_component>
      <object_component id="oc-38c">
         <name>.debug_info</name>
         <load_address>0x6e31</load_address>
         <run_address>0x6e31</run_address>
         <size>0x1d1</size>
         <input_file_ref idref="fl-5a"/>
      </object_component>
      <object_component id="oc-365">
         <name>.debug_info</name>
         <load_address>0x7002</load_address>
         <run_address>0x7002</run_address>
         <size>0x1ee</size>
         <input_file_ref idref="fl-5a"/>
      </object_component>
      <object_component id="oc-334">
         <name>.debug_info</name>
         <load_address>0x71f0</load_address>
         <run_address>0x71f0</run_address>
         <size>0x2c1</size>
         <input_file_ref idref="fl-5c"/>
      </object_component>
      <object_component id="oc-2e5">
         <name>.debug_info</name>
         <load_address>0x74b1</load_address>
         <run_address>0x74b1</run_address>
         <size>0xf8</size>
         <input_file_ref idref="fl-5c"/>
      </object_component>
      <object_component id="oc-2b9">
         <name>.debug_info</name>
         <load_address>0x75a9</load_address>
         <run_address>0x75a9</run_address>
         <size>0x197</size>
         <input_file_ref idref="fl-5c"/>
      </object_component>
      <object_component id="oc-376">
         <name>.debug_info</name>
         <load_address>0x7740</load_address>
         <run_address>0x7740</run_address>
         <size>0x2c</size>
         <input_file_ref idref="fl-5c"/>
      </object_component>
      <object_component id="oc-37b">
         <name>.debug_info</name>
         <load_address>0x776c</load_address>
         <run_address>0x776c</run_address>
         <size>0x2c</size>
         <input_file_ref idref="fl-5c"/>
      </object_component>
      <object_component id="oc-2f9">
         <name>.debug_info</name>
         <load_address>0x7798</load_address>
         <run_address>0x7798</run_address>
         <size>0x53</size>
         <input_file_ref idref="fl-5c"/>
      </object_component>
      <object_component id="oc-339">
         <name>.debug_info</name>
         <load_address>0x77eb</load_address>
         <run_address>0x77eb</run_address>
         <size>0x188</size>
         <input_file_ref idref="fl-5d"/>
      </object_component>
      <object_component id="oc-336">
         <name>.debug_info</name>
         <load_address>0x7973</load_address>
         <run_address>0x7973</run_address>
         <size>0xfb</size>
         <input_file_ref idref="fl-5d"/>
      </object_component>
      <object_component id="oc-2e8">
         <name>.debug_info</name>
         <load_address>0x7a6e</load_address>
         <run_address>0x7a6e</run_address>
         <size>0x1d4</size>
         <input_file_ref idref="fl-5d"/>
      </object_component>
      <object_component id="oc-2ee">
         <name>.debug_info</name>
         <load_address>0x7c42</load_address>
         <run_address>0x7c42</run_address>
         <size>0x18f</size>
         <input_file_ref idref="fl-5d"/>
      </object_component>
      <object_component id="oc-273">
         <name>.debug_info</name>
         <load_address>0x7dd1</load_address>
         <run_address>0x7dd1</run_address>
         <size>0x158</size>
         <input_file_ref idref="fl-5e"/>
      </object_component>
      <object_component id="oc-1f9">
         <name>.debug_info</name>
         <load_address>0x7f29</load_address>
         <run_address>0x7f29</run_address>
         <size>0xf4</size>
         <input_file_ref idref="fl-5e"/>
      </object_component>
      <object_component id="oc-202">
         <name>.debug_info</name>
         <load_address>0x801d</load_address>
         <run_address>0x801d</run_address>
         <size>0xf8</size>
         <input_file_ref idref="fl-5e"/>
      </object_component>
      <object_component id="oc-26e">
         <name>.debug_info</name>
         <load_address>0x8115</load_address>
         <run_address>0x8115</run_address>
         <size>0x123</size>
         <input_file_ref idref="fl-5e"/>
      </object_component>
      <object_component id="oc-362">
         <name>.debug_info</name>
         <load_address>0x8238</load_address>
         <run_address>0x8238</run_address>
         <size>0x118</size>
         <input_file_ref idref="fl-60"/>
      </object_component>
      <object_component id="oc-34d">
         <name>.debug_info</name>
         <load_address>0x8350</load_address>
         <run_address>0x8350</run_address>
         <size>0x11e</size>
         <input_file_ref idref="fl-60"/>
      </object_component>
      <object_component id="oc-1f2">
         <name>.debug_info</name>
         <load_address>0x846e</load_address>
         <run_address>0x846e</run_address>
         <size>0x3d7</size>
         <input_file_ref idref="fl-61"/>
      </object_component>
      <object_component id="oc-182">
         <name>.debug_info</name>
         <load_address>0x8845</load_address>
         <run_address>0x8845</run_address>
         <size>0x1ff</size>
         <input_file_ref idref="fl-61"/>
      </object_component>
      <object_component id="oc-258">
         <name>.debug_info</name>
         <load_address>0x8a44</load_address>
         <run_address>0x8a44</run_address>
         <size>0x39</size>
         <input_file_ref idref="fl-61"/>
      </object_component>
      <object_component id="oc-1ed">
         <name>.debug_info</name>
         <load_address>0x8a7d</load_address>
         <run_address>0x8a7d</run_address>
         <size>0x2c</size>
         <input_file_ref idref="fl-61"/>
      </object_component>
      <object_component id="oc-25d">
         <name>.debug_info</name>
         <load_address>0x8aa9</load_address>
         <run_address>0x8aa9</run_address>
         <size>0xcd</size>
         <input_file_ref idref="fl-61"/>
      </object_component>
      <object_component id="oc-254">
         <name>.debug_info</name>
         <load_address>0x8b76</load_address>
         <run_address>0x8b76</run_address>
         <size>0x252</size>
         <input_file_ref idref="fl-62"/>
      </object_component>
      <object_component id="oc-1e1">
         <name>.debug_info</name>
         <load_address>0x8dc8</load_address>
         <run_address>0x8dc8</run_address>
         <size>0x1b0</size>
         <input_file_ref idref="fl-62"/>
      </object_component>
      <object_component id="oc-2a9">
         <name>.debug_info</name>
         <load_address>0x8f78</load_address>
         <run_address>0x8f78</run_address>
         <size>0x2c</size>
         <input_file_ref idref="fl-62"/>
      </object_component>
      <object_component id="oc-36f">
         <name>.debug_info</name>
         <load_address>0x8fa4</load_address>
         <run_address>0x8fa4</run_address>
         <size>0x1d1</size>
         <input_file_ref idref="fl-63"/>
      </object_component>
      <object_component id="oc-323">
         <name>.debug_info</name>
         <load_address>0x9175</load_address>
         <run_address>0x9175</run_address>
         <size>0x3a0</size>
         <input_file_ref idref="fl-63"/>
      </object_component>
      <object_component id="oc-1e9">
         <name>.debug_info</name>
         <load_address>0x9515</load_address>
         <run_address>0x9515</run_address>
         <size>0x145</size>
         <input_file_ref idref="fl-64"/>
      </object_component>
      <object_component id="oc-3ce">
         <name>.debug_info</name>
         <load_address>0x965a</load_address>
         <run_address>0x965a</run_address>
         <size>0xae</size>
      </object_component>
      <object_component id="oc-2a5">
         <name>.debug_line</name>
         <load_address>0x0</load_address>
         <run_address>0x0</run_address>
         <size>0x3c</size>
         <input_file_ref idref="fl-2"/>
      </object_component>
      <object_component id="oc-245">
         <name>.debug_line</name>
         <load_address>0x3c</load_address>
         <run_address>0x3c</run_address>
         <size>0x42</size>
         <input_file_ref idref="fl-2"/>
      </object_component>
      <object_component id="oc-151">
         <name>.debug_line</name>
         <load_address>0x7e</load_address>
         <run_address>0x7e</run_address>
         <size>0x20</size>
         <input_file_ref idref="fl-2"/>
      </object_component>
      <object_component id="oc-1db">
         <name>.debug_line</name>
         <load_address>0x9e</load_address>
         <run_address>0x9e</run_address>
         <size>0x39</size>
         <input_file_ref idref="fl-2"/>
      </object_component>
      <object_component id="oc-1bc">
         <name>.debug_line</name>
         <load_address>0xd7</load_address>
         <run_address>0xd7</run_address>
         <size>0x68</size>
         <input_file_ref idref="fl-2"/>
      </object_component>
      <object_component id="oc-285">
         <name>.debug_line</name>
         <load_address>0x13f</load_address>
         <run_address>0x13f</run_address>
         <size>0x54</size>
         <input_file_ref idref="fl-3"/>
      </object_component>
      <object_component id="oc-28b">
         <name>.debug_line</name>
         <load_address>0x193</load_address>
         <run_address>0x193</run_address>
         <size>0x65</size>
         <input_file_ref idref="fl-4"/>
      </object_component>
      <object_component id="oc-20b">
         <name>.debug_line</name>
         <load_address>0x1f8</load_address>
         <run_address>0x1f8</run_address>
         <size>0x4c</size>
         <input_file_ref idref="fl-5"/>
      </object_component>
      <object_component id="oc-1ca">
         <name>.debug_line</name>
         <load_address>0x244</load_address>
         <run_address>0x244</run_address>
         <size>0x47</size>
         <input_file_ref idref="fl-6"/>
      </object_component>
      <object_component id="oc-241">
         <name>.debug_line</name>
         <load_address>0x28b</load_address>
         <run_address>0x28b</run_address>
         <size>0x133</size>
         <input_file_ref idref="fl-8"/>
      </object_component>
      <object_component id="oc-23f">
         <name>.debug_line</name>
         <load_address>0x3be</load_address>
         <run_address>0x3be</run_address>
         <size>0x2f</size>
         <input_file_ref idref="fl-8"/>
      </object_component>
      <object_component id="oc-280">
         <name>.debug_line</name>
         <load_address>0x3ed</load_address>
         <run_address>0x3ed</run_address>
         <size>0x2f</size>
         <input_file_ref idref="fl-8"/>
      </object_component>
      <object_component id="oc-28f">
         <name>.debug_line</name>
         <load_address>0x41c</load_address>
         <run_address>0x41c</run_address>
         <size>0x2f</size>
         <input_file_ref idref="fl-8"/>
      </object_component>
      <object_component id="oc-291">
         <name>.debug_line</name>
         <load_address>0x44b</load_address>
         <run_address>0x44b</run_address>
         <size>0x2f</size>
         <input_file_ref idref="fl-8"/>
      </object_component>
      <object_component id="oc-293">
         <name>.debug_line</name>
         <load_address>0x47a</load_address>
         <run_address>0x47a</run_address>
         <size>0x2f</size>
         <input_file_ref idref="fl-8"/>
      </object_component>
      <object_component id="oc-19c">
         <name>.debug_line</name>
         <load_address>0x4a9</load_address>
         <run_address>0x4a9</run_address>
         <size>0x7d</size>
         <input_file_ref idref="fl-8"/>
      </object_component>
      <object_component id="oc-211">
         <name>.debug_line</name>
         <load_address>0x526</load_address>
         <run_address>0x526</run_address>
         <size>0x49</size>
         <input_file_ref idref="fl-8"/>
      </object_component>
      <object_component id="oc-21a">
         <name>.debug_line</name>
         <load_address>0x56f</load_address>
         <run_address>0x56f</run_address>
         <size>0x5e</size>
         <input_file_ref idref="fl-8"/>
      </object_component>
      <object_component id="oc-29a">
         <name>.debug_line</name>
         <load_address>0x5cd</load_address>
         <run_address>0x5cd</run_address>
         <size>0x9b</size>
         <input_file_ref idref="fl-8"/>
      </object_component>
      <object_component id="oc-229">
         <name>.debug_line</name>
         <load_address>0x668</load_address>
         <run_address>0x668</run_address>
         <size>0x4d</size>
         <input_file_ref idref="fl-8"/>
      </object_component>
      <object_component id="oc-235">
         <name>.debug_line</name>
         <load_address>0x6b5</load_address>
         <run_address>0x6b5</run_address>
         <size>0x46</size>
         <input_file_ref idref="fl-8"/>
      </object_component>
      <object_component id="oc-169">
         <name>.debug_line</name>
         <load_address>0x6fb</load_address>
         <run_address>0x6fb</run_address>
         <size>0x4d</size>
         <input_file_ref idref="fl-8"/>
      </object_component>
      <object_component id="oc-16f">
         <name>.debug_line</name>
         <load_address>0x748</load_address>
         <run_address>0x748</run_address>
         <size>0xed</size>
         <input_file_ref idref="fl-8"/>
      </object_component>
      <object_component id="oc-2a1">
         <name>.debug_line</name>
         <load_address>0x835</load_address>
         <run_address>0x835</run_address>
         <size>0x5c</size>
         <input_file_ref idref="fl-8"/>
      </object_component>
      <object_component id="oc-22f">
         <name>.debug_line</name>
         <load_address>0x891</load_address>
         <run_address>0x891</run_address>
         <size>0x5c</size>
         <input_file_ref idref="fl-8"/>
      </object_component>
      <object_component id="oc-24a">
         <name>.debug_line</name>
         <load_address>0x8ed</load_address>
         <run_address>0x8ed</run_address>
         <size>0x66</size>
         <input_file_ref idref="fl-8"/>
      </object_component>
      <object_component id="oc-36d">
         <name>.debug_line</name>
         <load_address>0x953</load_address>
         <run_address>0x953</run_address>
         <size>0x2d</size>
         <input_file_ref idref="fl-23"/>
      </object_component>
      <object_component id="oc-2cd">
         <name>.debug_line</name>
         <load_address>0x980</load_address>
         <run_address>0x980</run_address>
         <size>0xcb</size>
         <input_file_ref idref="fl-23"/>
      </object_component>
      <object_component id="oc-312">
         <name>.debug_line</name>
         <load_address>0xa4b</load_address>
         <run_address>0xa4b</run_address>
         <size>0x2e</size>
         <input_file_ref idref="fl-23"/>
      </object_component>
      <object_component id="oc-319">
         <name>.debug_line</name>
         <load_address>0xa79</load_address>
         <run_address>0xa79</run_address>
         <size>0x4e</size>
         <input_file_ref idref="fl-24"/>
      </object_component>
      <object_component id="oc-1ad">
         <name>.debug_line</name>
         <load_address>0xac7</load_address>
         <run_address>0xac7</run_address>
         <size>0x2a</size>
         <input_file_ref idref="fl-25"/>
      </object_component>
      <object_component id="oc-70">
         <name>.debug_line</name>
         <load_address>0xaf1</load_address>
         <run_address>0xaf1</run_address>
         <size>0x4c</size>
         <input_file_ref idref="fl-26"/>
      </object_component>
      <object_component id="oc-340">
         <name>.debug_line</name>
         <load_address>0xb3d</load_address>
         <run_address>0xb3d</run_address>
         <size>0x2b</size>
         <input_file_ref idref="fl-27"/>
      </object_component>
      <object_component id="oc-306">
         <name>.debug_line</name>
         <load_address>0xb68</load_address>
         <run_address>0xb68</run_address>
         <size>0x2b</size>
         <input_file_ref idref="fl-27"/>
      </object_component>
      <object_component id="oc-344">
         <name>.debug_line</name>
         <load_address>0xb93</load_address>
         <run_address>0xb93</run_address>
         <size>0x88</size>
         <input_file_ref idref="fl-27"/>
      </object_component>
      <object_component id="oc-2e1">
         <name>.debug_line</name>
         <load_address>0xc1b</load_address>
         <run_address>0xc1b</run_address>
         <size>0x75</size>
         <input_file_ref idref="fl-28"/>
      </object_component>
      <object_component id="oc-23a">
         <name>.debug_line</name>
         <load_address>0xc90</load_address>
         <run_address>0xc90</run_address>
         <size>0x20</size>
         <input_file_ref idref="fl-29"/>
      </object_component>
      <object_component id="oc-37">
         <name>.debug_line</name>
         <load_address>0xcb0</load_address>
         <run_address>0xcb0</run_address>
         <size>0x92</size>
         <input_file_ref idref="fl-29"/>
      </object_component>
      <object_component id="oc-14c">
         <name>.debug_line</name>
         <load_address>0xd42</load_address>
         <run_address>0xd42</run_address>
         <size>0x3a</size>
         <input_file_ref idref="fl-29"/>
      </object_component>
      <object_component id="oc-1b4">
         <name>.debug_line</name>
         <load_address>0xd7c</load_address>
         <run_address>0xd7c</run_address>
         <size>0x8a</size>
         <input_file_ref idref="fl-29"/>
      </object_component>
      <object_component id="oc-1c4">
         <name>.debug_line</name>
         <load_address>0xe06</load_address>
         <run_address>0xe06</run_address>
         <size>0x8a</size>
         <input_file_ref idref="fl-2a"/>
      </object_component>
      <object_component id="oc-3a">
         <name>.debug_line</name>
         <load_address>0xe90</load_address>
         <run_address>0xe90</run_address>
         <size>0x50</size>
         <input_file_ref idref="fl-2a"/>
      </object_component>
      <object_component id="oc-15d">
         <name>.debug_line</name>
         <load_address>0xee0</load_address>
         <run_address>0xee0</run_address>
         <size>0x3a</size>
         <input_file_ref idref="fl-2a"/>
      </object_component>
      <object_component id="oc-1c1">
         <name>.debug_line</name>
         <load_address>0xf1a</load_address>
         <run_address>0xf1a</run_address>
         <size>0x8a</size>
         <input_file_ref idref="fl-2a"/>
      </object_component>
      <object_component id="oc-1de">
         <name>.debug_line</name>
         <load_address>0xfa4</load_address>
         <run_address>0xfa4</run_address>
         <size>0x20</size>
         <input_file_ref idref="fl-2b"/>
      </object_component>
      <object_component id="oc-52">
         <name>.debug_line</name>
         <load_address>0xfc4</load_address>
         <run_address>0xfc4</run_address>
         <size>0x4d</size>
         <input_file_ref idref="fl-2b"/>
      </object_component>
      <object_component id="oc-175">
         <name>.debug_line</name>
         <load_address>0x1011</load_address>
         <run_address>0x1011</run_address>
         <size>0x34</size>
         <input_file_ref idref="fl-2b"/>
      </object_component>
      <object_component id="oc-353">
         <name>.debug_line</name>
         <load_address>0x1045</load_address>
         <run_address>0x1045</run_address>
         <size>0x2d</size>
         <input_file_ref idref="fl-2e"/>
      </object_component>
      <object_component id="oc-2ca">
         <name>.debug_line</name>
         <load_address>0x1072</load_address>
         <run_address>0x1072</run_address>
         <size>0xe9</size>
         <input_file_ref idref="fl-2e"/>
      </object_component>
      <object_component id="oc-147">
         <name>.debug_line</name>
         <load_address>0x115b</load_address>
         <run_address>0x115b</run_address>
         <size>0x40</size>
         <input_file_ref idref="fl-2f"/>
      </object_component>
      <object_component id="oc-1a1">
         <name>.debug_line</name>
         <load_address>0x119b</load_address>
         <run_address>0x119b</run_address>
         <size>0x3d</size>
         <input_file_ref idref="fl-30"/>
      </object_component>
      <object_component id="oc-2d9">
         <name>.debug_line</name>
         <load_address>0x11d8</load_address>
         <run_address>0x11d8</run_address>
         <size>0x3d</size>
         <input_file_ref idref="fl-32"/>
      </object_component>
      <object_component id="oc-392">
         <name>.debug_line</name>
         <load_address>0x1215</load_address>
         <run_address>0x1215</run_address>
         <size>0x20</size>
         <input_file_ref idref="fl-33"/>
      </object_component>
      <object_component id="oc-32e">
         <name>.debug_line</name>
[...]
         <name>__mspabi_func_epilog_7</name>
         <value>0x631c</value>
         <object_component_ref idref="oc-143"/>
      </symbol>
      <symbol id="sm-317">
         <name>__mspabi_func_epilog_4</name>
         <value>0x6322</value>
         <object_component_ref idref="oc-143"/>
      </symbol>
      <symbol id="sm-318">
         <name>__mspabi_func_epilog_5</name>
         <value>0x6320</value>
         <object_component_ref idref="oc-143"/>
      </symbol>
      <symbol id="sm-322">
         <name>C$$EXIT</name>
         <value>0x6348</value>
         <object_component_ref idref="oc-1a0"/>
      </symbol>
      <symbol id="sm-323">
         <name>abort</name>
         <value>0x6348</value>
         <object_component_ref idref="oc-1a0"/>
      </symbol>
      <symbol id="sm-32d">
         <name>__mspabi_fltid</name>
         <value>0x632c</value>
         <object_component_ref idref="oc-2d7"/>
      </symbol>
      <symbol id="sm-344">
         <name>__mspabi_fltlid</name>
         <value>0x5bea</value>
         <object_component_ref idref="oc-32a"/>
      </symbol>
      <symbol id="sm-359">
         <name>__mspabi_fltuld</name>
         <value>0x5c96</value>
         <object_component_ref idref="oc-2bc"/>
      </symbol>
      <symbol id="sm-37a">
         <name>__TI_frcaddd</name>
         <value>0x5058</value>
         <object_component_ref idref="oc-31a"/>
      </symbol>
      <symbol id="sm-395">
         <name>__TI_frcdivd</name>
         <value>0x4000</value>
         <object_component_ref idref="oc-308"/>
      </symbol>
      <symbol id="sm-39d">
         <name>__TI_int00</name>
         <value>0xffe0</value>
         <object_component_ref idref="oc-3f"/>
      </symbol>
      <symbol id="sm-3a0">
         <name>__TI_int02</name>
         <value>0xffe4</value>
         <object_component_ref idref="oc-41"/>
      </symbol>
      <symbol id="sm-3a3">
         <name>__TI_int03</name>
         <value>0xffe6</value>
         <object_component_ref idref="oc-42"/>
      </symbol>
      <symbol id="sm-3a6">
         <name>__TI_int05</name>
         <value>0xffea</value>
         <object_component_ref idref="oc-44"/>
      </symbol>
      <symbol id="sm-3a9">
         <name>__TI_int06</name>
         <value>0xffec</value>
         <object_component_ref idref="oc-45"/>
      </symbol>
      <symbol id="sm-3ac">
         <name>__TI_int07</name>
         <value>0xffee</value>
         <object_component_ref idref="oc-46"/>
      </symbol>
      <symbol id="sm-3af">
         <name>__TI_int08</name>
         <value>0xfff0</value>
         <object_component_ref idref="oc-47"/>
      </symbol>
      <symbol id="sm-3b2">
         <name>__TI_int09</name>
         <value>0xfff2</value>
         <object_component_ref idref="oc-48"/>
      </symbol>
      <symbol id="sm-3b5">
         <name>__TI_int10</name>
         <value>0xfff4</value>
         <object_component_ref idref="oc-49"/>
      </symbol>
      <symbol id="sm-3b8">
         <name>__TI_int11</name>
         <value>0xfff6</value>
         <object_component_ref idref="oc-4a"/>
      </symbol>
      <symbol id="sm-3bb">
         <name>__TI_int12</name>
         <value>0xfff8</value>
         <object_component_ref idref="oc-4b"/>
      </symbol>
      <symbol id="sm-3be">
         <name>__TI_int13</name>
         <value>0xfffa</value>
         <object_component_ref idref="oc-4c"/>
      </symbol>
      <symbol id="sm-3c1">
         <name>__TI_int14</name>
         <value>0xfffc</value>
         <object_component_ref idref="oc-4d"/>
      </symbol>
      <symbol id="sm-3c9">
         <name>__TI_ISR_TRAP</name>
         <value>0x6338</value>
         <object_component_ref idref="oc-160"/>
      </symbol>
      <symbol id="sm-3d1">
         <name>__mspabi_slli</name>
         <value>0x61f4</value>
         <object_component_ref idref="oc-139"/>
      </symbol>
      <symbol id="sm-3d2">
         <name>__mspabi_slli_9</name>
         <value>0x620c</value>
         <object_component_ref idref="oc-139"/>
      </symbol>
      <symbol id="sm-3d3">
         <name>__mspabi_slli_8</name>
         <value>0x620e</value>
         <object_component_ref idref="oc-139"/>
      </symbol>
      <symbol id="sm-3d4">
         <name>__mspabi_slli_7</name>
         <value>0x6210</value>
         <object_component_ref idref="oc-139"/>
      </symbol>
      <symbol id="sm-3d5">
         <name>__mspabi_slli_6</name>
         <value>0x6212</value>
         <object_component_ref idref="oc-139"/>
      </symbol>
      <symbol id="sm-3d6">
         <name>__mspabi_slli_5</name>
         <value>0x6214</value>
         <object_component_ref idref="oc-139"/>
      </symbol>
      <symbol id="sm-3d7">
         <name>__mspabi_slli_4</name>
         <value>0x6216</value>
         <object_component_ref idref="oc-139"/>
      </symbol>
      <symbol id="sm-3d8">
         <name>__mspabi_slli_3</name>
         <value>0x6218</value>
         <object_component_ref idref="oc-139"/>
      </symbol>
      <symbol id="sm-3d9">
         <name>__mspabi_slli_2</name>
         <value>0x621a</value>
         <object_component_ref idref="oc-139"/>
      </symbol>
      <symbol id="sm-3da">
         <name>__mspabi_slli_1</name>
         <value>0x621c</value>
         <object_component_ref idref="oc-139"/>
      </symbol>
      <symbol id="sm-3db">
         <name>__mspabi_slli_15</name>
         <value>0x6200</value>
         <object_component_ref idref="oc-139"/>
      </symbol>
      <symbol id="sm-3dc">
         <name>__mspabi_slli_14</name>
         <value>0x6202</value>
         <object_component_ref idref="oc-139"/>
      </symbol>
      <symbol id="sm-3dd">
         <name>__mspabi_slli_13</name>
         <value>0x6204</value>
         <object_component_ref idref="oc-139"/>
      </symbol>
      <symbol id="sm-3de">
         <name>__mspabi_slli_12</name>
         <value>0x6206</value>
         <object_component_ref idref="oc-139"/>
      </symbol>
      <symbol id="sm-3df">
         <name>__mspabi_slli_11</name>
         <value>0x6208</value>
         <object_component_ref idref="oc-139"/>
      </symbol>
      <symbol id="sm-3e0">
         <name>__mspabi_slli_10</name>
         <value>0x620a</value>
         <object_component_ref idref="oc-139"/>
      </symbol>
      <symbol id="sm-3f0">
         <name>__mspabi_slll_9</name>
         <value>0x60ae</value>
         <object_component_ref idref="oc-2f3"/>
      </symbol>
      <symbol id="sm-3f1">
         <name>__mspabi_slll_8</name>
         <value>0x60b2</value>
         <object_component_ref idref="oc-2f3"/>
      </symbol>
      <symbol id="sm-3f2">
         <name>__mspabi_slll_7</name>
         <value>0x60b6</value>
         <object_component_ref idref="oc-2f3"/>
      </symbol>
      <symbol id="sm-3f3">
         <name>__mspabi_slll_6</name>
         <value>0x60ba</value>
         <object_component_ref idref="oc-2f3"/>
      </symbol>
      <symbol id="sm-3f4">
         <name>__mspabi_slll_5</name>
         <value>0x60be</value>
         <object_component_ref idref="oc-2f3"/>
      </symbol>
      <symbol id="sm-3f5">
         <name>__mspabi_slll_4</name>
         <value>0x60c2</value>
         <object_component_ref idref="oc-2f3"/>
      </symbol>
      <symbol id="sm-3f6">
         <name>__mspabi_slll_3</name>
         <value>0x60c6</value>
         <object_component_ref idref="oc-2f3"/>
      </symbol>
      <symbol id="sm-3f7">
         <name>__mspabi_slll_2</name>
         <value>0x60ca</value>
         <object_component_ref idref="oc-2f3"/>
      </symbol>
      <symbol id="sm-3f8">
         <name>__mspabi_slll_1</name>
         <value>0x60ce</value>
         <object_component_ref idref="oc-2f3"/>
      </symbol>
      <symbol id="sm-3f9">
         <name>__mspabi_slll</name>
         <value>0x630c</value>
         <object_component_ref idref="oc-355"/>
      </symbol>
      <symbol id="sm-3fa">
         <name>__mspabi_slll_15</name>
         <value>0x6096</value>
         <object_component_ref idref="oc-2f3"/>
      </symbol>
      <symbol id="sm-3fb">
         <name>__mspabi_slll_14</name>
         <value>0x609a</value>
         <object_component_ref idref="oc-2f3"/>
      </symbol>
      <symbol id="sm-3fc">
         <name>__mspabi_slll_13</name>
         <value>0x609e</value>
         <object_component_ref idref="oc-2f3"/>
      </symbol>
      <symbol id="sm-3fd">
         <name>__mspabi_slll_12</name>
         <value>0x60a2</value>
         <object_component_ref idref="oc-2f3"/>
      </symbol>
      <symbol id="sm-3fe">
         <name>__mspabi_slll_11</name>
         <value>0x60a6</value>
         <object_component_ref idref="oc-2f3"/>
      </symbol>
      <symbol id="sm-3ff">
         <name>__mspabi_slll_10</name>
         <value>0x60aa</value>
         <object_component_ref idref="oc-2f3"/>
      </symbol>
      <symbol id="sm-407">
         <name>__mspabi_srli_8</name>
         <value>0x5fb0</value>
         <object_component_ref idref="oc-13e"/>
      </symbol>
      <symbol id="sm-408">
         <name>__mspabi_srli_9</name>
         <value>0x5fac</value>
         <object_component_ref idref="oc-13e"/>
      </symbol>
      <symbol id="sm-409">
         <name>__mspabi_srli_6</name>
         <value>0x5fb8</value>
         <object_component_ref idref="oc-13e"/>
      </symbol>
      <symbol id="sm-40a">
         <name>__mspabi_srli_7</name>
         <value>0x5fb4</value>
         <object_component_ref idref="oc-13e"/>
      </symbol>
      <symbol id="sm-40b">
         <name>__mspabi_srli_4</name>
         <value>0x5fc0</value>
         <object_component_ref idref="oc-13e"/>
      </symbol>
      <symbol id="sm-40c">
         <name>__mspabi_srli_5</name>
         <value>0x5fbc</value>
         <object_component_ref idref="oc-13e"/>
      </symbol>
      <symbol id="sm-40d">
         <name>__mspabi_srli_2</name>
         <value>0x5fc8</value>
         <object_component_ref idref="oc-13e"/>
      </symbol>
      <symbol id="sm-40e">
         <name>__mspabi_srli_3</name>
         <value>0x5fc4</value>
         <object_component_ref idref="oc-13e"/>
      </symbol>
      <symbol id="sm-40f">
         <name>__mspabi_srli_1</name>
         <value>0x5fcc</value>
         <object_component_ref idref="oc-13e"/>
      </symbol>
      <symbol id="sm-410">
         <name>__mspabi_srli</name>
         <value>0x5f86</value>
         <object_component_ref idref="oc-13e"/>
      </symbol>
      <symbol id="sm-411">
         <name>__mspabi_srli_15</name>
         <value>0x5f94</value>
         <object_component_ref idref="oc-13e"/>
      </symbol>
      <symbol id="sm-412">
         <name>__mspabi_srli_14</name>
         <value>0x5f98</value>
         <object_component_ref idref="oc-13e"/>
      </symbol>
      <symbol id="sm-413">
         <name>__mspabi_srli_13</name>
         <value>0x5f9c</value>
         <object_component_ref idref="oc-13e"/>
      </symbol>
      <symbol id="sm-414">
         <name>__mspabi_srli_12</name>
         <value>0x5fa0</value>
         <object_component_ref idref="oc-13e"/>
      </symbol>
      <symbol id="sm-415">
         <name>__mspabi_srli_11</name>
         <value>0x5fa4</value>
         <object_component_ref idref="oc-13e"/>
      </symbol>
      <symbol id="sm-416">
         <name>__mspabi_srli_10</name>
         <value>0x5fa8</value>
         <object_component_ref idref="oc-13e"/>
      </symbol>
      <symbol id="sm-426">
         <name>__mspabi_srll_8</name>
         <value>0x5eaa</value>
         <object_component_ref idref="oc-2fe"/>
      </symbol>
      <symbol id="sm-427">
         <name>__mspabi_srll_9</name>
         <value>0x5ea4</value>
         <object_component_ref idref="oc-2fe"/>
      </symbol>
      <symbol id="sm-428">
         <name>__mspabi_srll_6</name>
         <value>0x5eb6</value>
         <object_component_ref idref="oc-2fe"/>
      </symbol>
      <symbol id="sm-429">
         <name>__mspabi_srll_7</name>
         <value>0x5eb0</value>
         <object_component_ref idref="oc-2fe"/>
      </symbol>
      <symbol id="sm-42a">
         <name>__mspabi_srll_4</name>
         <value>0x5ec2</value>
         <object_component_ref idref="oc-2fe"/>
      </symbol>
      <symbol id="sm-42b">
         <name>__mspabi_srll_5</name>
         <value>0x5ebc</value>
         <object_component_ref idref="oc-2fe"/>
      </symbol>
      <symbol id="sm-42c">
         <name>__mspabi_srll_2</name>
         <value>0x5ece</value>
         <object_component_ref idref="oc-2fe"/>
      </symbol>
      <symbol id="sm-42d">
         <name>__mspabi_srll_3</name>
         <value>0x5ec8</value>
         <object_component_ref idref="oc-2fe"/>
      </symbol>
      <symbol id="sm-42e">
         <name>__mspabi_srll_1</name>
         <value>0x5ed4</value>
         <object_component_ref idref="oc-2fe"/>
      </symbol>
      <symbol id="sm-42f">
         <name>__mspabi_srll_15</name>
         <value>0x5e80</value>
         <object_component_ref idref="oc-2fe"/>
      </symbol>
      <symbol id="sm-430">
         <name>__mspabi_srll_14</name>
         <value>0x5e86</value>
         <object_component_ref idref="oc-2fe"/>
      </symbol>
      <symbol id="sm-431">
         <name>__mspabi_srll_13</name>
         <value>0x5e8c</value>
         <object_component_ref idref="oc-2fe"/>
      </symbol>
      <symbol id="sm-432">
         <name>__mspabi_srll_12</name>
         <value>0x5e92</value>
         <object_component_ref idref="oc-2fe"/>
      </symbol>
      <symbol id="sm-433">
         <name>__mspabi_srll_11</name>
         <value>0x5e98</value>
         <object_component_ref idref="oc-2fe"/>
      </symbol>
      <symbol id="sm-434">
         <name>__mspabi_srll_10</name>
         <value>0x5e9e</value>
         <object_component_ref idref="oc-2fe"/>
      </symbol>
      <symbol id="sm-435">
         <name>__mspabi_srll</name>
         <value>0x62d8</value>
         <object_component_ref idref="oc-35a"/>
      </symbol>
      <symbol id="sm-444">
         <name>memcpy</name>
         <value>0x62ea</value>
         <object_component_ref idref="oc-153"/>
      </symbol>
      <symbol id="sm-467">
         <name>__mspabi_mpyd</name>
         <value>0x4dea</value>
         <object_component_ref idref="oc-2d1"/>
      </symbol>
      <symbol id="sm-471">
         <name>__mspabi_mpyi_hw</name>
         <value>0x62b2</value>
         <object_component_ref idref="oc-24e"/>
      </symbol>
      <symbol id="sm-47b">
         <name>__mspabi_mpyl_hw</name>
         <value>0x616e</value>
         <object_component_ref idref="oc-346"/>
      </symbol>
      <symbol id="sm-485">
         <name>_system_pre_init</name>
         <value>0x634e</value>
         <object_component_ref idref="oc-178"/>
      </symbol>
      <symbol id="sm-498">
         <name>__TI_renormd</name>
         <value>0x5b2c</value>
         <object_component_ref idref="oc-364"/>
      </symbol>
      <symbol id="sm-4ba">
         <name>HOSTclock</name>
         <value>0x5f36</value>
         <object_component_ref idref="oc-2b6"/>
      </symbol>
      <symbol id="sm-4d8">
         <name>__TI_readmsg</name>
         <value>0x619c</value>
         <object_component_ref idref="oc-2ed"/>
      </symbol>
      <symbol id="sm-4d9">
         <name>C$$IO$$</name>
         <value>0x616a</value>
         <object_component_ref idref="oc-2e7"/>
      </symbol>
      <symbol id="sm-4da">
         <name>_CIOBUF_</name>
         <value>0x1100</value>
         <object_component_ref idref="oc-335"/>
      </symbol>
      <symbol id="sm-4db">
         <name>__TI_writemsg</name>
         <value>0x6140</value>
         <object_component_ref idref="oc-2e7"/>
      </symbol>
      <symbol id="sm-4f1">
         <name>_nop</name>
         <value>0x6352</value>
         <object_component_ref idref="oc-26b"/>
      </symbol>
      <symbol id="sm-4f2">
         <name>_lock</name>
         <value>0x1336</value>
         <object_component_ref idref="oc-1f8"/>
      </symbol>
      <symbol id="sm-4f3">
         <name>_unlock</name>
         <value>0x1338</value>
         <object_component_ref idref="oc-201"/>
      </symbol>
      <symbol id="sm-504">
         <name>__mspabi_sral</name>
         <value>0x62fc</value>
         <object_component_ref idref="oc-35f"/>
      </symbol>
      <symbol id="sm-505">
         <name>__mspabi_sral_15</name>
         <value>0x6058</value>
         <object_component_ref idref="oc-34b"/>
      </symbol>
      <symbol id="sm-506">
         <name>__mspabi_sral_14</name>
         <value>0x605c</value>
         <object_component_ref idref="oc-34b"/>
      </symbol>
      <symbol id="sm-507">
         <name>__mspabi_sral_13</name>
         <value>0x6060</value>
         <object_component_ref idref="oc-34b"/>
      </symbol>
      <symbol id="sm-508">
         <name>__mspabi_sral_12</name>
         <value>0x6064</value>
         <object_component_ref idref="oc-34b"/>
      </symbol>
      <symbol id="sm-509">
         <name>__mspabi_sral_11</name>
         <value>0x6068</value>
         <object_component_ref idref="oc-34b"/>
      </symbol>
      <symbol id="sm-50a">
         <name>__mspabi_sral_10</name>
         <value>0x606c</value>
         <object_component_ref idref="oc-34b"/>
      </symbol>
      <symbol id="sm-50b">
         <name>__mspabi_sral_8</name>
         <value>0x6074</value>
         <object_component_ref idref="oc-34b"/>
      </symbol>
      <symbol id="sm-50c">
         <name>__mspabi_sral_9</name>
         <value>0x6070</value>
         <object_component_ref idref="oc-34b"/>
      </symbol>
      <symbol id="sm-50d">
         <name>__mspabi_sral_6</name>
         <value>0x607c</value>
         <object_component_ref idref="oc-34b"/>
      </symbol>
      <symbol id="sm-50e">
         <name>__mspabi_sral_7</name>
         <value>0x6078</value>
         <object_component_ref idref="oc-34b"/>
      </symbol>
      <symbol id="sm-50f">
         <name>__mspabi_sral_4</name>
         <value>0x6084</value>
         <object_component_ref idref="oc-34b"/>
      </symbol>
      <symbol id="sm-510">
         <name>__mspabi_sral_5</name>
         <value>0x6080</value>
         <object_component_ref idref="oc-34b"/>
      </symbol>
      <symbol id="sm-511">
         <name>__mspabi_sral_2</name>
         <value>0x608c</value>
         <object_component_ref idref="oc-34b"/>
      </symbol>
      <symbol id="sm-512">
         <name>__mspabi_sral_3</name>
         <value>0x6088</value>
         <object_component_ref idref="oc-34b"/>
      </symbol>
      <symbol id="sm-513">
         <name>__mspabi_sral_1</name>
         <value>0x6090</value>
         <object_component_ref idref="oc-34b"/>
      </symbol>
      <symbol id="sm-534">
         <name>_auto_init_hold_wdt</name>
         <value>0x5d20</value>
         <object_component_ref idref="oc-17e"/>
      </symbol>
      <symbol id="sm-54a">
         <name>copy_in</name>
         <value>0x5edc</value>
         <object_component_ref idref="oc-1e0"/>
      </symbol>
      <symbol id="sm-55a">
         <name>__TI_frcmpyd</name>
         <value>0x4b64</value>
         <object_component_ref idref="oc-322"/>
      </symbol>
      <symbol id="sm-563">
         <name>_system_post_cinit</name>
         <value>0x6354</value>
         <object_component_ref idref="oc-1e6"/>
      </symbol>
      <symbol id="sm-567">
         <name>__TI_BINIT_Base</name>
         <value>0x0</value>
      </symbol>
      <symbol id="sm-568">
         <name>__TI_BINIT_Limit</name>
         <value>0x0</value>
      </symbol>
      <symbol id="sm-569">
         <name>__TI_INITARRAY_Base</name>
         <value>0x0</value>
      </symbol>
      <symbol id="sm-56a">
         <name>__TI_INITARRAY_Limit</name>
         <value>0x0</value>
      </symbol>
      <symbol id="sm-56b">
         <name>clock</name>
         <value>0x5f36</value>
      </symbol>
   </symbol_table>
   <title>Link successful</title>
</link_info>
