<?xml version="1.0"?>
<link_info>
   <banner>MSP430 Linker PC v16.9.3.LTS</banner>
   <copyright>Copyright (c) 2003-2017 Texas Instruments Incorporated</copyright>
   <link_time>0x5a3799e3</link_time>
   <link_errors>0x0</link_errors>
   <output_file>Mote.out</output_file>
   <entry_point>
      <name>_c_int00_noargs</name>
      <address>0x5a6e</address>
   </entry_point>
   <input_file_list>
      <input_file id="fl-2">
         <path>.\</path>
         <kind>object</kind>
         <file>hal_TempCalculation.obj</file>
         <name>hal_TempCalculation.obj</name>
      </input_file>
      <input_file id="fl-3">
         <path>.\</path>
         <kind>object</kind>
         <file>hal_rf_set_channel.obj</file>
         <name>hal_rf_set_channel.obj</name>
      </input_file>
      <input_file id="fl-4">
         <path>.\</path>
         <kind>object</kind>
         <file>hal_rf_wait_for_crystal_oscillator.obj</file>
         <name>hal_rf_wait_for_crystal_oscillator.obj</name>
      </input_file>
      <input_file id="fl-5">
         <path>.\</path>
         <kind>object</kind>
         <file>hal_spi.obj</file>
         <name>hal_spi.obj</name>
      </input_file>
      <input_file id="fl-6">
         <path>.\</path>
         <kind>object</kind>
         <file>hal_wait.obj</file>
         <name>hal_wait.obj</name>
      </input_file>
      <input_file id="fl-7">
         <path>.\</path>
         <kind>object</kind>
         <file>halwaitsensor.obj</file>
         <name>halwaitsensor.obj</name>
      </input_file>
      <input_file id="fl-8">
         <path>.\</path>
         <kind>object</kind>
         <file>sensor.obj</file>
         <name>sensor.obj</name>
      </input_file>
      <input_file id="fl-d">
         <kind>object</kind>
         <file>&lt;internal&gt;</file>
         <name>&lt;internal&gt;</name>
      </input_file>
      <input_file id="fl-23">
         <path>C:\ti\ccsv7\tools\compiler\ti-cgt-msp430_16.9.3.LTS\lib\</path>
         <kind>archive</kind>
         <file>rts430_eabi.lib</file>
         <name>addd.obj</name>
      </input_file>
      <input_file id="fl-24">
         <path>C:\ti\ccsv7\tools\compiler\ti-cgt-msp430_16.9.3.LTS\lib\</path>
         <kind>archive</kind>
         <file>rts430_eabi.lib</file>
         <name>asr16.obj</name>
      </input_file>
      <input_file id="fl-25">
         <path>C:\ti\ccsv7\tools\compiler\ti-cgt-msp430_16.9.3.LTS\lib\</path>
         <kind>archive</kind>
         <file>rts430_eabi.lib</file>
         <name>boot.obj</name>
      </input_file>
      <input_file id="fl-26">
         <path>C:\ti\ccsv7\tools\compiler\ti-cgt-msp430_16.9.3.LTS\lib\</path>
         <kind>archive</kind>
         <file>rts430_eabi.lib</file>
         <name>boot_special.obj</name>
      </input_file>
      <input_file id="fl-27">
         <path>C:\ti\ccsv7\tools\compiler\ti-cgt-msp430_16.9.3.LTS\lib\</path>
         <kind>archive</kind>
         <file>rts430_eabi.lib</file>
         <name>clock.obj</name>
      </input_file>
      <input_file id="fl-28">
         <path>C:\ti\ccsv7\tools\compiler\ti-cgt-msp430_16.9.3.LTS\lib\</path>
         <kind>archive</kind>
         <file>rts430_eabi.lib</file>
         <name>cmpd.obj</name>
      </input_file>
      <input_file id="fl-29">
         <path>C:\ti\ccsv7\tools\compiler\ti-cgt-msp430_16.9.3.LTS\lib\</path>
         <kind>archive</kind>
         <file>rts430_eabi.lib</file>
         <name>copy_decompress_lzss.obj</name>
      </input_file>
      <input_file id="fl-2a">
         <path>C:\ti\ccsv7\tools\compiler\ti-cgt-msp430_16.9.3.LTS\lib\</path>
         <kind>archive</kind>
         <file>rts430_eabi.lib</file>
         <name>copy_decompress_none.obj</name>
      </input_file>
      <input_file id="fl-2b">
         <path>C:\ti\ccsv7\tools\compiler\ti-cgt-msp430_16.9.3.LTS\lib\</path>
         <kind>archive</kind>
         <file>rts430_eabi.lib</file>
         <name>copy_zero_init.obj</name>
      </input_file>
      <input_file id="fl-2c">
         <path>C:\ti\ccsv7\tools\compiler\ti-cgt-msp430_16.9.3.LTS\lib\</path>
         <kind>archive</kind>
         <file>rts430_eabi.lib</file>
         <name>cvtdf.obj</name>
      </input_file>
      <input_file id="fl-2d">
         <path>C:\ti\ccsv7\tools\compiler\ti-cgt-msp430_16.9.3.LTS\lib\</path>
         <kind>archive</kind>
         <file>rts430_eabi.lib</file>
         <name>cvtfd.obj</name>
      </input_file>
      <input_file id="fl-2e">
         <path>C:\ti\ccsv7\tools\compiler\ti-cgt-msp430_16.9.3.LTS\lib\</path>
         <kind>archive</kind>
         <file>rts430_eabi.lib</file>
         <name>divd.obj</name>
      </input_file>
      <input_file id="fl-2f">
         <path>C:\ti\ccsv7\tools\compiler\ti-cgt-msp430_16.9.3.LTS\lib\</path>
         <kind>archive</kind>
         <file>rts430_eabi.lib</file>
         <name>epilog.obj</name>
      </input_file>
      <input_file id="fl-30">
         <path>C:\ti\ccsv7\tools\compiler\ti-cgt-msp430_16.9.3.LTS\lib\</path>
         <kind>archive</kind>
         <file>rts430_eabi.lib</file>
         <name>exit.obj</name>
      </input_file>
      <input_file id="fl-31">
         <path>C:\ti\ccsv7\tools\compiler\ti-cgt-msp430_16.9.3.LTS\lib\</path>
         <kind>archive</kind>
         <file>rts430_eabi.lib</file>
         <name>exit_gvars.obj</name>
      </input_file>
      <input_file id="fl-32">
         <path>C:\ti\ccsv7\tools\compiler\ti-cgt-msp430_16.9.3.LTS\lib\</path>
         <kind>archive</kind>
         <file>rts430_eabi.lib</file>
         <name>fltid.obj</name>
      </input_file>
      <input_file id="fl-33">
         <path>C:\ti\ccsv7\tools\compiler\ti-cgt-msp430_16.9.3.LTS\lib\</path>
         <kind>archive</kind>
         <file>rts430_eabi.lib</file>
         <name>fltlid.obj</name>
      </input_file>
      <input_file id="fl-34">
         <path>C:\ti\ccsv7\tools\compiler\ti-cgt-msp430_16.9.3.LTS\lib\</path>
         <kind>archive</kind>
         <file>rts430_eabi.lib</file>
         <name>fltuld.obj</name>
      </input_file>
      <input_file id="fl-35">
         <path>C:\ti\ccsv7\tools\compiler\ti-cgt-msp430_16.9.3.LTS\lib\</path>
         <kind>archive</kind>
         <file>rts430_eabi.lib</file>
         <name>frcaddd.obj</name>
      </input_file>
      <input_file id="fl-36">
         <path>C:\ti\ccsv7\tools\compiler\ti-cgt-msp430_16.9.3.LTS\lib\</path>
         <kind>archive</kind>
         <file>rts430_eabi.lib</file>
         <name>frcdivd.obj</name>
      </input_file>
      <input_file id="fl-37">
         <path>C:\ti\ccsv7\tools\compiler\ti-cgt-msp430_16.9.3.LTS\lib\</path>
         <kind>archive</kind>
         <file>rts430_eabi.lib</file>
         <name>fs_add.obj</name>
      </input_file>
      <input_file id="fl-38">
         <path>C:\ti\ccsv7\tools\compiler\ti-cgt-msp430_16.9.3.LTS\lib\</path>
         <kind>archive</kind>
         <file>rts430_eabi.lib</file>
         <name>fs_cmp.obj</name>
      </input_file>
      <input_file id="fl-39">
         <path>C:\ti\ccsv7\tools\compiler\ti-cgt-msp430_16.9.3.LTS\lib\</path>
         <kind>archive</kind>
         <file>rts430_eabi.lib</file>
         <name>fs_itof.obj</name>
      </input_file>
      <input_file id="fl-3a">
         <path>C:\ti\ccsv7\tools\compiler\ti-cgt-msp430_16.9.3.LTS\lib\</path>
         <kind>archive</kind>
         <file>rts430_eabi.lib</file>
         <name>fs_mpy.obj</name>
      </input_file>
      <input_file id="fl-3b">
         <path>C:\ti\ccsv7\tools\compiler\ti-cgt-msp430_16.9.3.LTS\lib\</path>
         <kind>archive</kind>
         <file>rts430_eabi.lib</file>
         <name>fs_toi.obj</name>
      </input_file>
      <input_file id="fl-3c">
         <path>C:\ti\ccsv7\tools\compiler\ti-cgt-msp430_16.9.3.LTS\lib\</path>
         <kind>archive</kind>
         <file>rts430_eabi.lib</file>
         <name>int00.obj</name>
      </input_file>
      <input_file id="fl-3d">
         <path>C:\ti\ccsv7\tools\compiler\ti-cgt-msp430_16.9.3.LTS\lib\</path>
         <kind>archive</kind>
         <file>rts430_eabi.lib</file>
         <name>int02.obj</name>
      </input_file>
      <input_file id="fl-3e">
         <path>C:\ti\ccsv7\tools\compiler\ti-cgt-msp430_16.9.3.LTS\lib\</path>
         <kind>archive</kind>
         <file>rts430_eabi.lib</file>
         <name>int03.obj</name>
      </input_file>
      <input_file id="fl-3f">
         <path>C:\ti\ccsv7\tools\compiler\ti-cgt-msp430_16.9.3.LTS\lib\</path>
         <kind>archive</kind>
         <file>rts430_eabi.lib</file>
         <name>int05.obj</name>
      </input_file>
      <input_file id="fl-40">
         <path>C:\ti\ccsv7\tools\compiler\ti-cgt-msp430_16.9.3.LTS\lib\</path>
         <kind>archive</kind>
         <file>rts430_eabi.lib</file>
         <name>int06.obj</name>
      </input_file>
      <input_file id="fl-41">
         <path>C:\ti\ccsv7\tools\compiler\ti-cgt-msp430_16.9.3.LTS\lib\</path>
         <kind>archive</kind>
         <file>rts430_eabi.lib</file>
         <name>int07.obj</name>
      </input_file>
      <input_file id="fl-42">
         <path>C:\ti\ccsv7\tools\compiler\ti-cgt-msp430_16.9.3.LTS\lib\</path>
         <kind>archive</kind>
         <file>rts430_eabi.lib</file>
         <name>int08.obj</name>
      </input_file>
      <input_file id="fl-43">
         <path>C:\ti\ccsv7\tools\compiler\ti-cgt-msp430_16.9.3.LTS\lib\</path>
         <kind>archive</kind>
         <file>rts430_eabi.lib</file>
         <name>int09.obj</name>
      </input_file>
      <input_file id="fl-44">
         <path>C:\ti\ccsv7\tools\compiler\ti-cgt-msp430_16.9.3.LTS\lib\</path>
         <kind>archive</kind>
         <file>rts430_eabi.lib</file>
         <name>int10.obj</name>
      </input_file>
      <input_file id="fl-45">
         <path>C:\ti\ccsv7\tools\compiler\ti-cgt-msp430_16.9.3.LTS\lib\</path>
         <kind>archive</kind>
         <file>rts430_eabi.lib</file>
         <name>int11.obj</name>
      </input_file>
      <input_file id="fl-46">
         <path>C:\ti\ccsv7\tools\compiler\ti-cgt-msp430_16.9.3.LTS\lib\</path>
         <kind>archive</kind>
         <file>rts430_eabi.lib</file>
         <name>int12.obj</name>
      </input_file>
      <input_file id="fl-47">
         <path>C:\ti\ccsv7\tools\compiler\ti-cgt-msp430_16.9.3.LTS\lib\</path>
         <kind>archive</kind>
         <file>rts430_eabi.lib</file>
         <name>int13.obj</name>
      </input_file>
      <input_file id="fl-48">
         <path>C:\ti\ccsv7\tools\compiler\ti-cgt-msp430_16.9.3.LTS\lib\</path>
         <kind>archive</kind>
         <file>rts430_eabi.lib</file>
         <name>int14.obj</name>
      </input_file>
      <input_file id="fl-49">
         <path>C:\ti\ccsv7\tools\compiler\ti-cgt-msp430_16.9.3.LTS\lib\</path>
         <kind>archive</kind>
         <file>rts430_eabi.lib</file>
         <name>isr_trap.obj</name>
      </input_file>
      <input_file id="fl-4a">
         <path>C:\ti\ccsv7\tools\compiler\ti-cgt-msp430_16.9.3.LTS\lib\</path>
         <kind>archive</kind>
         <file>rts430_eabi.lib</file>
         <name>lsl16.obj</name>
      </input_file>
      <input_file id="fl-4b">
         <path>C:\ti\ccsv7\tools\compiler\ti-cgt-msp430_16.9.3.LTS\lib\</path>
         <kind>archive</kind>
         <file>rts430_eabi.lib</file>
         <name>lsl32.obj</name>
      </input_file>
      <input_file id="fl-4c">
         <path>C:\ti\ccsv7\tools\compiler\ti-cgt-msp430_16.9.3.LTS\lib\</path>
         <kind>archive</kind>
         <file>rts430_eabi.lib</file>
         <name>lsr16.obj</name>
      </input_file>
      <input_file id="fl-4d">
         <path>C:\ti\ccsv7\tools\compiler\ti-cgt-msp430_16.9.3.LTS\lib\</path>
         <kind>archive</kind>
         <file>rts430_eabi.lib</file>
         <name>lsr32.obj</name>
      </input_file>
      <input_file id="fl-4e">
         <path>C:\ti\ccsv7\tools\compiler\ti-cgt-msp430_16.9.3.LTS\lib\</path>
         <kind>archive</kind>
         <file>rts430_eabi.lib</file>
         <name>lsr64.obj</name>
      </input_file>
      <input_file id="fl-4f">
         <path>C:\ti\ccsv7\tools\compiler\ti-cgt-msp430_16.9.3.LTS\lib\</path>
         <kind>archive</kind>
         <file>rts430_eabi.lib</file>
         <name>memcpy.obj</name>
      </input_file>
      <input_file id="fl-50">
         <path>C:\ti\ccsv7\tools\compiler\ti-cgt-msp430_16.9.3.LTS\lib\</path>
         <kind>archive</kind>
         <file>rts430_eabi.lib</file>
         <name>mpu_init.obj</name>
      </input_file>
      <input_file id="fl-51">
         <path>C:\ti\ccsv7\tools\compiler\ti-cgt-msp430_16.9.3.LTS\lib\</path>
         <kind>archive</kind>
         <file>rts430_eabi.lib</file>
         <name>mpyd.obj</name>
      </input_file>
      <input_file id="fl-52">
         <path>C:\ti\ccsv7\tools\compiler\ti-cgt-msp430_16.9.3.LTS\lib\</path>
         <kind>archive</kind>
         <file>rts430_eabi.lib</file>
         <name>mult16.obj</name>
      </input_file>
      <input_file id="fl-53">
         <path>C:\ti\ccsv7\tools\compiler\ti-cgt-msp430_16.9.3.LTS\lib\</path>
         <kind>archive</kind>
         <file>rts430_eabi.lib</file>
         <name>mult1632_hw.obj</name>
      </input_file>
      <input_file id="fl-54">
         <path>C:\ti\ccsv7\tools\compiler\ti-cgt-msp430_16.9.3.LTS\lib\</path>
         <kind>archive</kind>
         <file>rts430_eabi.lib</file>
         <name>mult16_hw.obj</name>
      </input_file>
      <input_file id="fl-55">
         <path>C:\ti\ccsv7\tools\compiler\ti-cgt-msp430_16.9.3.LTS\lib\</path>
         <kind>archive</kind>
         <file>rts430_eabi.lib</file>
         <name>mult32.obj</name>
      </input_file>
      <input_file id="fl-56">
         <path>C:\ti\ccsv7\tools\compiler\ti-cgt-msp430_16.9.3.LTS\lib\</path>
         <kind>archive</kind>
         <file>rts430_eabi.lib</file>
         <name>mult3264_hw.obj</name>
      </input_file>
      <input_file id="fl-57">
         <path>C:\ti\ccsv7\tools\compiler\ti-cgt-msp430_16.9.3.LTS\lib\</path>
         <kind>archive</kind>
         <file>rts430_eabi.lib</file>
         <name>mult32_hw.obj</name>
      </input_file>
      <input_file id="fl-58">
         <path>C:\ti\ccsv7\tools\compiler\ti-cgt-msp430_16.9.3.LTS\lib\</path>
         <kind>archive</kind>
         <file>rts430_eabi.lib</file>
         <name>mult64_hw.obj</name>
      </input_file>
      <input_file id="fl-59">
         <path>C:\ti\ccsv7\tools\compiler\ti-cgt-msp430_16.9.3.LTS\lib\</path>
         <kind>archive</kind>
         <file>rts430_eabi.lib</file>
         <name>pre_init.obj</name>
      </input_file>
      <input_file id="fl-5a">
         <path>C:\ti\ccsv7\tools\compiler\ti-cgt-msp430_16.9.3.LTS\lib\</path>
         <kind>archive</kind>
         <file>rts430_eabi.lib</file>
         <name>printf.obj</name>
      </input_file>
      <input_file id="fl-5b">
         <path>C:\ti\ccsv7\tools\compiler\ti-cgt-msp430_16.9.3.LTS\lib\</path>
         <kind>archive</kind>
         <file>rts430_eabi.lib</file>
         <name>renormd.obj</name>
      </input_file>
      <input_file id="fl-5c">
         <path>C:\ti\ccsv7\tools\compiler\ti-cgt-msp430_16.9.3.LTS\lib\</path>
         <kind>archive</kind>
         <file>rts430_eabi.lib</file>
         <name>subd.obj</name>
      </input_file>
      <input_file id="fl-5d">
         <path>C:\ti\ccsv7\tools\compiler\ti-cgt-msp430_16.9.3.LTS\lib\</path>
         <kind>archive</kind>
         <file>rts430_eabi.lib</file>
         <name>trgdrv.obj</name>
      </input_file>
      <input_file id="fl-5e">
         <path>C:\ti\ccsv7\tools\compiler\ti-cgt-msp430_16.9.3.LTS\lib\</path>
         <kind>archive</kind>
         <file>rts430_eabi.lib</file>
         <name>trgmsg.obj</name>
      </input_file>
      <input_file id="fl-5f">
         <path>C:\ti\ccsv7\tools\compiler\ti-cgt-msp430_16.9.3.LTS\lib\</path>
         <kind>archive</kind>
         <file>rts430_eabi.lib</file>
         <name>_lock.obj</name>
      </input_file>
      <input_file id="fl-60">
         <path>C:\ti\ccsv7\tools\compiler\ti-cgt-msp430_16.9.3.LTS\lib\</path>
         <kind>archive</kind>
         <file>rts430_eabi.lib</file>
         <name>_printfi_min.obj</name>
      </input_file>
      <input_file id="fl-61">
         <path>C:\ti\ccsv7\tools\compiler\ti-cgt-msp430_16.9.3.LTS\lib\</path>
         <kind>archive</kind>
         <file>rts430_eabi.lib</file>
         <name>args_main.obj</name>
      </input_file>
      <input_file id="fl-62">
         <path>C:\ti\ccsv7\tools\compiler\ti-cgt-msp430_16.9.3.LTS\lib\</path>
         <kind>archive</kind>
         <file>rts430_eabi.lib</file>
         <name>asr32.obj</name>
      </input_file>
      <input_file id="fl-63">
         <path>C:\ti\ccsv7\tools\compiler\ti-cgt-msp430_16.9.3.LTS\lib\</path>
         <kind>archive</kind>
         <file>rts430_eabi.lib</file>
         <name>autoinit_wdt.obj</name>
      </input_file>
      <input_file id="fl-64">
         <path>C:\ti\ccsv7\tools\compiler\ti-cgt-msp430_16.9.3.LTS\lib\</path>
         <kind>archive</kind>
         <file>rts430_eabi.lib</file>
         <name>cpy_tbl.obj</name>
      </input_file>
      <input_file id="fl-65">
         <path>C:\ti\ccsv7\tools\compiler\ti-cgt-msp430_16.9.3.LTS\lib\</path>
         <kind>archive</kind>
         <file>rts430_eabi.lib</file>
         <name>defs.obj</name>
      </input_file>
      <input_file id="fl-66">
         <path>C:\ti\ccsv7\tools\compiler\ti-cgt-msp430_16.9.3.LTS\lib\</path>
         <kind>archive</kind>
         <file>rts430_eabi.lib</file>
         <name>div16u.obj</name>
      </input_file>
      <input_file id="fl-67">
         <path>C:\ti\ccsv7\tools\compiler\ti-cgt-msp430_16.9.3.LTS\lib\</path>
         <kind>archive</kind>
         <file>rts430_eabi.lib</file>
         <name>fputc.obj</name>
      </input_file>
      <input_file id="fl-68">
         <path>C:\ti\ccsv7\tools\compiler\ti-cgt-msp430_16.9.3.LTS\lib\</path>
         <kind>archive</kind>
         <file>rts430_eabi.lib</file>
         <name>fputs.obj</name>
      </input_file>
      <input_file id="fl-69">
         <path>C:\ti\ccsv7\tools\compiler\ti-cgt-msp430_16.9.3.LTS\lib\</path>
         <kind>archive</kind>
         <file>rts430_eabi.lib</file>
         <name>frcmpyd.obj</name>
      </input_file>
      <input_file id="fl-6a">
         <path>C:\ti\ccsv7\tools\compiler\ti-cgt-msp430_16.9.3.LTS\lib\</path>
         <kind>archive</kind>
         <file>rts430_eabi.lib</file>
         <name>lowlev.obj</name>
      </input_file>
      <input_file id="fl-6b">
         <path>C:\ti\ccsv7\tools\compiler\ti-cgt-msp430_16.9.3.LTS\lib\</path>
         <kind>archive</kind>
         <file>rts430_eabi.lib</file>
         <name>memccpy.obj</name>
      </input_file>
      <input_file id="fl-6c">
         <path>C:\ti\ccsv7\tools\compiler\ti-cgt-msp430_16.9.3.LTS\lib\</path>
         <kind>archive</kind>
         <file>rts430_eabi.lib</file>
         <name>memchr.obj</name>
      </input_file>
      <input_file id="fl-6d">
         <path>C:\ti\ccsv7\tools\compiler\ti-cgt-msp430_16.9.3.LTS\lib\</path>
         <kind>archive</kind>
         <file>rts430_eabi.lib</file>
         <name>memset.obj</name>
      </input_file>
      <input_file id="fl-6e">
         <path>C:\ti\ccsv7\tools\compiler\ti-cgt-msp430_16.9.3.LTS\lib\</path>
         <kind>archive</kind>
         <file>rts430_eabi.lib</file>
         <name>startup.obj</name>
      </input_file>
      <input_file id="fl-6f">
         <path>C:\ti\ccsv7\tools\compiler\ti-cgt-msp430_16.9.3.LTS\lib\</path>
         <kind>archive</kind>
         <file>rts430_eabi.lib</file>
         <name>strchr.obj</name>
      </input_file>
      <input_file id="fl-70">
         <path>C:\ti\ccsv7\tools\compiler\ti-cgt-msp430_16.9.3.LTS\lib\</path>
         <kind>archive</kind>
         <file>rts430_eabi.lib</file>
         <name>strcmp.obj</name>
      </input_file>
      <input_file id="fl-71">
         <path>C:\ti\ccsv7\tools\compiler\ti-cgt-msp430_16.9.3.LTS\lib\</path>
         <kind>archive</kind>
         <file>rts430_eabi.lib</file>
         <name>strcpy.obj</name>
      </input_file>
      <input_file id="fl-72">
         <path>C:\ti\ccsv7\tools\compiler\ti-cgt-msp430_16.9.3.LTS\lib\</path>
         <kind>archive</kind>
         <file>rts430_eabi.lib</file>
         <name>strlen.obj</name>
      </input_file>
      <input_file id="fl-73">
         <path>C:\ti\ccsv7\tools\compiler\ti-cgt-msp430_16.9.3.LTS\lib\</path>
         <kind>archive</kind>
         <file>rts430_eabi.lib</file>
         <name>strncpy.obj</name>
      </input_file>
      <input_file id="fl-74">
         <path>C:\ti\ccsv7\tools\compiler\ti-cgt-msp430_16.9.3.LTS\lib\</path>
         <kind>archive</kind>
         <file>rts430_eabi.lib</file>
         <name>_io_perm.obj</name>
      </input_file>
      <input_file id="fl-75">
         <path>C:\ti\ccsv7\tools\compiler\ti-cgt-msp430_16.9.3.LTS\lib\</path>
         <kind>archive</kind>
         <file>rts430_eabi.lib</file>
         <name>fflush.obj</name>
      </input_file>
      <input_file id="fl-76">
         <path>C:\ti\ccsv7\tools\compiler\ti-cgt-msp430_16.9.3.LTS\lib\</path>
         <kind>archive</kind>
         <file>rts430_eabi.lib</file>
         <name>fseek.obj</name>
      </input_file>
      <input_file id="fl-77">
         <path>C:\ti\ccsv7\tools\compiler\ti-cgt-msp430_16.9.3.LTS\lib\</path>
         <kind>archive</kind>
         <file>rts430_eabi.lib</file>
         <name>setvbuf.obj</name>
      </input_file>
      <input_file id="fl-78">
         <path>C:\ti\ccsv7\tools\compiler\ti-cgt-msp430_16.9.3.LTS\lib\</path>
         <kind>archive</kind>
         <file>rts430_eabi.lib</file>
         <name>fopen.obj</name>
      </input_file>
      <input_file id="fl-79">
         <path>C:\ti\ccsv7\tools\compiler\ti-cgt-msp430_16.9.3.LTS\lib\</path>
         <kind>archive</kind>
         <file>rts430_eabi.lib</file>
         <name>memory.obj</name>
      </input_file>
      <input_file id="fl-7a">
         <path>C:\ti\ccsv7\tools\compiler\ti-cgt-msp430_16.9.3.LTS\lib\</path>
         <kind>archive</kind>
         <file>rts430_eabi.lib</file>
         <name>fclose.obj</name>
      </input_file>
      <input_file id="fl-7b">
         <path>C:\ti\ccsv7\tools\compiler\ti-cgt-msp430_16.9.3.LTS\lib\</path>
         <kind>archive</kind>
         <file>rts430_eabi.lib</file>
         <name>remove.obj</name>
      </input_file>
   </input_file_list>
   <object_component_list>
      <object_component id="oc-219">
         <name>.bss:rfRxInfo</name>
         <uninitialized>true</uninitialized>
         <run_address>0x1288</run_address>
         <size>0xc</size>
         <input_file_ref idref="fl-8"/>
      </object_component>
      <object_component id="oc-222">
         <name>.bss:rfTxInfo</name>
         <uninitialized>true</uninitialized>
         <run_address>0x1294</run_address>
         <size>0xa</size>
         <input_file_ref idref="fl-8"/>
      </object_component>
      <object_component id="oc-225">
         <name>.bss:pTxBuffer</name>
         <uninitialized>true</uninitialized>
         <run_address>0x1214</run_address>
         <size>0x74</size>
         <input_file_ref idref="fl-8"/>
      </object_component>
      <object_component id="oc-228">
         <name>.bss:pRxBuffer</name>
         <uninitialized>true</uninitialized>
         <run_address>0x11a0</run_address>
         <size>0x74</size>
         <input_file_ref idref="fl-8"/>
      </object_component>
      <object_component id="oc-414">
         <name>.bss:parmbuf</name>
         <uninitialized>true</uninitialized>
         <run_address>0x12a8</run_address>
         <size>0x8</size>
         <input_file_ref idref="fl-5d"/>
      </object_component>
      <object_component id="oc-3b8">
         <name>.bss</name>
         <uninitialized>true</uninitialized>
         <run_address>0x12b0</run_address>
         <size>0x6</size>
         <input_file_ref idref="fl-79"/>
      </object_component>
      <object_component id="oc-1d6">
         <name>.common:rfSettings</name>
         <uninitialized>true</uninitialized>
         <run_address>0x129e</run_address>
         <size>0xa</size>
      </object_component>
      <object_component id="oc-1db">
         <name>.common:x</name>
         <uninitialized>true</uninitialized>
         <run_address>0x12bb</run_address>
         <size>0x1</size>
      </object_component>
      <object_component id="oc-1d9">
         <name>.common:estado</name>
         <uninitialized>true</uninitialized>
         <run_address>0x12b8</run_address>
         <size>0x1</size>
      </object_component>
      <object_component id="oc-1da">
         <name>.common:wait</name>
         <uninitialized>true</uninitialized>
         <run_address>0x12ba</run_address>
         <size>0x1</size>
      </object_component>
      <object_component id="oc-2c1">
         <name>.common:i</name>
         <uninitialized>true</uninitialized>
         <run_address>0x12b6</run_address>
         <size>0x2</size>
      </object_component>
      <object_component id="oc-1dc">
         <name>.common:recibidos</name>
         <uninitialized>true</uninitialized>
         <run_address>0x12b9</run_address>
         <size>0x1</size>
      </object_component>
      <object_component id="oc-409">
         <name>.common:__TI_tmpnams</name>
         <uninitialized>true</uninitialized>
         <run_address>0x1100</run_address>
         <size>0xa0</size>
      </object_component>
      <object_component id="oc-1d2">
         <name>.data</name>
         <load_address>0x14d8</load_address>
         <run_address>0x14d8</run_address>
         <size>0x1</size>
         <input_file_ref idref="fl-8"/>
      </object_component>
      <object_component id="oc-1fb">
         <name>.data</name>
         <load_address>0x14d4</load_address>
         <run_address>0x14d4</run_address>
         <size>0x2</size>
         <input_file_ref idref="fl-30"/>
      </object_component>
      <object_component id="oc-204">
         <name>.data:__TI_cleanup_ptr</name>
         <load_address>0x14ca</load_address>
         <run_address>0x14ca</run_address>
         <size>0x2</size>
         <input_file_ref idref="fl-31"/>
      </object_component>
      <object_component id="oc-201">
         <name>.data:__TI_dtors_ptr</name>
         <load_address>0x14cc</load_address>
         <run_address>0x14cc</run_address>
         <size>0x2</size>
         <input_file_ref idref="fl-31"/>
      </object_component>
      <object_component id="oc-1fe">
         <name>.data:_lock</name>
         <load_address>0x14ce</load_address>
         <run_address>0x14ce</run_address>
         <size>0x2</size>
         <input_file_ref idref="fl-5f"/>
      </object_component>
      <object_component id="oc-207">
         <name>.data:_unlock</name>
         <load_address>0x14d0</load_address>
         <run_address>0x14d0</run_address>
         <size>0x2</size>
         <input_file_ref idref="fl-5f"/>
      </object_component>
      <object_component id="oc-2a8">
         <name>.data:_ftable</name>
         <load_address>0x13dc</load_address>
         <run_address>0x13dc</run_address>
         <size>0x78</size>
         <input_file_ref idref="fl-65"/>
      </object_component>
      <object_component id="oc-3cc">
         <name>.data</name>
         <load_address>0x14d2</load_address>
         <run_address>0x14d2</run_address>
         <size>0x2</size>
         <input_file_ref idref="fl-65"/>
      </object_component>
      <object_component id="oc-39f">
         <name>.data:_device</name>
         <load_address>0x1454</load_address>
         <run_address>0x1454</run_address>
         <size>0x4e</size>
         <input_file_ref idref="fl-6a"/>
      </object_component>
      <object_component id="oc-35e">
         <name>.data:_stream</name>
         <load_address>0x14a2</load_address>
         <run_address>0x14a2</run_address>
         <size>0x28</size>
         <input_file_ref idref="fl-6a"/>
      </object_component>
      <object_component id="oc-3bc">
         <name>.data</name>
         <load_address>0x14d6</load_address>
         <run_address>0x14d6</run_address>
         <size>0x2</size>
         <input_file_ref idref="fl-79"/>
      </object_component>
      <object_component id="oc-139">
         <name>.sysmem</name>
         <uninitialized>true</uninitialized>
         <run_address>0x14dc</run_address>
         <size>0x4</size>
         <input_file_ref idref="fl-79"/>
      </object_component>
      <object_component id="oc-4b8">
         <name>.sysmem</name>
         <uninitialized>true</uninitialized>
         <run_address>0x14dc</run_address>
         <size>0x0</size>
      </object_component>
      <object_component id="oc-135">
         <name>.stack</name>
         <uninitialized>true</uninitialized>
         <run_address>0x38b0</run_address>
         <size>0x2</size>
         <input_file_ref idref="fl-25"/>
      </object_component>
      <object_component id="oc-4b7">
         <name>.stack</name>
         <uninitialized>true</uninitialized>
         <run_address>0x38b0</run_address>
         <size>0x0</size>
      </object_component>
      <object_component id="oc-16e">
         <name>.text:fifo_rx</name>
         <load_address>0x4000</load_address>
         <run_address>0x4000</run_address>
         <size>0x404</size>
         <input_file_ref idref="fl-8"/>
      </object_component>
      <object_component id="oc-2c2">
         <name>.text:basicRfSendPacket</name>
         <load_address>0x4404</load_address>
         <run_address>0x4404</run_address>
         <size>0x222</size>
         <input_file_ref idref="fl-8"/>
      </object_component>
      <object_component id="oc-21c">
         <name>.text:basicRfInit</name>
         <load_address>0x4626</load_address>
         <run_address>0x4626</run_address>
         <size>0x19c</size>
         <input_file_ref idref="fl-8"/>
      </object_component>
      <object_component id="oc-19b">
         <name>.text:main</name>
         <load_address>0x47c2</load_address>
         <run_address>0x47c2</run_address>
         <size>0x13c</size>
         <input_file_ref idref="fl-8"/>
      </object_component>
      <object_component id="oc-2f7">
         <name>.text:_setfield</name>
         <load_address>0x48fe</load_address>
         <run_address>0x48fe</run_address>
         <size>0x116</size>
         <input_file_ref idref="fl-60"/>
      </object_component>
      <object_component id="oc-2e3">
         <name>.text:fputs</name>
         <load_address>0x4a14</load_address>
         <run_address>0x4a14</run_address>
         <size>0xea</size>
         <input_file_ref idref="fl-68"/>
      </object_component>
      <object_component id="oc-2b7">
         <name>.text:__TI_printfi_minimal</name>
         <load_address>0x4afe</load_address>
         <run_address>0x4afe</run_address>
         <size>0xe6</size>
         <input_file_ref idref="fl-60"/>
      </object_component>
      <object_component id="oc-352">
         <name>.text:setvbuf</name>
         <load_address>0x4be4</load_address>
         <run_address>0x4be4</run_address>
         <size>0xd0</size>
         <input_file_ref idref="fl-77"/>
      </object_component>
      <object_component id="oc-338">
         <name>.text:_pproc_diouxp</name>
         <load_address>0x4cb4</load_address>
         <run_address>0x4cb4</run_address>
         <size>0xca</size>
         <input_file_ref idref="fl-60"/>
      </object_component>
      <object_component id="oc-386">
         <name>.text:malloc</name>
         <load_address>0x4d7e</load_address>
         <run_address>0x4d7e</run_address>
         <size>0xb2</size>
         <input_file_ref idref="fl-79"/>
      </object_component>
      <object_component id="oc-3ea">
         <name>.text:HOSTlseek</name>
         <load_address>0x4e30</load_address>
         <run_address>0x4e30</run_address>
         <size>0xa2</size>
         <input_file_ref idref="fl-5d"/>
      </object_component>
      <object_component id="oc-2ea">
         <name>.text:fputc</name>
         <load_address>0x4ed2</load_address>
         <run_address>0x4ed2</run_address>
         <size>0x90</size>
         <input_file_ref idref="fl-67"/>
      </object_component>
      <object_component id="oc-181">
         <name>.text:_auto_init_hold_wdt</name>
         <load_address>0x4f62</load_address>
         <run_address>0x4f62</run_address>
         <size>0x84</size>
         <input_file_ref idref="fl-63"/>
      </object_component>
      <object_component id="oc-380">
         <name>.text:free</name>
         <load_address>0x4fe6</load_address>
         <run_address>0x4fe6</run_address>
         <size>0x80</size>
         <input_file_ref idref="fl-79"/>
      </object_component>
      <object_component id="oc-33">
         <name>.text:decompress:lzss:__TI_decompress_lzss</name>
         <load_address>0x5066</load_address>
         <run_address>0x5066</run_address>
         <size>0x7c</size>
         <input_file_ref idref="fl-29"/>
      </object_component>
      <object_component id="oc-313">
         <name>.text:__TI_wrt_ok</name>
         <load_address>0x50e2</load_address>
         <run_address>0x50e2</run_address>
         <size>0x7a</size>
         <input_file_ref idref="fl-74"/>
      </object_component>
      <object_component id="oc-3c6">
         <name>.text:__TI_closefile</name>
         <load_address>0x515c</load_address>
         <run_address>0x515c</run_address>
         <size>0x72</size>
         <input_file_ref idref="fl-7a"/>
      </object_component>
      <object_component id="oc-34c">
         <name>.text:fseek</name>
         <load_address>0x51ce</load_address>
         <run_address>0x51ce</run_address>
         <size>0x70</size>
         <input_file_ref idref="fl-76"/>
      </object_component>
      <object_component id="oc-3f6">
         <name>.text:HOSTrename</name>
         <load_address>0x523e</load_address>
         <run_address>0x523e</run_address>
         <size>0x6a</size>
         <input_file_ref idref="fl-5d"/>
      </object_component>
      <object_component id="oc-3d2">
         <name>.text:HOSTopen</name>
         <load_address>0x52a8</load_address>
         <run_address>0x52a8</run_address>
         <size>0x66</size>
         <input_file_ref idref="fl-5d"/>
      </object_component>
      <object_component id="oc-3e4">
         <name>.text:HOSTwrite</name>
         <load_address>0x530e</load_address>
         <run_address>0x530e</run_address>
         <size>0x62</size>
         <input_file_ref idref="fl-5d"/>
      </object_component>
      <object_component id="oc-31f">
         <name>.text:__TI_doflush</name>
         <load_address>0x5370</load_address>
         <run_address>0x5370</run_address>
         <size>0x62</size>
         <input_file_ref idref="fl-75"/>
      </object_component>
      <object_component id="oc-3de">
         <name>.text:HOSTread</name>
         <load_address>0x53d2</load_address>
         <run_address>0x53d2</run_address>
         <size>0x60</size>
         <input_file_ref idref="fl-5d"/>
      </object_component>
      <object_component id="oc-23e">
         <name>.text:enviar_trama</name>
         <load_address>0x5432</load_address>
         <run_address>0x5432</run_address>
         <size>0x60</size>
         <input_file_ref idref="fl-8"/>
      </object_component>
      <object_component id="oc-1e6">
         <name>.text:copy_in</name>
         <load_address>0x5492</load_address>
         <run_address>0x5492</run_address>
         <size>0x5a</size>
         <input_file_ref idref="fl-64"/>
      </object_component>
      <object_component id="oc-43c">
         <name>.text:getdevice</name>
         <load_address>0x54ec</load_address>
         <run_address>0x54ec</run_address>
         <size>0x58</size>
         <input_file_ref idref="fl-6a"/>
      </object_component>
      <object_component id="oc-141">
         <name>.text</name>
         <load_address>0x5544</load_address>
         <run_address>0x5544</run_address>
         <size>0x4c</size>
         <input_file_ref idref="fl-4c"/>
      </object_component>
      <object_component id="oc-403">
         <name>.text:close</name>
         <load_address>0x5590</load_address>
         <run_address>0x5590</run_address>
         <size>0x4a</size>
         <input_file_ref idref="fl-6a"/>
      </object_component>
      <object_component id="oc-295">
         <name>.text:halRfSetChannel</name>
         <load_address>0x55da</load_address>
         <run_address>0x55da</run_address>
         <size>0x46</size>
         <input_file_ref idref="fl-3"/>
      </object_component>
      <object_component id="oc-3d8">
         <name>.text:HOSTclose</name>
         <load_address>0x5620</load_address>
         <run_address>0x5620</run_address>
         <size>0x44</size>
         <input_file_ref idref="fl-5d"/>
      </object_component>
      <object_component id="oc-18d">
         <name>.text:exit</name>
         <load_address>0x5664</load_address>
         <run_address>0x5664</run_address>
         <size>0x44</size>
         <input_file_ref idref="fl-30"/>
      </object_component>
      <object_component id="oc-3f0">
         <name>.text:HOSTunlink</name>
         <load_address>0x56a8</load_address>
         <run_address>0x56a8</run_address>
         <size>0x40</size>
         <input_file_ref idref="fl-5d"/>
      </object_component>
      <object_component id="oc-168">
         <name>.text:P2_ISR</name>
         <load_address>0x56e8</load_address>
         <run_address>0x56e8</run_address>
         <size>0x40</size>
         <input_file_ref idref="fl-8"/>
      </object_component>
      <object_component id="oc-428">
         <name>.text:l_asr_const</name>
         <load_address>0x5728</load_address>
         <run_address>0x5728</run_address>
         <size>0x3e</size>
         <input_file_ref idref="fl-62"/>
      </object_component>
      <object_component id="oc-42d">
         <name>.text:l_lsl_const</name>
         <load_address>0x5766</load_address>
         <run_address>0x5766</run_address>
         <size>0x3e</size>
         <input_file_ref idref="fl-4b"/>
      </object_component>
      <object_component id="oc-22c">
         <name>.text:printf</name>
         <load_address>0x57a4</load_address>
         <run_address>0x57a4</run_address>
         <size>0x3c</size>
         <input_file_ref idref="fl-5a"/>
      </object_component>
      <object_component id="oc-232">
         <name>.text:basicRfReceiveOn</name>
         <load_address>0x57e0</load_address>
         <run_address>0x57e0</run_address>
         <size>0x38</size>
         <input_file_ref idref="fl-8"/>
      </object_component>
      <object_component id="oc-3bf">
         <name>.text:minit</name>
         <load_address>0x5818</load_address>
         <run_address>0x5818</run_address>
         <size>0x38</size>
         <input_file_ref idref="fl-79"/>
      </object_component>
      <object_component id="oc-38c">
         <name>.text:__TI_cleanup</name>
         <load_address>0x5850</load_address>
         <run_address>0x5850</run_address>
         <size>0x34</size>
         <input_file_ref idref="fl-78"/>
      </object_component>
      <object_component id="oc-45f">
         <name>.text:finddevice</name>
         <load_address>0x5884</load_address>
         <run_address>0x5884</run_address>
         <size>0x34</size>
         <input_file_ref idref="fl-6a"/>
      </object_component>
      <object_component id="oc-20d">
         <name>.text:halSpiInit</name>
         <load_address>0x58b8</load_address>
         <run_address>0x58b8</run_address>
         <size>0x34</size>
         <input_file_ref idref="fl-5"/>
      </object_component>
      <object_component id="oc-417">
         <name>.text:__TI_writemsg</name>
         <load_address>0x58ec</load_address>
         <run_address>0x58ec</run_address>
         <size>0x2e</size>
         <input_file_ref idref="fl-5e"/>
      </object_component>
      <object_component id="oc-41d">
         <name>.text:__TI_readmsg</name>
         <load_address>0x591a</load_address>
         <run_address>0x591a</run_address>
         <size>0x2c</size>
         <input_file_ref idref="fl-5e"/>
      </object_component>
      <object_component id="oc-13c">
         <name>.text</name>
         <load_address>0x5946</load_address>
         <run_address>0x5946</run_address>
         <size>0x2c</size>
         <input_file_ref idref="fl-4a"/>
      </object_component>
      <object_component id="oc-459">
         <name>.text:strncpy</name>
         <load_address>0x5972</load_address>
         <run_address>0x5972</run_address>
         <size>0x2c</size>
         <input_file_ref idref="fl-73"/>
      </object_component>
      <object_component id="oc-40a">
         <name>.text:unlink</name>
         <load_address>0x599e</load_address>
         <run_address>0x599e</run_address>
         <size>0x28</size>
         <input_file_ref idref="fl-6a"/>
      </object_component>
      <object_component id="oc-378">
         <name>.text:lseek</name>
         <load_address>0x59c6</load_address>
         <run_address>0x59c6</run_address>
         <size>0x26</size>
         <input_file_ref idref="fl-6a"/>
      </object_component>
      <object_component id="oc-29b">
         <name>.text:halRfWaitForCrystalOscillator</name>
         <load_address>0x59ec</load_address>
         <run_address>0x59ec</run_address>
         <size>0x24</size>
         <input_file_ref idref="fl-4"/>
      </object_component>
      <object_component id="oc-325">
         <name>.text:write</name>
         <load_address>0x5a10</load_address>
         <run_address>0x5a10</run_address>
         <size>0x24</size>
         <input_file_ref idref="fl-6a"/>
      </object_component>
      <object_component id="oc-238">
         <name>.text:rfshutdown</name>
         <load_address>0x5a34</load_address>
         <run_address>0x5a34</run_address>
         <size>0x1e</size>
         <input_file_ref idref="fl-8"/>
      </object_component>
      <object_component id="oc-213">
         <name>.text:InitP2_7</name>
         <load_address>0x5a52</load_address>
         <run_address>0x5a52</run_address>
         <size>0x1c</size>
         <input_file_ref idref="fl-8"/>
      </object_component>
      <object_component id="oc-60">
         <name>.text:_c_int00_noargs</name>
         <load_address>0x5a6e</load_address>
         <run_address>0x5a6e</run_address>
         <size>0x1c</size>
         <input_file_ref idref="fl-26"/>
      </object_component>
      <object_component id="oc-33e">
         <name>.text:memccpy</name>
         <load_address>0x5a8a</load_address>
         <run_address>0x5a8a</run_address>
         <size>0x1a</size>
         <input_file_ref idref="fl-6b"/>
      </object_component>
      <object_component id="oc-453">
         <name>.text:strchr</name>
         <load_address>0x5aa4</load_address>
         <run_address>0x5aa4</run_address>
         <size>0x1a</size>
         <input_file_ref idref="fl-6f"/>
      </object_component>
      <object_component id="oc-470">
         <name>.text:strcmp</name>
         <load_address>0x5abe</load_address>
         <run_address>0x5abe</run_address>
         <size>0x18</size>
         <input_file_ref idref="fl-70"/>
      </object_component>
      <object_component id="oc-36b">
         <name>.text</name>
         <load_address>0x5ad6</load_address>
         <run_address>0x5ad6</run_address>
         <size>0x16</size>
         <input_file_ref idref="fl-66"/>
      </object_component>
      <object_component id="oc-4e">
         <name>.text:decompress:ZI:__TI_zero_init</name>
         <load_address>0x5aec</load_address>
         <run_address>0x5aec</run_address>
         <size>0x14</size>
         <input_file_ref idref="fl-2b"/>
      </object_component>
      <object_component id="oc-319">
         <name>.text:memchr</name>
         <load_address>0x5b00</load_address>
         <run_address>0x5b00</run_address>
         <size>0x14</size>
         <input_file_ref idref="fl-6c"/>
      </object_component>
      <object_component id="oc-331">
         <name>.text:memset</name>
         <load_address>0x5b14</load_address>
         <run_address>0x5b14</run_address>
         <size>0x14</size>
         <input_file_ref idref="fl-6d"/>
      </object_component>
      <object_component id="oc-262">
         <name>.text</name>
         <load_address>0x5b28</load_address>
         <run_address>0x5b28</run_address>
         <size>0x14</size>
         <input_file_ref idref="fl-54"/>
      </object_component>
      <object_component id="oc-39">
         <name>.text:decompress:none:__TI_decompress_none</name>
         <load_address>0x5b3c</load_address>
         <run_address>0x5b3c</run_address>
         <size>0x12</size>
         <input_file_ref idref="fl-2a"/>
      </object_component>
      <object_component id="oc-156">
         <name>.text:memcpy</name>
         <load_address>0x5b4e</load_address>
         <run_address>0x5b4e</run_address>
         <size>0x12</size>
         <input_file_ref idref="fl-4f"/>
      </object_component>
      <object_component id="oc-146">
         <name>.text</name>
         <load_address>0x5b60</load_address>
         <run_address>0x5b60</run_address>
         <size>0x10</size>
         <input_file_ref idref="fl-2f"/>
      </object_component>
      <object_component id="oc-434">
         <name>.text:strcpy</name>
         <load_address>0x5b70</load_address>
         <run_address>0x5b70</run_address>
         <size>0x10</size>
         <input_file_ref idref="fl-71"/>
      </object_component>
      <object_component id="oc-2f1">
         <name>.text:strlen</name>
         <load_address>0x5b80</load_address>
         <run_address>0x5b80</run_address>
         <size>0xe</size>
         <input_file_ref idref="fl-72"/>
      </object_component>
      <object_component id="oc-163">
         <name>.text:_isr:__TI_ISR_TRAP</name>
         <load_address>0x5b8e</load_address>
         <run_address>0x5b8e</run_address>
         <size>0x8</size>
         <input_file_ref idref="fl-49"/>
      </object_component>
      <object_component id="oc-1cc">
         <name>.text:halWait</name>
         <load_address>0x5b96</load_address>
         <run_address>0x5b96</run_address>
         <size>0x8</size>
         <input_file_ref idref="fl-6"/>
      </object_component>
      <object_component id="oc-2b1">
         <name>.text:_outc</name>
         <load_address>0x5b9e</load_address>
         <run_address>0x5b9e</run_address>
         <size>0x6</size>
         <input_file_ref idref="fl-5a"/>
      </object_component>
      <object_component id="oc-1a3">
         <name>.text:abort</name>
         <load_address>0x5ba4</load_address>
         <run_address>0x5ba4</run_address>
         <size>0x6</size>
         <input_file_ref idref="fl-30"/>
      </object_component>
      <object_component id="oc-2ab">
         <name>.text:_outs</name>
         <load_address>0x5baa</load_address>
         <run_address>0x5baa</run_address>
         <size>0x4</size>
         <input_file_ref idref="fl-5a"/>
      </object_component>
      <object_component id="oc-17b">
         <name>.text:_system_pre_init</name>
         <load_address>0x5bae</load_address>
         <run_address>0x5bae</run_address>
         <size>0x4</size>
         <input_file_ref idref="fl-59"/>
      </object_component>
      <object_component id="oc-27f">
         <name>.text:_nop</name>
         <load_address>0x5bb2</load_address>
         <run_address>0x5bb2</run_address>
         <size>0x2</size>
         <input_file_ref idref="fl-5f"/>
      </object_component>
      <object_component id="oc-1ec">
         <name>.text:_system_post_cinit</name>
         <load_address>0x5bb4</load_address>
         <run_address>0x5bb4</run_address>
         <size>0x2</size>
         <input_file_ref idref="fl-6e"/>
      </object_component>
      <object_component id="oc-4b6">
         <name>.cinit..data.load</name>
         <load_address>0x5bd4</load_address>
         <run_address>0x5bd4</run_address>
         <size>0x44</size>
      </object_component>
      <object_component id="oc-4b3">
         <name>__TI_handler_table</name>
         <load_address>0x5c18</load_address>
         <run_address>0x5c18</run_address>
         <size>0x6</size>
      </object_component>
      <object_component id="oc-4b5">
         <name>.cinit..bss.load</name>
         <load_address>0x5c1e</load_address>
         <run_address>0x5c1e</run_address>
         <size>0x4</size>
      </object_component>
      <object_component id="oc-4b4">
         <name>__TI_cinit_table</name>
         <load_address>0x5c22</load_address>
         <run_address>0x5c22</run_address>
         <size>0x8</size>
      </object_component>
      <object_component id="oc-337">
         <name>.const:.string</name>
         <load_address>0x5bb6</load_address>
         <run_address>0x5bb6</run_address>
         <size>0x14</size>
         <input_file_ref idref="fl-60"/>
      </object_component>
      <object_component id="oc-22b">
         <name>.const:.string</name>
         <load_address>0x5bca</load_address>
         <run_address>0x5bca</run_address>
         <size>0xa</size>
         <input_file_ref idref="fl-8"/>
      </object_component>
      <object_component id="oc-447">
         <name>.cio</name>
         <uninitialized>true</uninitialized>
         <run_address>0x12bc</run_address>
         <size>0x120</size>
         <input_file_ref idref="fl-5e"/>
      </object_component>
      <object_component id="oc-480">
         <name>.binit</name>
         <load_address>0x4000</load_address>
         <run_address>0x4000</run_address>
         <size>0x0</size>
      </object_component>
      <object_component id="oc-3f">
         <name>.int00</name>
         <load_address>0xffe0</load_address>
         <run_address>0xffe0</run_address>
         <size>0x2</size>
         <input_file_ref idref="fl-3c"/>
      </object_component>
      <object_component id="oc-40">
         <name>.int01</name>
         <load_address>0xffe2</load_address>
         <run_address>0xffe2</run_address>
         <size>0x2</size>
         <input_file_ref idref="fl-8"/>
      </object_component>
      <object_component id="oc-41">
         <name>.int02</name>
         <load_address>0xffe4</load_address>
         <run_address>0xffe4</run_address>
         <size>0x2</size>
         <input_file_ref idref="fl-3d"/>
      </object_component>
      <object_component id="oc-42">
         <name>.int03</name>
         <load_address>0xffe6</load_address>
         <run_address>0xffe6</run_address>
         <size>0x2</size>
         <input_file_ref idref="fl-3e"/>
      </object_component>
      <object_component id="oc-43">
         <name>.int04</name>
         <load_address>0xffe8</load_address>
         <run_address>0xffe8</run_address>
         <size>0x2</size>
         <input_file_ref idref="fl-8"/>
      </object_component>
      <object_component id="oc-44">
         <name>.int05</name>
         <load_address>0xffea</load_address>
         <run_address>0xffea</run_address>
         <size>0x2</size>
         <input_file_ref idref="fl-3f"/>
      </object_component>
      <object_component id="oc-45">
         <name>.int06</name>
         <load_address>0xffec</load_address>
         <run_address>0xffec</run_address>
         <size>0x2</size>
         <input_file_ref idref="fl-40"/>
      </object_component>
      <object_component id="oc-46">
         <name>.int07</name>
         <load_address>0xffee</load_address>
         <run_address>0xffee</run_address>
         <size>0x2</size>
         <input_file_ref idref="fl-41"/>
      </object_component>
      <object_component id="oc-47">
         <name>.int08</name>
         <load_address>0xfff0</load_address>
         <run_address>0xfff0</run_address>
         <size>0x2</size>
         <input_file_ref idref="fl-42"/>
      </object_component>
      <object_component id="oc-48">
         <name>.int09</name>
         <load_address>0xfff2</load_address>
         <run_address>0xfff2</run_address>
         <size>0x2</size>
         <input_file_ref idref="fl-43"/>
      </object_component>
      <object_component id="oc-49">
         <name>.int10</name>
         <load_address>0xfff4</load_address>
         <run_address>0xfff4</run_address>
         <size>0x2</size>
         <input_file_ref idref="fl-44"/>
      </object_component>
      <object_component id="oc-4a">
         <name>.int11</name>
         <load_address>0xfff6</load_address>
         <run_address>0xfff6</run_address>
         <size>0x2</size>
         <input_file_ref idref="fl-45"/>
      </object_component>
      <object_component id="oc-4b">
         <name>.int12</name>
         <load_address>0xfff8</load_address>
         <run_address>0xfff8</run_address>
         <size>0x2</size>
         <input_file_ref idref="fl-46"/>
      </object_component>
      <object_component id="oc-4c">
         <name>.int13</name>
         <load_address>0xfffa</load_address>
         <run_address>0xfffa</run_address>
         <size>0x2</size>
         <input_file_ref idref="fl-47"/>
      </object_component>
      <object_component id="oc-4d">
         <name>.int14</name>
         <load_address>0xfffc</load_address>
         <run_address>0xfffc</run_address>
         <size>0x2</size>
         <input_file_ref idref="fl-48"/>
      </object_component>
      <object_component id="oc-138">
         <name>.reset</name>
         <load_address>0xfffe</load_address>
         <run_address>0xfffe</run_address>
         <size>0x2</size>
         <input_file_ref idref="fl-25"/>
      </object_component>
      <object_component id="oc-260">
         <name>.debug_info</name>
         <load_address>0x0</load_address>
         <run_address>0x0</run_address>
         <size>0x18c</size>
         <input_file_ref idref="fl-2"/>
      </object_component>
      <object_component id="oc-256">
         <name>.debug_info</name>
         <load_address>0x18c</load_address>
         <run_address>0x18c</run_address>
         <size>0x1cc</size>
         <input_file_ref idref="fl-2"/>
      </object_component>
      <object_component id="oc-151">
         <name>.debug_info</name>
         <load_address>0x358</load_address>
         <run_address>0x358</run_address>
         <size>0x84</size>
         <input_file_ref idref="fl-2"/>
      </object_component>
      <object_component id="oc-1de">
         <name>.debug_info</name>
         <load_address>0x3dc</load_address>
         <run_address>0x3dc</run_address>
         <size>0x94</size>
         <input_file_ref idref="fl-2"/>
      </object_component>
      <object_component id="oc-1bf">
         <name>.debug_info</name>
         <load_address>0x470</load_address>
         <run_address>0x470</run_address>
         <size>0x2c</size>
         <input_file_ref idref="fl-2"/>
      </object_component>
      <object_component id="oc-296">
         <name>.debug_info</name>
         <load_address>0x49c</load_address>
         <run_address>0x49c</run_address>
         <size>0x177</size>
         <input_file_ref idref="fl-3"/>
      </object_component>
      <object_component id="oc-29c">
         <name>.debug_info</name>
         <load_address>0x613</load_address>
         <run_address>0x613</run_address>
         <size>0x1ad</size>
         <input_file_ref idref="fl-4"/>
      </object_component>
      <object_component id="oc-20e">
         <name>.debug_info</name>
         <load_address>0x7c0</load_address>
         <run_address>0x7c0</run_address>
         <size>0x113</size>
         <input_file_ref idref="fl-5"/>
      </object_component>
      <object_component id="oc-1cd">
         <name>.debug_info</name>
         <load_address>0x8d3</load_address>
         <run_address>0x8d3</run_address>
         <size>0x13e</size>
         <input_file_ref idref="fl-6"/>
      </object_component>
      <object_component id="oc-1d7">
         <name>.debug_info</name>
         <load_address>0xa11</load_address>
         <run_address>0xa11</run_address>
         <size>0x5bb</size>
         <input_file_ref idref="fl-8"/>
      </object_component>
      <object_component id="oc-1d3">
         <name>.debug_info</name>
         <load_address>0xfcc</load_address>
         <run_address>0xfcc</run_address>
         <size>0xe6</size>
         <input_file_ref idref="fl-8"/>
      </object_component>
      <object_component id="oc-21a">
         <name>.debug_info</name>
         <load_address>0x10b2</load_address>
         <run_address>0x10b2</run_address>
         <size>0xdd</size>
         <input_file_ref idref="fl-8"/>
      </object_component>
      <object_component id="oc-223">
         <name>.debug_info</name>
         <load_address>0x118f</load_address>
         <run_address>0x118f</run_address>
         <size>0xdd</size>
         <input_file_ref idref="fl-8"/>
      </object_component>
      <object_component id="oc-226">
         <name>.debug_info</name>
         <load_address>0x126c</load_address>
         <run_address>0x126c</run_address>
         <size>0xdf</size>
         <input_file_ref idref="fl-8"/>
      </object_component>
      <object_component id="oc-229">
         <name>.debug_info</name>
         <load_address>0x134b</load_address>
         <run_address>0x134b</run_address>
         <size>0xdf</size>
         <input_file_ref idref="fl-8"/>
      </object_component>
      <object_component id="oc-19c">
         <name>.debug_info</name>
         <load_address>0x142a</load_address>
         <run_address>0x142a</run_address>
         <size>0x1fe</size>
         <input_file_ref idref="fl-8"/>
      </object_component>
      <object_component id="oc-214">
         <name>.debug_info</name>
         <load_address>0x1628</load_address>
         <run_address>0x1628</run_address>
         <size>0x10c</size>
         <input_file_ref idref="fl-8"/>
      </object_component>
      <object_component id="oc-21d">
         <name>.debug_info</name>
         <load_address>0x1734</load_address>
         <run_address>0x1734</run_address>
         <size>0x223</size>
         <input_file_ref idref="fl-8"/>
      </object_component>
      <object_component id="oc-2c3">
         <name>.debug_info</name>
         <load_address>0x1957</load_address>
         <run_address>0x1957</run_address>
         <size>0x22c</size>
         <input_file_ref idref="fl-8"/>
      </object_component>
      <object_component id="oc-233">
         <name>.debug_info</name>
         <load_address>0x1b83</load_address>
         <run_address>0x1b83</run_address>
         <size>0x11f</size>
         <input_file_ref idref="fl-8"/>
      </object_component>
      <object_component id="oc-239">
         <name>.debug_info</name>
         <load_address>0x1ca2</load_address>
         <run_address>0x1ca2</run_address>
         <size>0x130</size>
         <input_file_ref idref="fl-8"/>
      </object_component>
      <object_component id="oc-169">
         <name>.debug_info</name>
         <load_address>0x1dd2</load_address>
         <run_address>0x1dd2</run_address>
         <size>0x11a</size>
         <input_file_ref idref="fl-8"/>
      </object_component>
      <object_component id="oc-16f">
         <name>.debug_info</name>
         <load_address>0x1eec</load_address>
         <run_address>0x1eec</run_address>
         <size>0x29b</size>
         <input_file_ref idref="fl-8"/>
      </object_component>
      <object_component id="oc-23f">
         <name>.debug_info</name>
         <load_address>0x2187</load_address>
         <run_address>0x2187</run_address>
         <size>0x151</size>
         <input_file_ref idref="fl-8"/>
      </object_component>
      <object_component id="oc-25b">
         <name>.debug_info</name>
         <load_address>0x22d8</load_address>
         <run_address>0x22d8</run_address>
         <size>0x189</size>
         <input_file_ref idref="fl-8"/>
      </object_component>
      <object_component id="oc-2ff">
         <name>.debug_info</name>
         <load_address>0x2461</load_address>
         <run_address>0x2461</run_address>
         <size>0x2c</size>
         <input_file_ref idref="fl-8"/>
      </object_component>
      <object_component id="oc-136">
         <name>.debug_info</name>
         <load_address>0x248d</load_address>
         <run_address>0x248d</run_address>
         <size>0xf5</size>
         <input_file_ref idref="fl-25"/>
      </object_component>
      <object_component id="oc-61">
         <name>.debug_info</name>
         <load_address>0x2582</load_address>
         <run_address>0x2582</run_address>
         <size>0x187</size>
         <input_file_ref idref="fl-26"/>
      </object_component>
      <object_component id="oc-1bc">
         <name>.debug_info</name>
         <load_address>0x2709</load_address>
         <run_address>0x2709</run_address>
         <size>0x16b</size>
         <input_file_ref idref="fl-29"/>
      </object_component>
      <object_component id="oc-35">
         <name>.debug_info</name>
         <load_address>0x2874</load_address>
         <run_address>0x2874</run_address>
         <size>0x287</size>
         <input_file_ref idref="fl-29"/>
      </object_component>
      <object_component id="oc-14c">
         <name>.debug_info</name>
         <load_address>0x2afb</load_address>
         <run_address>0x2afb</run_address>
         <size>0x60</size>
         <input_file_ref idref="fl-29"/>
      </object_component>
      <object_component id="oc-1b7">
         <name>.debug_info</name>
         <load_address>0x2b5b</load_address>
         <run_address>0x2b5b</run_address>
         <size>0x46</size>
         <input_file_ref idref="fl-29"/>
      </object_component>
      <object_component id="oc-162">
         <name>.debug_info</name>
         <load_address>0x2ba1</load_address>
         <run_address>0x2ba1</run_address>
         <size>0x1b2</size>
         <input_file_ref idref="fl-2a"/>
      </object_component>
      <object_component id="oc-3b">
         <name>.debug_info</name>
         <load_address>0x2d53</load_address>
         <run_address>0x2d53</run_address>
         <size>0x1df</size>
         <input_file_ref idref="fl-2a"/>
      </object_component>
      <object_component id="oc-15d">
         <name>.debug_info</name>
         <load_address>0x2f32</load_address>
         <run_address>0x2f32</run_address>
         <size>0x46</size>
         <input_file_ref idref="fl-2a"/>
      </object_component>
      <object_component id="oc-1c4">
         <name>.debug_info</name>
         <load_address>0x2f78</load_address>
         <run_address>0x2f78</run_address>
         <size>0x2c</size>
         <input_file_ref idref="fl-2a"/>
      </object_component>
      <object_component id="oc-17a">
         <name>.debug_info</name>
         <load_address>0x2fa4</load_address>
         <run_address>0x2fa4</run_address>
         <size>0x16a</size>
         <input_file_ref idref="fl-2b"/>
      </object_component>
      <object_component id="oc-50">
         <name>.debug_info</name>
         <load_address>0x310e</load_address>
         <run_address>0x310e</run_address>
         <size>0x1b5</size>
         <input_file_ref idref="fl-2b"/>
      </object_component>
      <object_component id="oc-175">
         <name>.debug_info</name>
         <load_address>0x32c3</load_address>
         <run_address>0x32c3</run_address>
         <size>0x46</size>
         <input_file_ref idref="fl-2b"/>
      </object_component>
      <object_component id="oc-147">
         <name>.debug_info</name>
         <load_address>0x3309</load_address>
         <run_address>0x3309</run_address>
         <size>0x126</size>
         <input_file_ref idref="fl-2f"/>
      </object_component>
      <object_component id="oc-20b">
         <name>.debug_info</name>
         <load_address>0x342f</load_address>
         <run_address>0x342f</run_address>
         <size>0x24f</size>
         <input_file_ref idref="fl-30"/>
      </object_component>
      <object_component id="oc-1fc">
         <name>.debug_info</name>
         <load_address>0x367e</load_address>
         <run_address>0x367e</run_address>
         <size>0x127</size>
         <input_file_ref idref="fl-30"/>
      </object_component>
      <object_component id="oc-1a4">
         <name>.debug_info</name>
         <load_address>0x37a5</load_address>
         <run_address>0x37a5</run_address>
         <size>0x117</size>
         <input_file_ref idref="fl-30"/>
      </object_component>
      <object_component id="oc-18e">
         <name>.debug_info</name>
         <load_address>0x38bc</load_address>
         <run_address>0x38bc</run_address>
         <size>0x18c</size>
         <input_file_ref idref="fl-30"/>
      </object_component>
      <object_component id="oc-28a">
         <name>.debug_info</name>
         <load_address>0x3a48</load_address>
         <run_address>0x3a48</run_address>
         <size>0xf8</size>
         <input_file_ref idref="fl-31"/>
      </object_component>
      <object_component id="oc-205">
         <name>.debug_info</name>
         <load_address>0x3b40</load_address>
         <run_address>0x3b40</run_address>
         <size>0x10f</size>
         <input_file_ref idref="fl-31"/>
      </object_component>
      <object_component id="oc-202">
         <name>.debug_info</name>
         <load_address>0x3c4f</load_address>
         <run_address>0x3c4f</run_address>
         <size>0x10b</size>
         <input_file_ref idref="fl-31"/>
      </object_component>
      <object_component id="oc-165">
         <name>.debug_info</name>
         <load_address>0x3d5a</load_address>
         <run_address>0x3d5a</run_address>
         <size>0x107</size>
         <input_file_ref idref="fl-49"/>
      </object_component>
      <object_component id="oc-13f">
         <name>.debug_info</name>
         <load_address>0x3e61</load_address>
         <run_address>0x3e61</run_address>
         <size>0x118</size>
         <input_file_ref idref="fl-4a"/>
      </object_component>
      <object_component id="oc-42e">
         <name>.debug_info</name>
         <load_address>0x3f79</load_address>
         <run_address>0x3f79</run_address>
         <size>0x11e</size>
         <input_file_ref idref="fl-4b"/>
      </object_component>
      <object_component id="oc-142">
         <name>.debug_info</name>
         <load_address>0x4097</load_address>
         <run_address>0x4097</run_address>
         <size>0x118</size>
         <input_file_ref idref="fl-4c"/>
      </object_component>
      <object_component id="oc-1be">
         <name>.debug_info</name>
         <load_address>0x41af</load_address>
         <run_address>0x41af</run_address>
         <size>0x16d</size>
         <input_file_ref idref="fl-4f"/>
      </object_component>
      <object_component id="oc-157">
         <name>.debug_info</name>
         <load_address>0x431c</load_address>
         <run_address>0x431c</run_address>
         <size>0x191</size>
         <input_file_ref idref="fl-4f"/>
      </object_component>
      <object_component id="oc-264">
         <name>.debug_info</name>
         <load_address>0x44ad</load_address>
         <run_address>0x44ad</run_address>
         <size>0x117</size>
         <input_file_ref idref="fl-54"/>
      </object_component>
      <object_component id="oc-17f">
         <name>.debug_info</name>
         <load_address>0x45c4</load_address>
         <run_address>0x45c4</run_address>
         <size>0x148</size>
         <input_file_ref idref="fl-59"/>
      </object_component>
      <object_component id="oc-2be">
         <name>.debug_info</name>
         <load_address>0x470c</load_address>
         <run_address>0x470c</run_address>
         <size>0x29c</size>
         <input_file_ref idref="fl-5a"/>
      </object_component>
      <object_component id="oc-2b3">
         <name>.debug_info</name>
         <load_address>0x49a8</load_address>
         <run_address>0x49a8</run_address>
         <size>0x157</size>
         <input_file_ref idref="fl-5a"/>
      </object_component>
      <object_component id="oc-2ac">
         <name>.debug_info</name>
         <load_address>0x4aff</load_address>
         <run_address>0x4aff</run_address>
         <size>0x15b</size>
         <input_file_ref idref="fl-5a"/>
      </object_component>
      <object_component id="oc-22f">
         <name>.debug_info</name>
         <load_address>0x4c5a</load_address>
         <run_address>0x4c5a</run_address>
         <size>0x179</size>
         <input_file_ref idref="fl-5a"/>
      </object_component>
      <object_component id="oc-30b">
         <name>.debug_info</name>
         <load_address>0x4dd3</load_address>
         <run_address>0x4dd3</run_address>
         <size>0xae</size>
         <input_file_ref idref="fl-5a"/>
      </object_component>
      <object_component id="oc-424">
         <name>.debug_info</name>
         <load_address>0x4e81</load_address>
         <run_address>0x4e81</run_address>
         <size>0x2c1</size>
         <input_file_ref idref="fl-5d"/>
      </object_component>
      <object_component id="oc-415">
         <name>.debug_info</name>
         <load_address>0x5142</load_address>
         <run_address>0x5142</run_address>
         <size>0xf8</size>
         <input_file_ref idref="fl-5d"/>
      </object_component>
      <object_component id="oc-3e5">
         <name>.debug_info</name>
         <load_address>0x523a</load_address>
         <run_address>0x523a</run_address>
         <size>0x1ec</size>
         <input_file_ref idref="fl-5d"/>
      </object_component>
      <object_component id="oc-3f1">
         <name>.debug_info</name>
         <load_address>0x5426</load_address>
         <run_address>0x5426</run_address>
         <size>0x1b0</size>
         <input_file_ref idref="fl-5d"/>
      </object_component>
      <object_component id="oc-3f7">
         <name>.debug_info</name>
         <load_address>0x55d6</load_address>
         <run_address>0x55d6</run_address>
         <size>0x222</size>
         <input_file_ref idref="fl-5d"/>
      </object_component>
      <object_component id="oc-3e2">
         <name>.debug_info</name>
         <load_address>0x57f8</load_address>
         <run_address>0x57f8</run_address>
         <size>0x1ea</size>
         <input_file_ref idref="fl-5d"/>
      </object_component>
      <object_component id="oc-3d6">
         <name>.debug_info</name>
         <load_address>0x59e2</load_address>
         <run_address>0x59e2</run_address>
         <size>0x1fb</size>
         <input_file_ref idref="fl-5d"/>
      </object_component>
      <object_component id="oc-3ee">
         <name>.debug_info</name>
         <load_address>0x5bdd</load_address>
         <run_address>0x5bdd</run_address>
         <size>0x22d</size>
         <input_file_ref idref="fl-5d"/>
      </object_component>
      <object_component id="oc-3db">
         <name>.debug_info</name>
         <load_address>0x5e0a</load_address>
         <run_address>0x5e0a</run_address>
         <size>0x1a8</size>
         <input_file_ref idref="fl-5d"/>
      </object_component>
      <object_component id="oc-347">
         <name>.debug_info</name>
         <load_address>0x5fb2</load_address>
         <run_address>0x5fb2</run_address>
         <size>0x2c</size>
         <input_file_ref idref="fl-5d"/>
      </object_component>
      <object_component id="oc-3ab">
         <name>.debug_info</name>
         <load_address>0x5fde</load_address>
         <run_address>0x5fde</run_address>
         <size>0x2c</size>
         <input_file_ref idref="fl-5d"/>
      </object_component>
      <object_component id="oc-44b">
         <name>.debug_info</name>
         <load_address>0x600a</load_address>
         <run_address>0x600a</run_address>
         <size>0x188</size>
         <input_file_ref idref="fl-5e"/>
      </object_component>
      <object_component id="oc-448">
         <name>.debug_info</name>
         <load_address>0x6192</load_address>
         <run_address>0x6192</run_address>
         <size>0xfb</size>
         <input_file_ref idref="fl-5e"/>
      </object_component>
      <object_component id="oc-418">
         <name>.debug_info</name>
         <load_address>0x628d</load_address>
         <run_address>0x628d</run_address>
         <size>0x1d4</size>
         <input_file_ref idref="fl-5e"/>
      </object_component>
      <object_component id="oc-41f">
         <name>.debug_info</name>
         <load_address>0x6461</load_address>
         <run_address>0x6461</run_address>
         <size>0x18f</size>
         <input_file_ref idref="fl-5e"/>
      </object_component>
      <object_component id="oc-287">
         <name>.debug_info</name>
         <load_address>0x65f0</load_address>
         <run_address>0x65f0</run_address>
         <size>0x158</size>
         <input_file_ref idref="fl-5f"/>
      </object_component>
      <object_component id="oc-1ff">
         <name>.debug_info</name>
         <load_address>0x6748</load_address>
         <run_address>0x6748</run_address>
         <size>0xf4</size>
         <input_file_ref idref="fl-5f"/>
      </object_component>
      <object_component id="oc-208">
         <name>.debug_info</name>
         <load_address>0x683c</load_address>
         <run_address>0x683c</run_address>
         <size>0xf8</size>
         <input_file_ref idref="fl-5f"/>
      </object_component>
      <object_component id="oc-281">
         <name>.debug_info</name>
         <load_address>0x6934</load_address>
         <run_address>0x6934</run_address>
         <size>0x123</size>
         <input_file_ref idref="fl-5f"/>
      </object_component>
      <object_component id="oc-2fe">
         <name>.debug_info</name>
         <load_address>0x6a57</load_address>
         <run_address>0x6a57</run_address>
         <size>0x346</size>
         <input_file_ref idref="fl-60"/>
      </object_component>
      <object_component id="oc-339">
         <name>.debug_info</name>
         <load_address>0x6d9d</load_address>
         <run_address>0x6d9d</run_address>
         <size>0x2bc</size>
         <input_file_ref idref="fl-60"/>
      </object_component>
      <object_component id="oc-2f8">
         <name>.debug_info</name>
         <load_address>0x7059</load_address>
         <run_address>0x7059</run_address>
         <size>0x284</size>
         <input_file_ref idref="fl-60"/>
      </object_component>
      <object_component id="oc-2b8">
         <name>.debug_info</name>
         <load_address>0x72dd</load_address>
         <run_address>0x72dd</run_address>
         <size>0x2db</size>
         <input_file_ref idref="fl-60"/>
      </object_component>
      <object_component id="oc-304">
         <name>.debug_info</name>
         <load_address>0x75b8</load_address>
         <run_address>0x75b8</run_address>
         <size>0x86</size>
         <input_file_ref idref="fl-60"/>
      </object_component>
      <object_component id="oc-371">
         <name>.debug_info</name>
         <load_address>0x763e</load_address>
         <run_address>0x763e</run_address>
         <size>0x39</size>
         <input_file_ref idref="fl-60"/>
      </object_component>
      <object_component id="oc-42b">
         <name>.debug_info</name>
         <load_address>0x7677</load_address>
         <run_address>0x7677</run_address>
         <size>0x11e</size>
         <input_file_ref idref="fl-62"/>
      </object_component>
      <object_component id="oc-1f8">
         <name>.debug_info</name>
         <load_address>0x7795</load_address>
         <run_address>0x7795</run_address>
         <size>0x3d7</size>
         <input_file_ref idref="fl-63"/>
      </object_component>
      <object_component id="oc-182">
         <name>.debug_info</name>
         <load_address>0x7b6c</load_address>
         <run_address>0x7b6c</run_address>
         <size>0x1ff</size>
         <input_file_ref idref="fl-63"/>
      </object_component>
      <object_component id="oc-26c">
         <name>.debug_info</name>
         <load_address>0x7d6b</load_address>
         <run_address>0x7d6b</run_address>
         <size>0x39</size>
         <input_file_ref idref="fl-63"/>
      </object_component>
      <object_component id="oc-1f3">
         <name>.debug_info</name>
         <load_address>0x7da4</load_address>
         <run_address>0x7da4</run_address>
         <size>0x2c</size>
         <input_file_ref idref="fl-63"/>
      </object_component>
      <object_component id="oc-271">
         <name>.debug_info</name>
         <load_address>0x7dd0</load_address>
         <run_address>0x7dd0</run_address>
         <size>0xcd</size>
         <input_file_ref idref="fl-63"/>
      </object_component>
      <object_component id="oc-268">
         <name>.debug_info</name>
         <load_address>0x7e9d</load_address>
         <run_address>0x7e9d</run_address>
         <size>0x252</size>
         <input_file_ref idref="fl-64"/>
      </object_component>
      <object_component id="oc-1e7">
         <name>.debug_info</name>
         <load_address>0x80ef</load_address>
         <run_address>0x80ef</run_address>
         <size>0x1b0</size>
         <input_file_ref idref="fl-64"/>
      </object_component>
      <object_component id="oc-2d3">
         <name>.debug_info</name>
         <load_address>0x829f</load_address>
         <run_address>0x829f</run_address>
         <size>0x2c</size>
         <input_file_ref idref="fl-64"/>
      </object_component>
      <object_component id="oc-2e1">
         <name>.debug_info</name>
         <load_address>0x82cb</load_address>
         <run_address>0x82cb</run_address>
         <size>0x133</size>
         <input_file_ref idref="fl-65"/>
      </object_component>
      <object_component id="oc-2a9">
         <name>.debug_info</name>
         <load_address>0x83fe</load_address>
         <run_address>0x83fe</run_address>
         <size>0xf7</size>
         <input_file_ref idref="fl-65"/>
      </object_component>
      <object_component id="oc-3cd">
         <name>.debug_info</name>
         <load_address>0x84f5</load_address>
         <run_address>0x84f5</run_address>
         <size>0xff</size>
         <input_file_ref idref="fl-65"/>
      </object_component>
      <object_component id="oc-36c">
         <name>.debug_info</name>
         <load_address>0x85f4</load_address>
         <run_address>0x85f4</run_address>
         <size>0x119</size>
         <input_file_ref idref="fl-66"/>
      </object_component>
      <object_component id="oc-32e">
         <name>.debug_info</name>
         <load_address>0x870d</load_address>
         <run_address>0x870d</run_address>
         <size>0x250</size>
         <input_file_ref idref="fl-67"/>
      </object_component>
      <object_component id="oc-2ed">
         <name>.debug_info</name>
         <load_address>0x895d</load_address>
         <run_address>0x895d</run_address>
         <size>0x1c5</size>
         <input_file_ref idref="fl-67"/>
      </object_component>
      <object_component id="oc-32c">
         <name>.debug_info</name>
         <load_address>0x8b22</load_address>
         <run_address>0x8b22</run_address>
         <size>0x314</size>
         <input_file_ref idref="fl-68"/>
      </object_component>
      <object_component id="oc-2e6">
         <name>.debug_info</name>
         <load_address>0x8e36</load_address>
         <run_address>0x8e36</run_address>
         <size>0x2bc</size>
         <input_file_ref idref="fl-68"/>
      </object_component>
      <object_component id="oc-362">
         <name>.debug_info</name>
         <load_address>0x90f2</load_address>
         <run_address>0x90f2</run_address>
         <size>0x495</size>
         <input_file_ref idref="fl-6a"/>
      </object_component>
      <object_component id="oc-3a0">
         <name>.debug_info</name>
         <load_address>0x9587</load_address>
         <run_address>0x9587</run_address>
         <size>0xf8</size>
         <input_file_ref idref="fl-6a"/>
[...]
         <value>0xffec</value>
         <object_component_ref idref="oc-45"/>
      </symbol>
      <symbol id="sm-2e5">
         <name>__TI_int07</name>
         <value>0xffee</value>
         <object_component_ref idref="oc-46"/>
      </symbol>
      <symbol id="sm-2e8">
         <name>__TI_int08</name>
         <value>0xfff0</value>
         <object_component_ref idref="oc-47"/>
      </symbol>
      <symbol id="sm-2eb">
         <name>__TI_int09</name>
         <value>0xfff2</value>
         <object_component_ref idref="oc-48"/>
      </symbol>
      <symbol id="sm-2ee">
         <name>__TI_int10</name>
         <value>0xfff4</value>
         <object_component_ref idref="oc-49"/>
      </symbol>
      <symbol id="sm-2f1">
         <name>__TI_int11</name>
         <value>0xfff6</value>
         <object_component_ref idref="oc-4a"/>
      </symbol>
      <symbol id="sm-2f4">
         <name>__TI_int12</name>
         <value>0xfff8</value>
         <object_component_ref idref="oc-4b"/>
      </symbol>
      <symbol id="sm-2f7">
         <name>__TI_int13</name>
         <value>0xfffa</value>
         <object_component_ref idref="oc-4c"/>
      </symbol>
      <symbol id="sm-2fa">
         <name>__TI_int14</name>
         <value>0xfffc</value>
         <object_component_ref idref="oc-4d"/>
      </symbol>
      <symbol id="sm-302">
         <name>__TI_ISR_TRAP</name>
         <value>0x5b8e</value>
         <object_component_ref idref="oc-163"/>
      </symbol>
      <symbol id="sm-30a">
         <name>__mspabi_slli</name>
         <value>0x5946</value>
         <object_component_ref idref="oc-13c"/>
      </symbol>
      <symbol id="sm-30b">
         <name>__mspabi_slli_9</name>
         <value>0x595e</value>
         <object_component_ref idref="oc-13c"/>
      </symbol>
      <symbol id="sm-30c">
         <name>__mspabi_slli_8</name>
         <value>0x5960</value>
         <object_component_ref idref="oc-13c"/>
      </symbol>
      <symbol id="sm-30d">
         <name>__mspabi_slli_7</name>
         <value>0x5962</value>
         <object_component_ref idref="oc-13c"/>
      </symbol>
      <symbol id="sm-30e">
         <name>__mspabi_slli_6</name>
         <value>0x5964</value>
         <object_component_ref idref="oc-13c"/>
      </symbol>
      <symbol id="sm-30f">
         <name>__mspabi_slli_5</name>
         <value>0x5966</value>
         <object_component_ref idref="oc-13c"/>
      </symbol>
      <symbol id="sm-310">
         <name>__mspabi_slli_4</name>
         <value>0x5968</value>
         <object_component_ref idref="oc-13c"/>
      </symbol>
      <symbol id="sm-311">
         <name>__mspabi_slli_3</name>
         <value>0x596a</value>
         <object_component_ref idref="oc-13c"/>
      </symbol>
      <symbol id="sm-312">
         <name>__mspabi_slli_2</name>
         <value>0x596c</value>
         <object_component_ref idref="oc-13c"/>
      </symbol>
      <symbol id="sm-313">
         <name>__mspabi_slli_1</name>
         <value>0x596e</value>
         <object_component_ref idref="oc-13c"/>
      </symbol>
      <symbol id="sm-314">
         <name>__mspabi_slli_15</name>
         <value>0x5952</value>
         <object_component_ref idref="oc-13c"/>
      </symbol>
      <symbol id="sm-315">
         <name>__mspabi_slli_14</name>
         <value>0x5954</value>
         <object_component_ref idref="oc-13c"/>
      </symbol>
      <symbol id="sm-316">
         <name>__mspabi_slli_13</name>
         <value>0x5956</value>
         <object_component_ref idref="oc-13c"/>
      </symbol>
      <symbol id="sm-317">
         <name>__mspabi_slli_12</name>
         <value>0x5958</value>
         <object_component_ref idref="oc-13c"/>
      </symbol>
      <symbol id="sm-318">
         <name>__mspabi_slli_11</name>
         <value>0x595a</value>
         <object_component_ref idref="oc-13c"/>
      </symbol>
      <symbol id="sm-319">
         <name>__mspabi_slli_10</name>
         <value>0x595c</value>
         <object_component_ref idref="oc-13c"/>
      </symbol>
      <symbol id="sm-321">
         <name>__mspabi_slll_9</name>
         <value>0x577e</value>
         <object_component_ref idref="oc-42d"/>
      </symbol>
      <symbol id="sm-322">
         <name>__mspabi_slll_8</name>
         <value>0x5782</value>
         <object_component_ref idref="oc-42d"/>
      </symbol>
      <symbol id="sm-323">
         <name>__mspabi_slll_7</name>
         <value>0x5786</value>
         <object_component_ref idref="oc-42d"/>
      </symbol>
      <symbol id="sm-324">
         <name>__mspabi_slll_6</name>
         <value>0x578a</value>
         <object_component_ref idref="oc-42d"/>
      </symbol>
      <symbol id="sm-325">
         <name>__mspabi_slll_5</name>
         <value>0x578e</value>
         <object_component_ref idref="oc-42d"/>
      </symbol>
      <symbol id="sm-326">
         <name>__mspabi_slll_4</name>
         <value>0x5792</value>
         <object_component_ref idref="oc-42d"/>
      </symbol>
      <symbol id="sm-327">
         <name>__mspabi_slll_3</name>
         <value>0x5796</value>
         <object_component_ref idref="oc-42d"/>
      </symbol>
      <symbol id="sm-328">
         <name>__mspabi_slll_2</name>
         <value>0x579a</value>
         <object_component_ref idref="oc-42d"/>
      </symbol>
      <symbol id="sm-329">
         <name>__mspabi_slll_1</name>
         <value>0x579e</value>
         <object_component_ref idref="oc-42d"/>
      </symbol>
      <symbol id="sm-32a">
         <name>__mspabi_slll_15</name>
         <value>0x5766</value>
         <object_component_ref idref="oc-42d"/>
      </symbol>
      <symbol id="sm-32b">
         <name>__mspabi_slll_14</name>
         <value>0x576a</value>
         <object_component_ref idref="oc-42d"/>
      </symbol>
      <symbol id="sm-32c">
         <name>__mspabi_slll_13</name>
         <value>0x576e</value>
         <object_component_ref idref="oc-42d"/>
      </symbol>
      <symbol id="sm-32d">
         <name>__mspabi_slll_12</name>
         <value>0x5772</value>
         <object_component_ref idref="oc-42d"/>
      </symbol>
      <symbol id="sm-32e">
         <name>__mspabi_slll_11</name>
         <value>0x5776</value>
         <object_component_ref idref="oc-42d"/>
      </symbol>
      <symbol id="sm-32f">
         <name>__mspabi_slll_10</name>
         <value>0x577a</value>
         <object_component_ref idref="oc-42d"/>
      </symbol>
      <symbol id="sm-337">
         <name>__mspabi_srli_8</name>
         <value>0x556e</value>
         <object_component_ref idref="oc-141"/>
      </symbol>
      <symbol id="sm-338">
         <name>__mspabi_srli_9</name>
         <value>0x556a</value>
         <object_component_ref idref="oc-141"/>
      </symbol>
      <symbol id="sm-339">
         <name>__mspabi_srli_6</name>
         <value>0x5576</value>
         <object_component_ref idref="oc-141"/>
      </symbol>
      <symbol id="sm-33a">
         <name>__mspabi_srli_7</name>
         <value>0x5572</value>
         <object_component_ref idref="oc-141"/>
      </symbol>
      <symbol id="sm-33b">
         <name>__mspabi_srli_4</name>
         <value>0x557e</value>
         <object_component_ref idref="oc-141"/>
      </symbol>
      <symbol id="sm-33c">
         <name>__mspabi_srli_5</name>
         <value>0x557a</value>
         <object_component_ref idref="oc-141"/>
      </symbol>
      <symbol id="sm-33d">
         <name>__mspabi_srli_2</name>
         <value>0x5586</value>
         <object_component_ref idref="oc-141"/>
      </symbol>
      <symbol id="sm-33e">
         <name>__mspabi_srli_3</name>
         <value>0x5582</value>
         <object_component_ref idref="oc-141"/>
      </symbol>
      <symbol id="sm-33f">
         <name>__mspabi_srli_1</name>
         <value>0x558a</value>
         <object_component_ref idref="oc-141"/>
      </symbol>
      <symbol id="sm-340">
         <name>__mspabi_srli</name>
         <value>0x5544</value>
         <object_component_ref idref="oc-141"/>
      </symbol>
      <symbol id="sm-341">
         <name>__mspabi_srli_15</name>
         <value>0x5552</value>
         <object_component_ref idref="oc-141"/>
      </symbol>
      <symbol id="sm-342">
         <name>__mspabi_srli_14</name>
         <value>0x5556</value>
         <object_component_ref idref="oc-141"/>
      </symbol>
      <symbol id="sm-343">
         <name>__mspabi_srli_13</name>
         <value>0x555a</value>
         <object_component_ref idref="oc-141"/>
      </symbol>
      <symbol id="sm-344">
         <name>__mspabi_srli_12</name>
         <value>0x555e</value>
         <object_component_ref idref="oc-141"/>
      </symbol>
      <symbol id="sm-345">
         <name>__mspabi_srli_11</name>
         <value>0x5562</value>
         <object_component_ref idref="oc-141"/>
      </symbol>
      <symbol id="sm-346">
         <name>__mspabi_srli_10</name>
         <value>0x5566</value>
         <object_component_ref idref="oc-141"/>
      </symbol>
      <symbol id="sm-356">
         <name>memcpy</name>
         <value>0x5b4e</value>
         <object_component_ref idref="oc-156"/>
      </symbol>
      <symbol id="sm-362">
         <name>__mspabi_mpyi_hw</name>
         <value>0x5b28</value>
         <object_component_ref idref="oc-262"/>
      </symbol>
      <symbol id="sm-36f">
         <name>_system_pre_init</name>
         <value>0x5bae</value>
         <object_component_ref idref="oc-17b"/>
      </symbol>
      <symbol id="sm-392">
         <name>printf</name>
         <value>0x57a4</value>
         <object_component_ref idref="oc-22c"/>
      </symbol>
      <symbol id="sm-3dd">
         <name>HOSTrename</name>
         <value>0x523e</value>
         <object_component_ref idref="oc-3f6"/>
      </symbol>
      <symbol id="sm-3de">
         <name>HOSTclose</name>
         <value>0x5620</value>
         <object_component_ref idref="oc-3d8"/>
      </symbol>
      <symbol id="sm-3df">
         <name>HOSTunlink</name>
         <value>0x56a8</value>
         <object_component_ref idref="oc-3f0"/>
      </symbol>
      <symbol id="sm-3e0">
         <name>HOSTlseek</name>
         <value>0x4e30</value>
         <object_component_ref idref="oc-3ea"/>
      </symbol>
      <symbol id="sm-3e1">
         <name>HOSTopen</name>
         <value>0x52a8</value>
         <object_component_ref idref="oc-3d2"/>
      </symbol>
      <symbol id="sm-3e2">
         <name>HOSTwrite</name>
         <value>0x530e</value>
         <object_component_ref idref="oc-3e4"/>
      </symbol>
      <symbol id="sm-3e3">
         <name>HOSTread</name>
         <value>0x53d2</value>
         <object_component_ref idref="oc-3de"/>
      </symbol>
      <symbol id="sm-401">
         <name>__TI_readmsg</name>
         <value>0x591a</value>
         <object_component_ref idref="oc-41d"/>
      </symbol>
      <symbol id="sm-402">
         <name>C$$IO$$</name>
         <value>0x5916</value>
         <object_component_ref idref="oc-417"/>
      </symbol>
      <symbol id="sm-403">
         <name>_CIOBUF_</name>
         <value>0x12bc</value>
         <object_component_ref idref="oc-447"/>
      </symbol>
      <symbol id="sm-404">
         <name>__TI_writemsg</name>
         <value>0x58ec</value>
         <object_component_ref idref="oc-417"/>
      </symbol>
      <symbol id="sm-41a">
         <name>_nop</name>
         <value>0x5bb2</value>
         <object_component_ref idref="oc-27f"/>
      </symbol>
      <symbol id="sm-41b">
         <name>_lock</name>
         <value>0x14ce</value>
         <object_component_ref idref="oc-1fe"/>
      </symbol>
      <symbol id="sm-41c">
         <name>_unlock</name>
         <value>0x14d0</value>
         <object_component_ref idref="oc-207"/>
      </symbol>
      <symbol id="sm-463">
         <name>__TI_printfi_minimal</name>
         <value>0x4afe</value>
         <object_component_ref idref="oc-2b7"/>
      </symbol>
      <symbol id="sm-46c">
         <name>__mspabi_sral_15</name>
         <value>0x5728</value>
         <object_component_ref idref="oc-428"/>
      </symbol>
      <symbol id="sm-46d">
         <name>__mspabi_sral_14</name>
         <value>0x572c</value>
         <object_component_ref idref="oc-428"/>
      </symbol>
      <symbol id="sm-46e">
         <name>__mspabi_sral_13</name>
         <value>0x5730</value>
         <object_component_ref idref="oc-428"/>
      </symbol>
      <symbol id="sm-46f">
         <name>__mspabi_sral_12</name>
         <value>0x5734</value>
         <object_component_ref idref="oc-428"/>
      </symbol>
      <symbol id="sm-470">
         <name>__mspabi_sral_11</name>
         <value>0x5738</value>
         <object_component_ref idref="oc-428"/>
      </symbol>
      <symbol id="sm-471">
         <name>__mspabi_sral_10</name>
         <value>0x573c</value>
         <object_component_ref idref="oc-428"/>
      </symbol>
      <symbol id="sm-472">
         <name>__mspabi_sral_8</name>
         <value>0x5744</value>
         <object_component_ref idref="oc-428"/>
      </symbol>
      <symbol id="sm-473">
         <name>__mspabi_sral_9</name>
         <value>0x5740</value>
         <object_component_ref idref="oc-428"/>
      </symbol>
      <symbol id="sm-474">
         <name>__mspabi_sral_6</name>
         <value>0x574c</value>
         <object_component_ref idref="oc-428"/>
      </symbol>
      <symbol id="sm-475">
         <name>__mspabi_sral_7</name>
         <value>0x5748</value>
         <object_component_ref idref="oc-428"/>
      </symbol>
      <symbol id="sm-476">
         <name>__mspabi_sral_4</name>
         <value>0x5754</value>
         <object_component_ref idref="oc-428"/>
      </symbol>
      <symbol id="sm-477">
         <name>__mspabi_sral_5</name>
         <value>0x5750</value>
         <object_component_ref idref="oc-428"/>
      </symbol>
      <symbol id="sm-478">
         <name>__mspabi_sral_2</name>
         <value>0x575c</value>
         <object_component_ref idref="oc-428"/>
      </symbol>
      <symbol id="sm-479">
         <name>__mspabi_sral_3</name>
         <value>0x5758</value>
         <object_component_ref idref="oc-428"/>
      </symbol>
      <symbol id="sm-47a">
         <name>__mspabi_sral_1</name>
         <value>0x5760</value>
         <object_component_ref idref="oc-428"/>
      </symbol>
      <symbol id="sm-49b">
         <name>_auto_init_hold_wdt</name>
         <value>0x4f62</value>
         <object_component_ref idref="oc-181"/>
      </symbol>
      <symbol id="sm-4b1">
         <name>copy_in</name>
         <value>0x5492</value>
         <object_component_ref idref="oc-1e6"/>
      </symbol>
      <symbol id="sm-4c1">
         <name>__TI_tmpnams</name>
         <value>0x1100</value>
      </symbol>
      <symbol id="sm-4c2">
         <name>_ftable</name>
         <value>0x13dc</value>
         <object_component_ref idref="oc-2a8"/>
      </symbol>
      <symbol id="sm-4c3">
         <name>__TI_ft_end</name>
         <value>0x14d2</value>
         <object_component_ref idref="oc-3cc"/>
      </symbol>
      <symbol id="sm-4cd">
         <name>__mspabi_remu</name>
         <value>0x5ad6</value>
         <object_component_ref idref="oc-36b"/>
      </symbol>
      <symbol id="sm-4ce">
         <name>__mspabi_divu</name>
         <value>0x5ad6</value>
         <object_component_ref idref="oc-36b"/>
      </symbol>
      <symbol id="sm-4e1">
         <name>putc</name>
         <value>0x4ed2</value>
         <object_component_ref idref="oc-2ea"/>
      </symbol>
      <symbol id="sm-4e2">
         <name>fputc</name>
         <value>0x4ed2</value>
         <object_component_ref idref="oc-2ea"/>
      </symbol>
      <symbol id="sm-4fa">
         <name>fputs</name>
         <value>0x4a14</value>
         <object_component_ref idref="oc-2e3"/>
      </symbol>
      <symbol id="sm-54b">
         <name>lseek</name>
         <value>0x59c6</value>
         <object_component_ref idref="oc-378"/>
      </symbol>
      <symbol id="sm-54c">
         <name>write</name>
         <value>0x5a10</value>
         <object_component_ref idref="oc-325"/>
      </symbol>
      <symbol id="sm-54d">
         <name>close</name>
         <value>0x5590</value>
         <object_component_ref idref="oc-403"/>
      </symbol>
      <symbol id="sm-54e">
         <name>unlink</name>
         <value>0x599e</value>
         <object_component_ref idref="oc-40a"/>
      </symbol>
      <symbol id="sm-55d">
         <name>memccpy</name>
         <value>0x5a8a</value>
         <object_component_ref idref="oc-33e"/>
      </symbol>
      <symbol id="sm-56c">
         <name>memchr</name>
         <value>0x5b00</value>
         <object_component_ref idref="oc-319"/>
      </symbol>
      <symbol id="sm-57a">
         <name>memset</name>
         <value>0x5b14</value>
         <object_component_ref idref="oc-331"/>
      </symbol>
      <symbol id="sm-583">
         <name>_system_post_cinit</name>
         <value>0x5bb4</value>
         <object_component_ref idref="oc-1ec"/>
      </symbol>
      <symbol id="sm-592">
         <name>strchr</name>
         <value>0x5aa4</value>
         <object_component_ref idref="oc-453"/>
      </symbol>
      <symbol id="sm-5a0">
         <name>strcmp</name>
         <value>0x5abe</value>
         <object_component_ref idref="oc-470"/>
      </symbol>
      <symbol id="sm-5ad">
         <name>strcpy</name>
         <value>0x5b70</value>
         <object_component_ref idref="oc-434"/>
      </symbol>
      <symbol id="sm-5ba">
         <name>strlen</name>
         <value>0x5b80</value>
         <object_component_ref idref="oc-2f1"/>
      </symbol>
      <symbol id="sm-5ca">
         <name>strncpy</name>
         <value>0x5972</value>
         <object_component_ref idref="oc-459"/>
      </symbol>
      <symbol id="sm-5e2">
         <name>__TI_wrt_ok</name>
         <value>0x50e2</value>
         <object_component_ref idref="oc-313"/>
      </symbol>
      <symbol id="sm-5f3">
         <name>__TI_doflush</name>
         <value>0x5370</value>
         <object_component_ref idref="oc-31f"/>
      </symbol>
      <symbol id="sm-603">
         <name>fseek</name>
         <value>0x51ce</value>
         <object_component_ref idref="oc-34c"/>
      </symbol>
      <symbol id="sm-61b">
         <name>setvbuf</name>
         <value>0x4be4</value>
         <object_component_ref idref="oc-352"/>
      </symbol>
      <symbol id="sm-627">
         <name>__TI_cleanup</name>
         <value>0x5850</value>
         <object_component_ref idref="oc-38c"/>
      </symbol>
      <symbol id="sm-678">
         <name>_sys_memory</name>
         <value>0x14dc</value>
         <object_component_ref idref="oc-139"/>
      </symbol>
      <symbol id="sm-679">
         <name>free</name>
         <value>0x4fe6</value>
         <object_component_ref idref="oc-380"/>
      </symbol>
      <symbol id="sm-67a">
         <name>malloc</name>
         <value>0x4d7e</value>
         <object_component_ref idref="oc-386"/>
      </symbol>
      <symbol id="sm-67b">
         <name>minit</name>
         <value>0x5818</value>
         <object_component_ref idref="oc-3bf"/>
      </symbol>
      <symbol id="sm-68b">
         <name>__TI_closefile</name>
         <value>0x515c</value>
         <object_component_ref idref="oc-3c6"/>
      </symbol>
      <symbol id="sm-68e">
         <name>__TI_BINIT_Base</name>
         <value>0x0</value>
      </symbol>
      <symbol id="sm-68f">
         <name>__TI_BINIT_Limit</name>
         <value>0x0</value>
      </symbol>
      <symbol id="sm-690">
         <name>__TI_INITARRAY_Base</name>
         <value>0x0</value>
      </symbol>
      <symbol id="sm-691">
         <name>__TI_INITARRAY_Limit</name>
         <value>0x0</value>
      </symbol>
      <symbol id="sm-692">
         <name>remove</name>
         <value>0x599e</value>
      </symbol>
   </symbol_table>
   <title>Link successful</title>
</link_info>
