******************************************************************************
                  MSP430 Linker PC v16.9.3                     
******************************************************************************
>> Linked Fri Oct 06 18:42:15 2017

OUTPUT FILE NAME:   <Xarxes.out>
ENTRY POINT SYMBOL: "_c_int00_noargs_noexit"  address: 00004b4a


MEMORY CONFIGURATION

         name            origin    length      used     unused   attr    fill
----------------------  --------  ---------  --------  --------  ----  --------
  SFR                   00000000   00000010  00000000  00000010  RWIX
  PERIPHERALS_8BIT      00000010   000000f0  00000000  000000f0  RWIX
  PERIPHERALS_16BIT     00000100   00000100  00000000  00000100  RWIX
  INFOB                 00001000   00000080  00000000  00000080  RWIX
  INFOA                 00001080   00000080  00000000  00000080  RWIX
  RAM                   00001100   00002800  0000015c  000026a4  RWIX
  FLASH                 00004000   0000bfe0  00000bf6  0000b3ea  RWIX
  INT00                 0000ffe0   00000002  00000002  00000000  RWIX
  INT01                 0000ffe2   00000002  00000002  00000000  RWIX
  INT02                 0000ffe4   00000002  00000002  00000000  RWIX
  INT03                 0000ffe6   00000002  00000002  00000000  RWIX
  INT04                 0000ffe8   00000002  00000002  00000000  RWIX
  INT05                 0000ffea   00000002  00000002  00000000  RWIX
  INT06                 0000ffec   00000002  00000002  00000000  RWIX
  INT07                 0000ffee   00000002  00000002  00000000  RWIX
  INT08                 0000fff0   00000002  00000002  00000000  RWIX
  INT09                 0000fff2   00000002  00000002  00000000  RWIX
  INT10                 0000fff4   00000002  00000002  00000000  RWIX
  INT11                 0000fff6   00000002  00000002  00000000  RWIX
  INT12                 0000fff8   00000002  00000002  00000000  RWIX
  INT13                 0000fffa   00000002  00000002  00000000  RWIX
  INT14                 0000fffc   00000002  00000002  00000000  RWIX
  RESET                 0000fffe   00000002  00000002  00000000  RWIX


SECTION ALLOCATION MAP

 output                                  attributes/
section   page    origin      length       input sections
--------  ----  ----------  ----------   ----------------
.bss       0    00001100    00000108     UNINITIALIZED
                  00001100    00000074     sensor.obj (.bss:pRxBuffer)
                  00001174    00000074     sensor.obj (.bss:pTxBuffer)
                  000011e8    0000000c     sensor.obj (.bss:rfRxInfo)
                  000011f4    0000000a     sensor.obj (.bss:rfTxInfo)
                  000011fe    0000000a     (.common:rfSettings)

.data      0    00001208    00000004     UNINITIALIZED
                  00001208    00000004     sensor.obj (.data)

.stack     0    000038b0    00000050     UNINITIALIZED
                  000038b0    00000002     rts430_eabi.lib : boot.obj (.stack)
                  000038b2    0000004e     --HOLE--

.text      0    00004000    00000bdc     
                  00004000    00000332     sensor.obj (.text:fifo_rx)
                  00004332    00000222     sensor.obj (.text:basicRfSendPacket)
                  00004554    0000019c     sensor.obj (.text:basicRfInit)
                  000046f0    000000fe     sensor.obj (.text:main)
                  000047ee    00000084     rts430_eabi.lib : autoinit_wdt.obj (.text:_auto_init_hold_wdt)
                  00004872    0000007c                     : copy_decompress_lzss.obj (.text:decompress:lzss:__TI_decompress_lzss)
                  000048ee    0000005a                     : cpy_tbl.obj (.text:copy_in)
                  00004948    00000058                     : div32u.obj (.text)
                  000049a0    0000004c                     : lsr16.obj (.text)
                  000049ec    00000046     hal_rf_set_channel.obj (.text:halRfSetChannel)
                  00004a32    00000040     sensor.obj (.text:P2_ISR)
                  00004a72    00000038     sensor.obj (.text:basicRfReceiveOn)
                  00004aaa    00000034     hal_spi.obj (.text:halSpiInit)
                  00004ade    0000002c     rts430_eabi.lib : lsl16.obj (.text)
                  00004b0a    00000024     hal_rf_wait_for_crystal_oscillator.obj (.text:halRfWaitForCrystalOscillator)
                  00004b2e    0000001c     sensor.obj (.text:InitP2_7)
                  00004b4a    0000001a     rts430_eabi.lib : boot_special.obj (.text:_c_int00_noargs_noexit)
                  00004b64    00000014                     : copy_zero_init.obj (.text:decompress:ZI:__TI_zero_init)
                  00004b78    00000014                     : mult16_hw.obj (.text)
                  00004b8c    00000012                     : copy_decompress_none.obj (.text:decompress:none:__TI_decompress_none)
                  00004b9e    00000012                     : memcpy.obj (.text:memcpy)
                  00004bb0    00000010                     : epilog.obj (.text)
                  00004bc0    00000008                     : isr_trap.obj (.text:_isr:__TI_ISR_TRAP)
                  00004bc8    00000008     hal_wait.obj (.text:halWait)
                  00004bd0    00000006     rts430_eabi.lib : exit.obj (.text:abort)
                  00004bd6    00000004                     : pre_init.obj (.text:_system_pre_init)
                  00004bda    00000002                     : startup.obj (.text:_system_post_cinit)

.cinit     0    00004bdc    0000001a     
                  00004bdc    00000008     (.cinit..data.load) [load image]
                  00004be4    00000006     (__TI_handler_table)
                  00004bea    00000004     (.cinit..bss.load) [load image, compression = zero_init]
                  00004bee    00000008     (__TI_cinit_table)

.binit     0    00004000    00000000     

.init_array 
*          0    00004000    00000000     UNINITIALIZED

DACDMA     0    0000ffe0    00000002     
                  0000ffe0    00000002     rts430_eabi.lib : int00.obj (.int00)

PORT2      0    0000ffe2    00000002     
                  0000ffe2    00000002     sensor.obj (.int01)

USART1TX   0    0000ffe4    00000002     
                  0000ffe4    00000002     rts430_eabi.lib : int02.obj (.int02)

USART1RX   0    0000ffe6    00000002     
                  0000ffe6    00000002     rts430_eabi.lib : int03.obj (.int03)

PORT1      0    0000ffe8    00000002     
                  0000ffe8    00000002     sensor.obj (.int04)

TIMERA1    0    0000ffea    00000002     
                  0000ffea    00000002     rts430_eabi.lib : int05.obj (.int05)

TIMERA0    0    0000ffec    00000002     
                  0000ffec    00000002     rts430_eabi.lib : int06.obj (.int06)

ADC12      0    0000ffee    00000002     
                  0000ffee    00000002     rts430_eabi.lib : int07.obj (.int07)

USART0TX   0    0000fff0    00000002     
                  0000fff0    00000002     rts430_eabi.lib : int08.obj (.int08)

USART0RX   0    0000fff2    00000002     
                  0000fff2    00000002     rts430_eabi.lib : int09.obj (.int09)

WDT        0    0000fff4    00000002     
                  0000fff4    00000002     rts430_eabi.lib : int10.obj (.int10)

COMPARATORA 
*          0    0000fff6    00000002     
                  0000fff6    00000002     rts430_eabi.lib : int11.obj (.int11)

TIMERB1    0    0000fff8    00000002     
                  0000fff8    00000002     rts430_eabi.lib : int12.obj (.int12)

TIMERB0    0    0000fffa    00000002     
                  0000fffa    00000002     rts430_eabi.lib : int13.obj (.int13)

NMI        0    0000fffc    00000002     
                  0000fffc    00000002     rts430_eabi.lib : int14.obj (.int14)

.reset     0    0000fffe    00000002     
                  0000fffe    00000002     rts430_eabi.lib : boot.obj (.reset)

MODULE SUMMARY

       Module                                   code   ro data   rw data
       ------                                   ----   -------   -------
    .\
       sensor.obj                               2178   4         268    
       hal_rf_set_channel.obj                   70     0         0      
       hal_spi.obj                              52     0         0      
       hal_rf_wait_for_crystal_oscillator.obj   36     0         0      
       hal_wait.obj                             8      0         0      
    +--+----------------------------------------+------+---------+---------+
       Total:                                   2344   4         268    
                                                                        
    C:\ti\ccsv7\tools\compiler\ti-cgt-msp430_16.9.3.LTS\lib\rts430_eabi.lib
       autoinit_wdt.obj                         132    0         0      
       copy_decompress_lzss.obj                 124    0         0      
       cpy_tbl.obj                              90     0         0      
       div32u.obj                               88     0         0      
       lsr16.obj                                76     0         0      
       lsl16.obj                                44     0         0      
       boot_special.obj                         26     0         0      
       copy_zero_init.obj                       20     0         0      
       mult16_hw.obj                            20     0         0      
       copy_decompress_none.obj                 18     0         0      
       memcpy.obj                               18     0         0      
       epilog.obj                               16     0         0      
       isr_trap.obj                             8      0         0      
       exit.obj                                 6      0         0      
       pre_init.obj                             4      0         0      
       boot.obj                                 0      2         0      
       int00.obj                                0      2         0      
       int02.obj                                0      2         0      
       int03.obj                                0      2         0      
       int05.obj                                0      2         0      
       int06.obj                                0      2         0      
       int07.obj                                0      2         0      
       int08.obj                                0      2         0      
       int09.obj                                0      2         0      
       int10.obj                                0      2         0      
       int11.obj                                0      2         0      
       int12.obj                                0      2         0      
       int13.obj                                0      2         0      
       int14.obj                                0      2         0      
       startup.obj                              2      0         0      
    +--+----------------------------------------+------+---------+---------+
       Total:                                   692    28        0      
                                                                        
       Stack:                                   0      0         80     
       Linker Generated:                        0      26        0      
    +--+----------------------------------------+------+---------+---------+
       Grand Total:                             3036   58        348    


LINKER GENERATED COPY TABLES

__TI_cinit_table @ 00004bee records: 2, size/record: 4, table size: 8
	.data: load addr=00004bdc, load size=00000008 bytes, run addr=00001208, run size=00000004 bytes, compression=copy
	.bss: load addr=00004bea, load size=00000004 bytes, run addr=00001100, run size=00000108 bytes, compression=zero_init


LINKER GENERATED HANDLER TABLE

__TI_handler_table @ 00004be4 records: 3, size/record: 2, table size: 6
	index: 0, handler: __TI_zero_init
	index: 1, handler: __TI_decompress_lzss
	index: 2, handler: __TI_decompress_none


GLOBAL SYMBOLS: SORTED ALPHABETICALLY BY Name 

address   name                         
-------   ----                         
000001a0  ADC12CTL0                    
000001a2  ADC12CTL1                    
000001a6  ADC12IE                      
000001a4  ADC12IFG                     
000001a8  ADC12IV                      
00000080  ADC12MCTL0                   
00000081  ADC12MCTL1                   
0000008a  ADC12MCTL10                  
0000008b  ADC12MCTL11                  
0000008c  ADC12MCTL12                  
0000008d  ADC12MCTL13                  
0000008e  ADC12MCTL14                  
0000008f  ADC12MCTL15                  
00000082  ADC12MCTL2                   
00000083  ADC12MCTL3                   
00000084  ADC12MCTL4                   
00000085  ADC12MCTL5                   
00000086  ADC12MCTL6                   
00000087  ADC12MCTL7                   
00000088  ADC12MCTL8                   
00000089  ADC12MCTL9                   
00000140  ADC12MEM0                    
00000142  ADC12MEM1                    
00000154  ADC12MEM10                   
00000156  ADC12MEM11                   
00000158  ADC12MEM12                   
0000015a  ADC12MEM13                   
0000015c  ADC12MEM14                   
0000015e  ADC12MEM15                   
00000144  ADC12MEM2                    
00000146  ADC12MEM3                    
00000148  ADC12MEM4                    
0000014a  ADC12MEM5                    
0000014c  ADC12MEM6                    
0000014e  ADC12MEM7                    
00000150  ADC12MEM8                    
00000152  ADC12MEM9                    
00000057  BCSCTL1                      
00000058  BCSCTL2                      
00004bd0  C$$EXIT                      
00000059  CACTL1                       
0000005a  CACTL2                       
0000005b  CAPD                         
000001c0  DAC12_0CTL                   
000001c8  DAC12_0DAT                   
000001c2  DAC12_1CTL                   
000001ca  DAC12_1DAT                   
00000056  DCOCTL                       
000001e0  DMA0CTL                      
000001e4  DMA0DA                       
000001e2  DMA0SA                       
000001e6  DMA0SZ                       
000001e8  DMA1CTL                      
000001ec  DMA1DA                       
000001ea  DMA1SA                       
000001ee  DMA1SZ                       
000001f0  DMA2CTL                      
000001f4  DMA2DA                       
000001f2  DMA2SA                       
000001f6  DMA2SZ                       
00000122  DMACTL0                      
00000124  DMACTL1                      
00000128  FCTL1                        
0000012a  FCTL2                        
0000012c  FCTL3                        
00000072  I2CDCTL                      
00000076  I2CDRB                       
00000076  I2CDRW                       
00000050  I2CIE                        
00000051  I2CIFG                       
0000011c  I2CIV                        
00000052  I2CNDAT                      
00000118  I2COA                        
00000073  I2CPSC                       
0000011a  I2CSA                        
00000074  I2CSCLH                      
00000075  I2CSCLL                      
00000071  I2CTCTL                      
00000000  IE1                          
00000001  IE2                          
00000002  IFG1                         
00000003  IFG2                         
00004b2e  InitP2_7                     
00000134  MAC                          
00000136  MACS                         
00000004  ME1                          
00000005  ME2                          
00000130  MPY                          
00000132  MPYS                         
00000138  OP2                          
00000022  P1DIR                        
00000025  P1IE                         
00000024  P1IES                        
00000023  P1IFG                        
00000020  P1IN                         
00000021  P1OUT                        
00000026  P1SEL                        
0000002a  P2DIR                        
0000002d  P2IE                         
0000002c  P2IES                        
0000002b  P2IFG                        
00000028  P2IN                         
00000029  P2OUT                        
0000002e  P2SEL                        
00004a32  P2_ISR                       
0000001a  P3DIR                        
00000018  P3IN                         
00000019  P3OUT                        
0000001b  P3SEL                        
0000001e  P4DIR                        
0000001c  P4IN                         
0000001d  P4OUT                        
0000001f  P4SEL                        
00000032  P5DIR                        
00000030  P5IN                         
00000031  P5OUT                        
00000033  P5SEL                        
00000036  P6DIR                        
00000034  P6IN                         
00000035  P6OUT                        
00000037  P6SEL                        
0000013c  RESHI                        
0000013a  RESLO                        
0000013e  SUMEXT                       
00000055  SVSCTL                       
00000172  TACCR0                       
00000174  TACCR1                       
00000176  TACCR2                       
00000162  TACCTL0                      
00000164  TACCTL1                      
00000166  TACCTL2                      
00000160  TACTL                        
0000012e  TAIV                         
00000170  TAR                          
00000192  TBCCR0                       
00000194  TBCCR1                       
00000196  TBCCR2                       
00000198  TBCCR3                       
0000019a  TBCCR4                       
0000019c  TBCCR5                       
0000019e  TBCCR6                       
00000182  TBCCTL0                      
00000184  TBCCTL1                      
00000186  TBCCTL2                      
00000188  TBCCTL3                      
0000018a  TBCCTL4                      
0000018c  TBCCTL5                      
0000018e  TBCCTL6                      
00000180  TBCTL                        
0000011e  TBIV                         
00000190  TBR                          
00000074  U0BR0                        
00000075  U0BR1                        
00000070  U0CTL                        
00000073  U0MCTL                       
00000072  U0RCTL                       
00000076  U0RXBUF                      
00000071  U0TCTL                       
00000077  U0TXBUF                      
0000007c  U1BR0                        
0000007d  U1BR1                        
00000078  U1CTL                        
0000007b  U1MCTL                       
0000007a  U1RCTL                       
0000007e  U1RXBUF                      
00000079  U1TCTL                       
0000007f  U1TXBUF                      
00000120  WDTCTL                       
00003900  __STACK_END                  
00000050  __STACK_SIZE                 
UNDEFED   __TI_BINIT_Base              
UNDEFED   __TI_BINIT_Limit             
00004bee  __TI_CINIT_Base              
00004bf6  __TI_CINIT_Limit             
00004be4  __TI_Handler_Table_Base      
00004bea  __TI_Handler_Table_Limit     
UNDEFED   __TI_INITARRAY_Base          
UNDEFED   __TI_INITARRAY_Limit         
00004bc0  __TI_ISR_TRAP                
00004872  __TI_decompress_lzss         
00004b8c  __TI_decompress_none         
0000ffe0  __TI_int00                   
0000ffe2  __TI_int01                   
0000ffe4  __TI_int02                   
0000ffe6  __TI_int03                   
0000ffe8  __TI_int04                   
0000ffea  __TI_int05                   
0000ffec  __TI_int06                   
0000ffee  __TI_int07                   
0000fff0  __TI_int08                   
0000fff2  __TI_int09                   
0000fff4  __TI_int10                   
0000fff6  __TI_int11                   
0000fff8  __TI_int12                   
0000fffa  __TI_int13                   
0000fffc  __TI_int14                   
ffffffff  __TI_pprof_out_hndl          
ffffffff  __TI_prof_data_size          
ffffffff  __TI_prof_data_start         
00004b64  __TI_zero_init               
ffffffff  __c_args__                   
00004948  __mspabi_divul               
00004bbc  __mspabi_func_epilog_1       
00004bba  __mspabi_func_epilog_2       
00004bb8  __mspabi_func_epilog_3       
00004bb6  __mspabi_func_epilog_4       
00004bb4  __mspabi_func_epilog_5       
00004bb2  __mspabi_func_epilog_6       
00004bb0  __mspabi_func_epilog_7       
00004b78  __mspabi_mpyi_hw             
00004948  __mspabi_remul               
00004ade  __mspabi_slli                
00004b06  __mspabi_slli_1              
00004af4  __mspabi_slli_10             
00004af2  __mspabi_slli_11             
00004af0  __mspabi_slli_12             
00004aee  __mspabi_slli_13             
00004aec  __mspabi_slli_14             
00004aea  __mspabi_slli_15             
00004b04  __mspabi_slli_2              
00004b02  __mspabi_slli_3              
00004b00  __mspabi_slli_4              
00004afe  __mspabi_slli_5              
00004afc  __mspabi_slli_6              
00004afa  __mspabi_slli_7              
00004af8  __mspabi_slli_8              
00004af6  __mspabi_slli_9              
000049a0  __mspabi_srli                
000049e6  __mspabi_srli_1              
000049c2  __mspabi_srli_10             
000049be  __mspabi_srli_11             
000049ba  __mspabi_srli_12             
000049b6  __mspabi_srli_13             
000049b2  __mspabi_srli_14             
000049ae  __mspabi_srli_15             
000049e2  __mspabi_srli_2              
000049de  __mspabi_srli_3              
000049da  __mspabi_srli_4              
000049d6  __mspabi_srli_5              
000049d2  __mspabi_srli_6              
000049ce  __mspabi_srli_7              
000049ca  __mspabi_srli_8              
000049c6  __mspabi_srli_9              
000047ee  _auto_init_hold_wdt          
00004b4a  _c_int00_noargs_noexit       
0000fffe  _reset_vector                
000038b0  _stack                       
00004bda  _system_post_cinit           
00004bd6  _system_pre_init             
00004bd0  abort                        
00004554  basicRfInit                  
00004a72  basicRfReceiveOn             
00004332  basicRfSendPacket            
00001208  bucleInicial                 
000048ee  copy_in                      
00004000  fifo_rx                      
000049ec  halRfSetChannel              
00004b0a  halRfWaitForCrystalOscillator
00004aaa  halSpiInit                   
00004bc8  halWait                      
000046f0  main                         
00004b9e  memcpy                       
000011fe  rfSettings                   


GLOBAL SYMBOLS: SORTED BY Symbol Address 

address   name                         
-------   ----                         
00000000  IE1                          
00000001  IE2                          
00000002  IFG1                         
00000003  IFG2                         
00000004  ME1                          
00000005  ME2                          
00000018  P3IN                         
00000019  P3OUT                        
0000001a  P3DIR                        
0000001b  P3SEL                        
0000001c  P4IN                         
0000001d  P4OUT                        
0000001e  P4DIR                        
0000001f  P4SEL                        
00000020  P1IN                         
00000021  P1OUT                        
00000022  P1DIR                        
00000023  P1IFG                        
00000024  P1IES                        
00000025  P1IE                         
00000026  P1SEL                        
00000028  P2IN                         
00000029  P2OUT                        
0000002a  P2DIR                        
0000002b  P2IFG                        
0000002c  P2IES                        
0000002d  P2IE                         
0000002e  P2SEL                        
00000030  P5IN                         
00000031  P5OUT                        
00000032  P5DIR                        
00000033  P5SEL                        
00000034  P6IN                         
00000035  P6OUT                        
00000036  P6DIR                        
00000037  P6SEL                        
00000050  I2CIE                        
00000050  __STACK_SIZE                 
00000051  I2CIFG                       
00000052  I2CNDAT                      
00000055  SVSCTL                       
00000056  DCOCTL                       
00000057  BCSCTL1                      
00000058  BCSCTL2                      
00000059  CACTL1                       
0000005a  CACTL2                       
0000005b  CAPD                         
00000070  U0CTL                        
00000071  I2CTCTL                      
00000071  U0TCTL                       
00000072  I2CDCTL                      
00000072  U0RCTL                       
00000073  I2CPSC                       
00000073  U0MCTL                       
00000074  I2CSCLH                      
00000074  U0BR0                        
00000075  I2CSCLL                      
00000075  U0BR1                        
00000076  I2CDRB                       
00000076  I2CDRW                       
00000076  U0RXBUF                      
00000077  U0TXBUF                      
00000078  U1CTL                        
00000079  U1TCTL                       
0000007a  U1RCTL                       
0000007b  U1MCTL                       
0000007c  U1BR0                        
0000007d  U1BR1                        
0000007e  U1RXBUF                      
0000007f  U1TXBUF                      
00000080  ADC12MCTL0                   
00000081  ADC12MCTL1                   
00000082  ADC12MCTL2                   
00000083  ADC12MCTL3                   
00000084  ADC12MCTL4                   
00000085  ADC12MCTL5                   
00000086  ADC12MCTL6                   
00000087  ADC12MCTL7                   
00000088  ADC12MCTL8                   
00000089  ADC12MCTL9                   
0000008a  ADC12MCTL10                  
0000008b  ADC12MCTL11                  
0000008c  ADC12MCTL12                  
0000008d  ADC12MCTL13                  
0000008e  ADC12MCTL14                  
0000008f  ADC12MCTL15                  
00000118  I2COA                        
0000011a  I2CSA                        
0000011c  I2CIV                        
0000011e  TBIV                         
00000120  WDTCTL                       
00000122  DMACTL0                      
00000124  DMACTL1                      
00000128  FCTL1                        
0000012a  FCTL2                        
0000012c  FCTL3                        
0000012e  TAIV                         
00000130  MPY                          
00000132  MPYS                         
00000134  MAC                          
00000136  MACS                         
00000138  OP2                          
0000013a  RESLO                        
0000013c  RESHI                        
0000013e  SUMEXT                       
00000140  ADC12MEM0                    
00000142  ADC12MEM1                    
00000144  ADC12MEM2                    
00000146  ADC12MEM3                    
00000148  ADC12MEM4                    
0000014a  ADC12MEM5                    
0000014c  ADC12MEM6                    
0000014e  ADC12MEM7                    
00000150  ADC12MEM8                    
00000152  ADC12MEM9                    
00000154  ADC12MEM10                   
00000156  ADC12MEM11                   
00000158  ADC12MEM12                   
0000015a  ADC12MEM13                   
0000015c  ADC12MEM14                   
0000015e  ADC12MEM15                   
00000160  TACTL                        
00000162  TACCTL0                      
00000164  TACCTL1                      
00000166  TACCTL2                      
00000170  TAR                          
00000172  TACCR0                       
00000174  TACCR1                       
00000176  TACCR2                       
00000180  TBCTL                        
00000182  TBCCTL0                      
00000184  TBCCTL1                      
00000186  TBCCTL2                      
00000188  TBCCTL3                      
0000018a  TBCCTL4                      
0000018c  TBCCTL5                      
0000018e  TBCCTL6                      
00000190  TBR                          
00000192  TBCCR0                       
00000194  TBCCR1                       
00000196  TBCCR2                       
00000198  TBCCR3                       
0000019a  TBCCR4                       
0000019c  TBCCR5                       
0000019e  TBCCR6                       
000001a0  ADC12CTL0                    
000001a2  ADC12CTL1                    
000001a4  ADC12IFG                     
000001a6  ADC12IE                      
000001a8  ADC12IV                      
000001c0  DAC12_0CTL                   
000001c2  DAC12_1CTL                   
000001c8  DAC12_0DAT                   
000001ca  DAC12_1DAT                   
000001e0  DMA0CTL                      
000001e2  DMA0SA                       
000001e4  DMA0DA                       
000001e6  DMA0SZ                       
000001e8  DMA1CTL                      
000001ea  DMA1SA                       
000001ec  DMA1DA                       
000001ee  DMA1SZ                       
000001f0  DMA2CTL                      
000001f2  DMA2SA                       
000001f4  DMA2DA                       
000001f6  DMA2SZ                       
000011fe  rfSettings                   
00001208  bucleInicial                 
000038b0  _stack                       
00003900  __STACK_END                  
00004000  fifo_rx                      
00004332  basicRfSendPacket            
00004554  basicRfInit                  
000046f0  main                         
000047ee  _auto_init_hold_wdt          
00004872  __TI_decompress_lzss         
000048ee  copy_in                      
00004948  __mspabi_divul               
00004948  __mspabi_remul               
000049a0  __mspabi_srli                
000049ae  __mspabi_srli_15             
000049b2  __mspabi_srli_14             
000049b6  __mspabi_srli_13             
000049ba  __mspabi_srli_12             
000049be  __mspabi_srli_11             
000049c2  __mspabi_srli_10             
000049c6  __mspabi_srli_9              
000049ca  __mspabi_srli_8              
000049ce  __mspabi_srli_7              
000049d2  __mspabi_srli_6              
000049d6  __mspabi_srli_5              
000049da  __mspabi_srli_4              
000049de  __mspabi_srli_3              
000049e2  __mspabi_srli_2              
000049e6  __mspabi_srli_1              
000049ec  halRfSetChannel              
00004a32  P2_ISR                       
00004a72  basicRfReceiveOn             
00004aaa  halSpiInit                   
00004ade  __mspabi_slli                
00004aea  __mspabi_slli_15             
00004aec  __mspabi_slli_14             
00004aee  __mspabi_slli_13             
00004af0  __mspabi_slli_12             
00004af2  __mspabi_slli_11             
00004af4  __mspabi_slli_10             
00004af6  __mspabi_slli_9              
00004af8  __mspabi_slli_8              
00004afa  __mspabi_slli_7              
00004afc  __mspabi_slli_6              
00004afe  __mspabi_slli_5              
00004b00  __mspabi_slli_4              
00004b02  __mspabi_slli_3              
00004b04  __mspabi_slli_2              
00004b06  __mspabi_slli_1              
00004b0a  halRfWaitForCrystalOscillator
00004b2e  InitP2_7                     
00004b4a  _c_int00_noargs_noexit       
00004b64  __TI_zero_init               
00004b78  __mspabi_mpyi_hw             
00004b8c  __TI_decompress_none         
00004b9e  memcpy                       
00004bb0  __mspabi_func_epilog_7       
00004bb2  __mspabi_func_epilog_6       
00004bb4  __mspabi_func_epilog_5       
00004bb6  __mspabi_func_epilog_4       
00004bb8  __mspabi_func_epilog_3       
00004bba  __mspabi_func_epilog_2       
00004bbc  __mspabi_func_epilog_1       
00004bc0  __TI_ISR_TRAP                
00004bc8  halWait                      
00004bd0  C$$EXIT                      
00004bd0  abort                        
00004bd6  _system_pre_init             
00004bda  _system_post_cinit           
00004be4  __TI_Handler_Table_Base      
00004bea  __TI_Handler_Table_Limit     
00004bee  __TI_CINIT_Base              
00004bf6  __TI_CINIT_Limit             
0000ffe0  __TI_int00                   
0000ffe2  __TI_int01                   
0000ffe4  __TI_int02                   
0000ffe6  __TI_int03                   
0000ffe8  __TI_int04                   
0000ffea  __TI_int05                   
0000ffec  __TI_int06                   
0000ffee  __TI_int07                   
0000fff0  __TI_int08                   
0000fff2  __TI_int09                   
0000fff4  __TI_int10                   
0000fff6  __TI_int11                   
0000fff8  __TI_int12                   
0000fffa  __TI_int13                   
0000fffc  __TI_int14                   
0000fffe  _reset_vector                
ffffffff  __TI_pprof_out_hndl          
ffffffff  __TI_prof_data_size          
ffffffff  __TI_prof_data_start         
ffffffff  __c_args__                   
UNDEFED   __TI_BINIT_Base              
UNDEFED   __TI_BINIT_Limit             
UNDEFED   __TI_INITARRAY_Base          
UNDEFED   __TI_INITARRAY_Limit         

[263 symbols]
